
     Program NEB v.7.3.1 starts on 11Sep2026 at  2:10:13 

     This program is part of the open-source Quantum ESPRESSO suite
     for quantum simulation of materials; please cite
         "P. Giannozzi et al., J. Phys.:Condens. Matter 21 395502 (2009);
         "P. Giannozzi et al., J. Phys.:Condens. Matter 29 465901 (2017);
         "P. Giannozzi et al., J. Chem. Phys. 152 154105 (2020);
          URL http://www.quantum-espresso.org", 
     in publications or presentations arising from this work. More details at
     http://www.quantum-espresso.org/quote

     Parallel version (MPI), running on     2 processors

     MPI processes distributed on     1 nodes
     131298 MiB available memory on the printing compute node when the environment starts
 

     Parsing file: neb.in
     Reading input from pw_1.in
     Reading input from pw_2.in
     Reading input from pw_3.in
     Reading input from pw_4.in
     Reading input from pw_5.in

     initial path length           =  5.8928 bohr
     initial inter-image distance  =  1.4732 bohr
 
     string_method                 =    neb
     restart_mode                  =    from_scratch
     opt_scheme                    =    broyden
     num_of_images                 =    5
     nstep_path                    =    1000
     CI_scheme                     =    auto
     first_last_opt                =    F
     use_freezing                  =    F
     ds                            =    0.2000 a.u.
     k_max                         =    0.3000 a.u.
     k_min                         =    0.1000 a.u.
     suggested k_max               =   15.4213 a.u.
     suggested k_min               =    5.1404 a.u.
     path_thr                      =    0.0300 eV / A

     ------------------------------ iteration   1 ------------------------------

     tcpu =      0.5    self-consistency for image   1
     Message from routine setup:
     using ibrav=0 with symmetry is DISCOURAGED, use correct ibrav instead
     tcpu =    739.4    self-consistency for image   2
     Message from routine setup:
     using ibrav=0 with symmetry is DISCOURAGED, use correct ibrav instead
     tcpu =   1546.3    self-consistency for image   3
     Message from routine setup:
     using ibrav=0 with symmetry is DISCOURAGED, use correct ibrav instead
     tcpu =   2291.6    self-consistency for image   4
     Message from routine setup:
     using ibrav=0 with symmetry is DISCOURAGED, use correct ibrav instead
     tcpu =   3015.8    self-consistency for image   5
     Message from routine setup:
     using ibrav=0 with symmetry is DISCOURAGED, use correct ibrav instead

     activation energy (->) =   1.033662 eV
     activation energy (<-) =   0.213262 eV

     image        energy (eV)        error (eV/A)        frozen

         1    -133597.1500230            0.312794            T
         2    -133596.8217288            2.371225            F
         3    -133596.1163614            0.574924            F
         4    -133596.3666918            0.368255            F
         5    -133596.3296231            0.437806            T

     climbing image =  3

     path length          =  5.893 bohr
     inter-image distance =  1.473 bohr

     ------------------------------ iteration   2 ------------------------------

     tcpu =   3698.4    self-consistency for image   2
     Message from routine setup:
     using ibrav=0 with symmetry is DISCOURAGED, use correct ibrav instead
     tcpu =   4005.0    self-consistency for image   3
     Message from routine setup:
     using ibrav=0 with symmetry is DISCOURAGED, use correct ibrav instead
     tcpu =   4331.3    self-consistency for image   4
     Message from routine setup:
     using ibrav=0 with symmetry is DISCOURAGED, use correct ibrav instead

     activation energy (->) =   1.032371 eV
     activation energy (<-) =   0.211971 eV

     image        energy (eV)        error (eV/A)        frozen

         1    -133597.1500230            0.312794            T
         2    -133596.8216426            2.356790            F
         3    -133596.1176516            0.572851            F
         4    -133596.3680655            0.368444            F
         5    -133596.3296231            0.437806            T

     climbing image =  3

     path length          =  5.894 bohr
     inter-image distance =  1.473 bohr

     ------------------------------ iteration   3 ------------------------------

     tcpu =   4645.4    self-consistency for image   2
     Message from routine setup:
     using ibrav=0 with symmetry is DISCOURAGED, use correct ibrav instead
     tcpu =   5435.6    self-consistency for image   3
     Message from routine setup:
     using ibrav=0 with symmetry is DISCOURAGED, use correct ibrav instead
     tcpu =   6307.5    self-consistency for image   4
     Message from routine setup:
     using ibrav=0 with symmetry is DISCOURAGED, use correct ibrav instead

     activation energy (->) =   0.837467 eV
     activation energy (<-) =   0.017067 eV

     image        energy (eV)        error (eV/A)        frozen

         1    -133597.1500230            0.312794            T
         2    -133596.7396286            0.536152            F
         3    -133596.3125561            0.442927            F
         4    -133596.5769848            1.449612            F
         5    -133596.3296231            0.437806            T

     climbing image =  3

     path length          =  6.058 bohr
     inter-image distance =  1.515 bohr

     ------------------------------ iteration   4 ------------------------------

     tcpu =   7092.5    self-consistency for image   2
     Message from routine setup:
     using ibrav=0 with symmetry is DISCOURAGED, use correct ibrav instead
     tcpu =   7912.8    self-consistency for image   3
     Message from routine setup:
     using ibrav=0 with symmetry is DISCOURAGED, use correct ibrav instead
     tcpu =   8691.5    self-consistency for image   4
     Message from routine setup:
     using ibrav=0 with symmetry is DISCOURAGED, use correct ibrav instead

     activation energy (->) =   0.820400 eV
     activation energy (<-) =  -0.000000 eV

     image        energy (eV)        error (eV/A)        frozen

         1    -133597.1500230            0.312794            T
         2    -133596.6762193            1.898022            F
         3    -133596.3820588            2.280708            F
         4    -133596.6536521            1.757692            F
         5    -133596.3296231            1.512456            T

     climbing image =  5

     path length          =  6.143 bohr
     inter-image distance =  1.536 bohr

     ------------------------------ iteration   5 ------------------------------

     tcpu =   9292.4    self-consistency for image   2
     Message from routine setup:
     using ibrav=0 with symmetry is DISCOURAGED, use correct ibrav instead
     tcpu =   9704.0    self-consistency for image   3
     Message from routine setup:
     using ibrav=0 with symmetry is DISCOURAGED, use correct ibrav instead
     tcpu =  10128.9    self-consistency for image   4
     Message from routine setup:
     using ibrav=0 with symmetry is DISCOURAGED, use correct ibrav instead

     activation energy (->) =   0.820400 eV
     activation energy (<-) =  -0.000000 eV

     image        energy (eV)        error (eV/A)        frozen

         1    -133597.1500230            0.312794            T
         2    -133596.6812468            1.803642            F
         3    -133596.3802792            2.266497            F
         4    -133596.6520833            1.742575            F
         5    -133596.3296231            1.504680            T

     climbing image =  5

     path length          =  6.140 bohr
     inter-image distance =  1.535 bohr

     ------------------------------ iteration   6 ------------------------------

     tcpu =  10486.2    self-consistency for image   2
     Message from routine setup:
     using ibrav=0 with symmetry is DISCOURAGED, use correct ibrav instead
     tcpu =  10840.2    self-consistency for image   3
     Message from routine setup:
     using ibrav=0 with symmetry is DISCOURAGED, use correct ibrav instead
     tcpu =  11194.3    self-consistency for image   4
     Message from routine setup:
     using ibrav=0 with symmetry is DISCOURAGED, use correct ibrav instead

     activation energy (->) =   0.820400 eV
     activation energy (<-) =  -0.000000 eV

     image        energy (eV)        error (eV/A)        frozen

         1    -133597.1500230            0.312794            T
         2    -133596.6812523            1.812779            F
         3    -133596.3821802            2.251572            F
         4    -133596.6544372            1.705765            F
         5    -133596.3296231            1.508062            T

     climbing image =  5

     path length          =  6.143 bohr
     inter-image distance =  1.536 bohr

     ------------------------------ iteration   7 ------------------------------

     tcpu =  11483.2    self-consistency for image   2
     Message from routine setup:
     using ibrav=0 with symmetry is DISCOURAGED, use correct ibrav instead
     tcpu =  11833.0    self-consistency for image   3
     Message from routine setup:
     using ibrav=0 with symmetry is DISCOURAGED, use correct ibrav instead
     tcpu =  12191.6    self-consistency for image   4
     Message from routine setup:
     using ibrav=0 with symmetry is DISCOURAGED, use correct ibrav instead

     activation energy (->) =   0.820400 eV
     activation energy (<-) =  -0.000000 eV

     image        energy (eV)        error (eV/A)        frozen

         1    -133597.1500230            0.312794            T
         2    -133596.6854331            1.752011            F
         3    -133596.3842095            2.213383            F
         4    -133596.6573851            1.740043            F
         5    -133596.3296231            1.507258            T

     climbing image =  5

     path length          =  6.146 bohr
     inter-image distance =  1.536 bohr

     ------------------------------ iteration   8 ------------------------------

     tcpu =  12589.6    self-consistency for image   2
     Message from routine setup:
     using ibrav=0 with symmetry is DISCOURAGED, use correct ibrav instead
     tcpu =  12938.6    self-consistency for image   3
     Message from routine setup:
     using ibrav=0 with symmetry is DISCOURAGED, use correct ibrav instead
     tcpu =  13315.7    self-consistency for image   4
     Message from routine setup:
     using ibrav=0 with symmetry is DISCOURAGED, use correct ibrav instead

     activation energy (->) =   0.820400 eV
     activation energy (<-) =  -0.000000 eV

     image        energy (eV)        error (eV/A)        frozen

         1    -133597.1500230            0.312794            T
         2    -133596.6895810            1.691955            F
         3    -133596.3862308            2.175493            F
         4    -133596.6603765            1.732374            F
         5    -133596.3296231            1.506663            T

     climbing image =  5

     path length          =  6.148 bohr
     inter-image distance =  1.537 bohr

     ------------------------------ iteration   9 ------------------------------

     tcpu =  13639.2    self-consistency for image   2
     Message from routine setup:
     using ibrav=0 with symmetry is DISCOURAGED, use correct ibrav instead
     tcpu =  14063.9    self-consistency for image   3
     Message from routine setup:
     using ibrav=0 with symmetry is DISCOURAGED, use correct ibrav instead
     tcpu =  14528.4    self-consistency for image   4
     Message from routine setup:
     using ibrav=0 with symmetry is DISCOURAGED, use correct ibrav instead

     activation energy (->) =   0.820400 eV
     activation energy (<-) =  -0.000000 eV

     image        energy (eV)        error (eV/A)        frozen

         1    -133597.1500230            0.312794            T
         2    -133596.6977251            1.574295            F
         3    -133596.3902883            2.101340            F
         4    -133596.6662677            1.719835            F
         5    -133596.3296231            1.505376            T

     climbing image =  5

     path length          =  6.154 bohr
     inter-image distance =  1.538 bohr

     ------------------------------ iteration  10 ------------------------------

     tcpu =  14959.4    self-consistency for image   2
     Message from routine setup:
     using ibrav=0 with symmetry is DISCOURAGED, use correct ibrav instead
     tcpu =  15429.6    self-consistency for image   3
     Message from routine setup:
     using ibrav=0 with symmetry is DISCOURAGED, use correct ibrav instead
     tcpu =  15868.9    self-consistency for image   4
     Message from routine setup:
     using ibrav=0 with symmetry is DISCOURAGED, use correct ibrav instead

     activation energy (->) =   0.820400 eV
     activation energy (<-) =  -0.000000 eV

     image        energy (eV)        error (eV/A)        frozen

         1    -133597.1500230            0.312794            T
         2    -133596.7171592            1.297097            F
         3    -133596.3999826            1.929568            F
         4    -133596.6800589            1.688787            F
         5    -133596.3296231            1.501445            T

     climbing image =  5

     path length          =  6.167 bohr
     inter-image distance =  1.542 bohr

     ------------------------------ iteration  11 ------------------------------

     tcpu =  16395.1    self-consistency for image   2
     Message from routine setup:
     using ibrav=0 with symmetry is DISCOURAGED, use correct ibrav instead
     tcpu =  16951.3    self-consistency for image   3
     Message from routine setup:
     using ibrav=0 with symmetry is DISCOURAGED, use correct ibrav instead
     tcpu =  17477.0    self-consistency for image   4
     Message from routine setup:
     using ibrav=0 with symmetry is DISCOURAGED, use correct ibrav instead

     activation energy (->) =   0.820400 eV
     activation energy (<-) =  -0.000000 eV

     image        energy (eV)        error (eV/A)        frozen

         1    -133597.1500230            0.312794            T
         2    -133596.7525259            0.806914            F
         3    -133596.4185705            1.621277            F
         4    -133596.7052202            1.634392            F
         5    -133596.3296231            1.492411            T

     climbing image =  5

     path length          =  6.192 bohr
     inter-image distance =  1.548 bohr

     ------------------------------ iteration  12 ------------------------------

     tcpu =  17983.4    self-consistency for image   2
     Message from routine setup:
     using ibrav=0 with symmetry is DISCOURAGED, use correct ibrav instead
     tcpu =  18505.9    self-consistency for image   3
     Message from routine setup:
     using ibrav=0 with symmetry is DISCOURAGED, use correct ibrav instead
     tcpu =  19095.9    self-consistency for image   4
     Message from routine setup:
     using ibrav=0 with symmetry is DISCOURAGED, use correct ibrav instead

     activation energy (->) =   0.820400 eV
     activation energy (<-) =  -0.000000 eV

     image        energy (eV)        error (eV/A)        frozen

         1    -133597.1500230            0.312794            T
         2    -133596.7956849            0.416061            F
         3    -133596.4430770            1.257698            F
         4    -133596.7360719            1.576222            F
         5    -133596.3296231            1.477810            T

     climbing image =  5

     path length          =  6.226 bohr
     inter-image distance =  1.556 bohr

     ------------------------------ iteration  13 ------------------------------

     tcpu =  19626.5    self-consistency for image   2
     Message from routine setup:
     using ibrav=0 with symmetry is DISCOURAGED, use correct ibrav instead

     WARNING :  scf convergence NOT achieved on image   2

     cleaning-up extrapolation files

 
     NEB          :      5h26m CPU      5h30m WALL

 
   This run was terminated on:   7:40:27  11Sep2026            

=------------------------------------------------------------------------------=
   JOB DONE.
=------------------------------------------------------------------------------=
