
     Program NEB v.7.3.1 starts on 11Sep2026 at  2:18:44 

     This program is part of the open-source Quantum ESPRESSO suite
     for quantum simulation of materials; please cite
         "P. Giannozzi et al., J. Phys.:Condens. Matter 21 395502 (2009);
         "P. Giannozzi et al., J. Phys.:Condens. Matter 29 465901 (2017);
         "P. Giannozzi et al., J. Chem. Phys. 152 154105 (2020);
          URL http://www.quantum-espresso.org", 
     in publications or presentations arising from this work. More details at
     http://www.quantum-espresso.org/quote

     Parallel version (MPI), running on     2 processors

     MPI processes distributed on     1 nodes
     127460 MiB available memory on the printing compute node when the environment starts
 

     Parsing file: neb.in
     Reading input from pw_1.in
     Reading input from pw_2.in
     Reading input from pw_3.in
     Reading input from pw_4.in
     Reading input from pw_5.in

     initial path length           =  6.4026 bohr
     initial inter-image distance  =  1.6006 bohr
 
     string_method                 =    neb
     restart_mode                  =    from_scratch
     opt_scheme                    =    broyden
     num_of_images                 =    5
     nstep_path                    =    1000
     CI_scheme                     =    auto
     first_last_opt                =    F
     use_freezing                  =    F
     ds                            =    0.2000 a.u.
     k_max                         =    0.3000 a.u.
     k_min                         =    0.1000 a.u.
     suggested k_max               =   15.4213 a.u.
     suggested k_min               =    5.1404 a.u.
     path_thr                      =    0.0300 eV / A

     ------------------------------ iteration   1 ------------------------------

     tcpu =      0.5    self-consistency for image   1
     Message from routine setup:
     using ibrav=0 with symmetry is DISCOURAGED, use correct ibrav instead
     tcpu =    638.3    self-consistency for image   2
     Message from routine setup:
     using ibrav=0 with symmetry is DISCOURAGED, use correct ibrav instead
     tcpu =   1424.7    self-consistency for image   3
     Message from routine setup:
     using ibrav=0 with symmetry is DISCOURAGED, use correct ibrav instead
     tcpu =   2024.3    self-consistency for image   4
     Message from routine setup:
     using ibrav=0 with symmetry is DISCOURAGED, use correct ibrav instead
     tcpu =   2651.2    self-consistency for image   5
     Message from routine setup:
     using ibrav=0 with symmetry is DISCOURAGED, use correct ibrav instead

     activation energy (->) =   0.650733 eV
     activation energy (<-) =   0.092800 eV

     image        energy (eV)        error (eV/A)        frozen

         1    -133597.4398090            0.233763            T
         2    -133597.2113156            2.431956            F
         3    -133596.7890758            0.296445            F
         4    -133597.1526202            0.402760            F
         5    -133596.8818756            0.226300            T

     climbing image =  3

     path length          =  6.403 bohr
     inter-image distance =  1.601 bohr

     ------------------------------ iteration   2 ------------------------------

     tcpu =   3253.5    self-consistency for image   2
     Message from routine setup:
     using ibrav=0 with symmetry is DISCOURAGED, use correct ibrav instead
     tcpu =   3536.1    self-consistency for image   3
     Message from routine setup:
     using ibrav=0 with symmetry is DISCOURAGED, use correct ibrav instead
     tcpu =   3769.8    self-consistency for image   4
     Message from routine setup:
     using ibrav=0 with symmetry is DISCOURAGED, use correct ibrav instead

     activation energy (->) =   0.650263 eV
     activation energy (<-) =   0.092330 eV

     image        energy (eV)        error (eV/A)        frozen

         1    -133597.4398090            0.233763            T
         2    -133597.2110035            2.415048            F
         3    -133596.7895460            0.280360            F
         4    -133597.1532850            0.389966            F
         5    -133596.8818756            0.226300            T

     climbing image =  3

     path length          =  6.403 bohr
     inter-image distance =  1.601 bohr

     ------------------------------ iteration   3 ------------------------------

     tcpu =   4008.4    self-consistency for image   2
     Message from routine setup:
     using ibrav=0 with symmetry is DISCOURAGED, use correct ibrav instead
     tcpu =   4661.3    self-consistency for image   3
     Message from routine setup:
     using ibrav=0 with symmetry is DISCOURAGED, use correct ibrav instead
     tcpu =   5216.9    self-consistency for image   4
     Message from routine setup:
     using ibrav=0 with symmetry is DISCOURAGED, use correct ibrav instead

     activation energy (->) =   0.616522 eV
     activation energy (<-) =   0.058588 eV

     image        energy (eV)        error (eV/A)        frozen

         1    -133597.4398090            0.233763            T
         2    -133597.1689021            0.957964            F
         3    -133596.8232872            0.262413            F
         4    -133597.2005970            0.433084            F
         5    -133596.8818756            0.226300            T

     climbing image =  3

     path length          =  6.474 bohr
     inter-image distance =  1.619 bohr

     ------------------------------ iteration   4 ------------------------------

     tcpu =   5836.4    self-consistency for image   2
     Message from routine setup:
     using ibrav=0 with symmetry is DISCOURAGED, use correct ibrav instead
     tcpu =   6484.6    self-consistency for image   3
     Message from routine setup:
     using ibrav=0 with symmetry is DISCOURAGED, use correct ibrav instead
     tcpu =   7156.1    self-consistency for image   4
     Message from routine setup:
     using ibrav=0 with symmetry is DISCOURAGED, use correct ibrav instead

     activation energy (->) =   0.579459 eV
     activation energy (<-) =   0.021526 eV

     image        energy (eV)        error (eV/A)        frozen

         1    -133597.4398090            0.233763            T
         2    -133597.0762045            1.393988            F
         3    -133596.8603496            0.217589            F
         4    -133597.2533589            0.539507            F
         5    -133596.8818756            0.226300            T

     climbing image =  3

     path length          =  6.574 bohr
     inter-image distance =  1.644 bohr

     ------------------------------ iteration   5 ------------------------------

     tcpu =   7674.8    self-consistency for image   2
     Message from routine setup:
     using ibrav=0 with symmetry is DISCOURAGED, use correct ibrav instead
     tcpu =   8173.4    self-consistency for image   3
     Message from routine setup:
     using ibrav=0 with symmetry is DISCOURAGED, use correct ibrav instead
     tcpu =   8555.4    self-consistency for image   4
     Message from routine setup:
     using ibrav=0 with symmetry is DISCOURAGED, use correct ibrav instead

     activation energy (->) =   0.586855 eV
     activation energy (<-) =   0.028921 eV

     image        energy (eV)        error (eV/A)        frozen

         1    -133597.4398090            0.233763            T
         2    -133597.1007411            0.802710            F
         3    -133596.8529545            0.227339            F
         4    -133597.2427781            0.520583            F
         5    -133596.8818756            0.226300            T

     climbing image =  3

     path length          =  6.552 bohr
     inter-image distance =  1.638 bohr

     ------------------------------ iteration   6 ------------------------------

     tcpu =   8984.3    self-consistency for image   2
     Message from routine setup:
     using ibrav=0 with symmetry is DISCOURAGED, use correct ibrav instead
     tcpu =   9344.1    self-consistency for image   3
     Message from routine setup:
     using ibrav=0 with symmetry is DISCOURAGED, use correct ibrav instead
     tcpu =   9634.7    self-consistency for image   4
     Message from routine setup:
     using ibrav=0 with symmetry is DISCOURAGED, use correct ibrav instead

     activation energy (->) =   0.585705 eV
     activation energy (<-) =   0.027772 eV

     image        energy (eV)        error (eV/A)        frozen

         1    -133597.4398090            0.233763            T
         2    -133597.0991349            0.853558            F
         3    -133596.8541037            0.226708            F
         4    -133597.2444410            0.518844            F
         5    -133596.8818756            0.226300            T

     climbing image =  3

     path length          =  6.555 bohr
     inter-image distance =  1.639 bohr

     ------------------------------ iteration   7 ------------------------------

     tcpu =   9923.9    self-consistency for image   2
     Message from routine setup:
     using ibrav=0 with symmetry is DISCOURAGED, use correct ibrav instead
     tcpu =  10158.7    self-consistency for image   3
     Message from routine setup:
     using ibrav=0 with symmetry is DISCOURAGED, use correct ibrav instead
     tcpu =  10395.3    self-consistency for image   4
     Message from routine setup:
     using ibrav=0 with symmetry is DISCOURAGED, use correct ibrav instead

     activation energy (->) =   0.585319 eV
     activation energy (<-) =   0.027386 eV

     image        energy (eV)        error (eV/A)        frozen

         1    -133597.4398090            0.233763            T
         2    -133597.1000476            0.842191            F
         3    -133596.8544897            0.214000            F
         4    -133597.2450094            0.511854            F
         5    -133596.8818756            0.226300            T

     climbing image =  3

     path length          =  6.557 bohr
     inter-image distance =  1.639 bohr

     ------------------------------ iteration   8 ------------------------------

     tcpu =  10610.1    self-consistency for image   2
     Message from routine setup:
     using ibrav=0 with symmetry is DISCOURAGED, use correct ibrav instead
     tcpu =  11042.0    self-consistency for image   3
     Message from routine setup:
     using ibrav=0 with symmetry is DISCOURAGED, use correct ibrav instead
     tcpu =  11475.3    self-consistency for image   4
     Message from routine setup:
     using ibrav=0 with symmetry is DISCOURAGED, use correct ibrav instead

     activation energy (->) =   0.574496 eV
     activation energy (<-) =   0.016562 eV

     image        energy (eV)        error (eV/A)        frozen

         1    -133597.4398090            0.233763            T
         2    -133597.1259180            0.574267            F
         3    -133596.8653132            0.218133            F
         4    -133597.2610763            0.464740            F
         5    -133596.8818756            0.226300            T

     climbing image =  3

     path length          =  6.589 bohr
     inter-image distance =  1.647 bohr

     ------------------------------ iteration   9 ------------------------------

     tcpu =  11932.6    self-consistency for image   2
     Message from routine setup:
     using ibrav=0 with symmetry is DISCOURAGED, use correct ibrav instead
     tcpu =  12620.6    self-consistency for image   3
     Message from routine setup:
     using ibrav=0 with symmetry is DISCOURAGED, use correct ibrav instead
     tcpu =  13283.3    self-consistency for image   4
     Message from routine setup:
     using ibrav=0 with symmetry is DISCOURAGED, use correct ibrav instead

     activation energy (->) =   0.557933 eV
     activation energy (<-) =  -0.000000 eV

     image        energy (eV)        error (eV/A)        frozen

         1    -133597.4398090            0.233763            T
         2    -133597.3634365            1.693978            F
         3    -133596.9799229            1.553291            F
         4    -133597.4065683            0.257686            F
         5    -133596.8818756            0.590017            T

     climbing image =  5

     path length          =  7.086 bohr
     inter-image distance =  1.772 bohr

     ------------------------------ iteration  10 ------------------------------

     tcpu =  14021.4    self-consistency for image   2
     Message from routine setup:
     using ibrav=0 with symmetry is DISCOURAGED, use correct ibrav instead
     tcpu =  14236.0    self-consistency for image   3
     Message from routine setup:
     using ibrav=0 with symmetry is DISCOURAGED, use correct ibrav instead
     tcpu =  14449.0    self-consistency for image   4
     Message from routine setup:
     using ibrav=0 with symmetry is DISCOURAGED, use correct ibrav instead

     activation energy (->) =   0.557933 eV
     activation energy (<-) =  -0.000000 eV

     image        energy (eV)        error (eV/A)        frozen

         1    -133597.4398090            0.233763            T
         2    -133597.3633418            1.698292            F
         3    -133596.9803399            1.547449            F
         4    -133597.4069944            0.244719            F
         5    -133596.8818756            0.590555            T

     climbing image =  5

     path length          =  7.087 bohr
     inter-image distance =  1.772 bohr

     ------------------------------ iteration  11 ------------------------------

     tcpu =  14681.9    self-consistency for image   2
     Message from routine setup:
     using ibrav=0 with symmetry is DISCOURAGED, use correct ibrav instead
     tcpu =  15086.1    self-consistency for image   3
     Message from routine setup:
     using ibrav=0 with symmetry is DISCOURAGED, use correct ibrav instead
     tcpu =  15421.5    self-consistency for image   4
     Message from routine setup:
     using ibrav=0 with symmetry is DISCOURAGED, use correct ibrav instead

     activation energy (->) =   0.557933 eV
     activation energy (<-) =  -0.000000 eV

     image        energy (eV)        error (eV/A)        frozen

         1    -133597.4398090            0.233763            T
         2    -133597.3579522            1.650608            F
         3    -133596.9771155            1.545697            F
         4    -133597.4041453            0.256772            F
         5    -133596.8818756            0.580241            T

     climbing image =  5

     path length          =  7.067 bohr
     inter-image distance =  1.767 bohr

     ------------------------------ iteration  12 ------------------------------

     tcpu =  15802.2    self-consistency for image   2
     Message from routine setup:
     using ibrav=0 with symmetry is DISCOURAGED, use correct ibrav instead
     tcpu =  16823.4    self-consistency for image   3
     Message from routine setup:
     using ibrav=0 with symmetry is DISCOURAGED, use correct ibrav instead
     tcpu =  17782.7    self-consistency for image   4
     Message from routine setup:
     using ibrav=0 with symmetry is DISCOURAGED, use correct ibrav instead

     activation energy (->) =   0.563467 eV
     activation energy (<-) =   0.005534 eV

     image        energy (eV)        error (eV/A)        frozen

         1    -133597.4398090            0.233763            T
         2    -133597.0937588            0.971764            F
         3    -133596.8763418            0.213378            F
         4    -133597.2678430            0.686936            F
         5    -133596.8818756            0.226300            T

     climbing image =  3

     path length          =  6.590 bohr
     inter-image distance =  1.647 bohr

     ------------------------------ iteration  13 ------------------------------

     tcpu =  18431.8    self-consistency for image   2
     Message from routine setup:
     using ibrav=0 with symmetry is DISCOURAGED, use correct ibrav instead
     tcpu =  18873.1    self-consistency for image   3
     Message from routine setup:
     using ibrav=0 with symmetry is DISCOURAGED, use correct ibrav instead
     tcpu =  19282.7    self-consistency for image   4
     Message from routine setup:
     using ibrav=0 with symmetry is DISCOURAGED, use correct ibrav instead

     activation energy (->) =   0.557933 eV
     activation energy (<-) =  -0.000000 eV

     image        energy (eV)        error (eV/A)        frozen

         1    -133597.4398090            0.233763            T
         2    -133597.1130918            0.760648            F
         3    -133596.8827973            0.869559            F
         4    -133597.2780629            0.630910            F
         5    -133596.8818756            0.449644            T

     climbing image =  5

     path length          =  6.612 bohr
     inter-image distance =  1.653 bohr

     broyden uphill step : history is reset


     ------------------------------ iteration  14 ------------------------------

     tcpu =  19709.3    self-consistency for image   2
     Message from routine setup:
     using ibrav=0 with symmetry is DISCOURAGED, use correct ibrav instead

     WARNING :  scf convergence NOT achieved on image   2

     cleaning-up extrapolation files

 
     NEB          :      5h26m CPU      5h30m WALL

 
   This run was terminated on:   7:48:48  11Sep2026            

=------------------------------------------------------------------------------=
   JOB DONE.
=------------------------------------------------------------------------------=
