
     Program NEB v.7.3.1 starts on 14Sep2026 at  2:46:38 

     This program is part of the open-source Quantum ESPRESSO suite
     for quantum simulation of materials; please cite
         "P. Giannozzi et al., J. Phys.:Condens. Matter 21 395502 (2009);
         "P. Giannozzi et al., J. Phys.:Condens. Matter 29 465901 (2017);
         "P. Giannozzi et al., J. Chem. Phys. 152 154105 (2020);
          URL http://www.quantum-espresso.org", 
     in publications or presentations arising from this work. More details at
     http://www.quantum-espresso.org/quote

     Parallel version (MPI), running on     8 processors

     MPI processes distributed on     1 nodes
     145037 MiB available memory on the printing compute node when the environment starts
 

     Parsing file: neb.in
     Reading input from pw_1.in
     Reading input from pw_2.in
     Reading input from pw_3.in
     Reading input from pw_4.in
     Reading input from pw_5.in

     initial path length           =  9.1974 bohr
     initial inter-image distance  =  2.2993 bohr
 
     string_method                 =    neb
     restart_mode                  =    from_scratch
     opt_scheme                    =    broyden
     num_of_images                 =    5
     nstep_path                    =    200
     CI_scheme                     =    auto
     first_last_opt                =    F
     use_freezing                  =    F
     ds                            =    0.2000 a.u.
     k_max                         =    0.3000 a.u.
     k_min                         =    0.1000 a.u.
     suggested k_max               =   15.4213 a.u.
     suggested k_min               =    5.1404 a.u.
     path_thr                      =    0.0300 eV / A

     ------------------------------ iteration   1 ------------------------------

     tcpu =      0.8    self-consistency for image   1
     Message from routine setup:
     using ibrav=0 with symmetry is DISCOURAGED, use correct ibrav instead
     tcpu =   2914.2    self-consistency for image   2
     Message from routine setup:
     using ibrav=0 with symmetry is DISCOURAGED, use correct ibrav instead
     tcpu =   9484.3    self-consistency for image   3
     Message from routine setup:
     using ibrav=0 with symmetry is DISCOURAGED, use correct ibrav instead
     tcpu =  16726.3    self-consistency for image   4
     Message from routine setup:
     using ibrav=0 with symmetry is DISCOURAGED, use correct ibrav instead
     tcpu =  24488.8    self-consistency for image   5
     Message from routine setup:
     using ibrav=0 with symmetry is DISCOURAGED, use correct ibrav instead

     activation energy (->) =   0.000000 eV
     activation energy (<-) =   0.112453 eV

     image        energy (eV)        error (eV/A)        frozen

         1     -75890.4405396           15.666414            T
         2     -75893.5782058            3.188299            F
         3     -75893.6141386            0.726766            F
         4     -75893.9207132            1.884373            F
         5     -75890.5529926            1.261899            T

     climbing image =  1

     path length          =  9.197 bohr
     inter-image distance =  2.299 bohr

     ------------------------------ iteration   2 ------------------------------

     tcpu =  28645.9    self-consistency for image   2
     Message from routine setup:
     using ibrav=0 with symmetry is DISCOURAGED, use correct ibrav instead
     tcpu =  31918.7    self-consistency for image   3
     Message from routine setup:
     using ibrav=0 with symmetry is DISCOURAGED, use correct ibrav instead
     tcpu =  34840.0    self-consistency for image   4
     Message from routine setup:
     using ibrav=0 with symmetry is DISCOURAGED, use correct ibrav instead

     activation energy (->) =   0.000000 eV
     activation energy (<-) =   0.112453 eV

     image        energy (eV)        error (eV/A)        frozen

         1     -75890.4405396           15.591102            T
         2     -75893.5767791            3.176679            F
         3     -75893.6154752            0.721042            F
         4     -75893.9199828            1.877387            F
         5     -75890.5529926            1.261899            T

     climbing image =  1

     path length          =  9.193 bohr
     inter-image distance =  2.298 bohr

     ------------------------------ iteration   3 ------------------------------

     tcpu =  37942.6    self-consistency for image   2
     Message from routine setup:
     using ibrav=0 with symmetry is DISCOURAGED, use correct ibrav instead
     tcpu =  47226.2    self-consistency for image   3
     Message from routine setup:
     using ibrav=0 with symmetry is DISCOURAGED, use correct ibrav instead
     tcpu =  53200.6    self-consistency for image   4
     Message from routine setup:
     using ibrav=0 with symmetry is DISCOURAGED, use correct ibrav instead

     activation energy (->) =   0.000000 eV
     activation energy (<-) =   0.112453 eV

     image        energy (eV)        error (eV/A)        frozen

         1     -75890.4405396           10.447419            T
         2     -75893.4314625            2.044099            F
         3     -75893.6993291            0.523023            F
         4     -75893.7940261            1.251307            F
         5     -75890.5529926            1.261899            T

     climbing image =  1

     path length          =  8.907 bohr
     inter-image distance =  2.227 bohr

     ------------------------------ iteration   4 ------------------------------

     tcpu =  60107.0    self-consistency for image   2
     Message from routine setup:
     using ibrav=0 with symmetry is DISCOURAGED, use correct ibrav instead
     tcpu =  69540.6    self-consistency for image   3
     Message from routine setup:
     using ibrav=0 with symmetry is DISCOURAGED, use correct ibrav instead
     tcpu =  75000.7    self-consistency for image   4
     Message from routine setup:
     using ibrav=0 with symmetry is DISCOURAGED, use correct ibrav instead

     activation energy (->) =   0.000000 eV
     activation energy (<-) =   0.112453 eV

     image        energy (eV)        error (eV/A)        frozen

         1     -75890.4405396            6.224822            T
         2     -75893.2023448            0.958397            F
         3     -75893.7534806            0.896550            F
         4     -75893.5230088            0.706125            F
         5     -75890.5529926            1.261899            T

     climbing image =  1

     path length          =  8.731 bohr
     inter-image distance =  2.183 bohr

     ------------------------------ iteration   5 ------------------------------

     tcpu =  82378.7    self-consistency for image   2
     Message from routine setup:
     using ibrav=0 with symmetry is DISCOURAGED, use correct ibrav instead
     tcpu =  91435.9    self-consistency for image   3
     Message from routine setup:
     using ibrav=0 with symmetry is DISCOURAGED, use correct ibrav instead
     tcpu =  96895.7    self-consistency for image   4
     Message from routine setup:
     using ibrav=0 with symmetry is DISCOURAGED, use correct ibrav instead

     activation energy (->) =   0.000000 eV
     activation energy (<-) =   0.112453 eV

     image        energy (eV)        error (eV/A)        frozen

         1     -75890.4405396            3.175588            T
         2     -75892.9163662            0.676161            F
         3     -75893.7777891            1.262978            F
         4     -75893.1473332            0.356528            F
         5     -75890.5529926            1.261899            T

     climbing image =  1

     path length          =  8.657 bohr
     inter-image distance =  2.164 bohr

     ------------------------------ iteration   6 ------------------------------

     tcpu = 103570.0    self-consistency for image   2
     Message from routine setup:
     using ibrav=0 with symmetry is DISCOURAGED, use correct ibrav instead
     tcpu = 109521.9    self-consistency for image   3
     Message from routine setup:
     using ibrav=0 with symmetry is DISCOURAGED, use correct ibrav instead
     tcpu = 114158.0    self-consistency for image   4
     Message from routine setup:
     using ibrav=0 with symmetry is DISCOURAGED, use correct ibrav instead

     activation energy (->) =   0.000000 eV
     activation energy (<-) =   0.112453 eV

     image        energy (eV)        error (eV/A)        frozen

         1     -75890.4405396            4.296971            T
         2     -75893.0416914            0.475500            F
         3     -75893.7711361            1.119886            F
         4     -75893.3117178            0.435730            F
         5     -75890.5529926            1.261899            T

     climbing image =  1

     path length          =  8.677 bohr
     inter-image distance =  2.169 bohr

     ------------------------------ iteration   7 ------------------------------

     tcpu = 119731.2    self-consistency for image   2
     Message from routine setup:
     using ibrav=0 with symmetry is DISCOURAGED, use correct ibrav instead
     tcpu = 122635.9    self-consistency for image   3
     Message from routine setup:
     using ibrav=0 with symmetry is DISCOURAGED, use correct ibrav instead
     tcpu = 125555.0    self-consistency for image   4
     Message from routine setup:
     using ibrav=0 with symmetry is DISCOURAGED, use correct ibrav instead

     activation energy (->) =   0.000000 eV
     activation energy (<-) =   0.112453 eV

     image        energy (eV)        error (eV/A)        frozen

         1     -75890.4405396            4.298432            T
         2     -75893.0440688            0.470975            F
         3     -75893.7712882            1.116108            F
         4     -75893.3120576            0.435044            F
         5     -75890.5529926            1.261899            T

     climbing image =  1

     path length          =  8.678 bohr
     inter-image distance =  2.170 bohr

     ------------------------------ iteration   8 ------------------------------

     tcpu = 128495.8    self-consistency for image   2
     Message from routine setup:
     using ibrav=0 with symmetry is DISCOURAGED, use correct ibrav instead
     tcpu = 134020.2    self-consistency for image   3
     Message from routine setup:
     using ibrav=0 with symmetry is DISCOURAGED, use correct ibrav instead
     tcpu = 139618.7    self-consistency for image   4
     Message from routine setup:
     using ibrav=0 with symmetry is DISCOURAGED, use correct ibrav instead

     activation energy (->) =   0.000000 eV
     activation energy (<-) =   0.112453 eV

     image        energy (eV)        error (eV/A)        frozen

         1     -75890.4405396            4.404153            T
         2     -75893.2640203            0.532224            F
         3     -75893.7869626            0.338287            F
         4     -75893.3342429            0.268930            F
         5     -75890.5529926            1.261899            T

     climbing image =  1

     path length          =  8.783 bohr
     inter-image distance =  2.196 bohr

     ------------------------------ iteration   9 ------------------------------

     tcpu = 145635.0    self-consistency for image   2
     Message from routine setup:
     using ibrav=0 with symmetry is DISCOURAGED, use correct ibrav instead
     tcpu = 150901.4    self-consistency for image   3
     Message from routine setup:
     using ibrav=0 with symmetry is DISCOURAGED, use correct ibrav instead
     tcpu = 156273.2    self-consistency for image   4
     Message from routine setup:
     using ibrav=0 with symmetry is DISCOURAGED, use correct ibrav instead

     activation energy (->) =   0.000000 eV
     activation energy (<-) =   0.112453 eV

     image        energy (eV)        error (eV/A)        frozen

         1     -75890.4405396            4.395210            T
         2     -75893.3767603            0.554182            F
         3     -75893.7971962            0.131909            F
         4     -75893.3324624            0.185786            F
         5     -75890.5529926            1.261899            T

     climbing image =  1

     path length          =  8.868 bohr
     inter-image distance =  2.217 bohr

     ------------------------------ iteration  10 ------------------------------

     tcpu = 161881.5    self-consistency for image   2
     Message from routine setup:
     using ibrav=0 with symmetry is DISCOURAGED, use correct ibrav instead
     tcpu = 164796.5    self-consistency for image   3
     Message from routine setup:
     using ibrav=0 with symmetry is DISCOURAGED, use correct ibrav instead
     tcpu = 168174.1    self-consistency for image   4
     Message from routine setup:
     using ibrav=0 with symmetry is DISCOURAGED, use correct ibrav instead

     WARNING :  scf convergence NOT achieved on image   4

     cleaning-up extrapolation files

 
     NEB          :   1d22h42m CPU   1d23h31m WALL

 
   This run was terminated on:   2:17:48  16Sep2026            

=------------------------------------------------------------------------------=
   JOB DONE.
=------------------------------------------------------------------------------=
