
     Program NEB v.7.3.1 starts on 16Sep2026 at 10:52:18 

     This program is part of the open-source Quantum ESPRESSO suite
     for quantum simulation of materials; please cite
         "P. Giannozzi et al., J. Phys.:Condens. Matter 21 395502 (2009);
         "P. Giannozzi et al., J. Phys.:Condens. Matter 29 465901 (2017);
         "P. Giannozzi et al., J. Chem. Phys. 152 154105 (2020);
          URL http://www.quantum-espresso.org", 
     in publications or presentations arising from this work. More details at
     http://www.quantum-espresso.org/quote

     Parallel version (MPI), running on     8 processors

     MPI processes distributed on     1 nodes
     140026 MiB available memory on the printing compute node when the environment starts
 

     Parsing file: neb.in
     Reading input from pw_1.in
     Reading input from pw_2.in
     Reading input from pw_3.in
     Reading input from pw_4.in
     Reading input from pw_5.in

     restart file 'mt1e61995d.path' not found: 
     starting from scratch

     initial path length           = 11.1603 bohr
     initial inter-image distance  =  2.7901 bohr
 
     string_method                 =    neb
     restart_mode                  =    from_scratch
     opt_scheme                    =    broyden
     num_of_images                 =    5
     nstep_path                    =    200
     CI_scheme                     =    auto
     first_last_opt                =    F
     use_freezing                  =    F
     ds                            =    0.2000 a.u.
     k_max                         =    0.3000 a.u.
     k_min                         =    0.1000 a.u.
     suggested k_max               =   15.4213 a.u.
     suggested k_min               =    5.1404 a.u.
     path_thr                      =    0.0300 eV / A

     ------------------------------ iteration   1 ------------------------------

     tcpu =      0.9    self-consistency for image   1
     Message from routine setup:
     using ibrav=0 with symmetry is DISCOURAGED, use correct ibrav instead
     tcpu =   2981.9    self-consistency for image   2
     Message from routine setup:
     using ibrav=0 with symmetry is DISCOURAGED, use correct ibrav instead
     tcpu =  12192.4    self-consistency for image   3
     Message from routine setup:
     using ibrav=0 with symmetry is DISCOURAGED, use correct ibrav instead
     tcpu =  19534.6    self-consistency for image   4
     Message from routine setup:
     using ibrav=0 with symmetry is DISCOURAGED, use correct ibrav instead
     tcpu =  27737.0    self-consistency for image   5
     Message from routine setup:
     using ibrav=0 with symmetry is DISCOURAGED, use correct ibrav instead

     activation energy (->) =   0.000000 eV
     activation energy (<-) =   0.200527 eV

     image        energy (eV)        error (eV/A)        frozen

         1     -76376.4267379           16.712437            T
         2     -76380.3132575            1.949180            F
         3     -76379.8888750            1.276511            F
         4     -76380.1769989            1.893690            F
         5     -76376.6272650            1.267582            T

     climbing image =  1

     path length          = 11.160 bohr
     inter-image distance =  2.790 bohr

     ------------------------------ iteration   2 ------------------------------

     tcpu =  31941.4    self-consistency for image   2
     Message from routine setup:
     using ibrav=0 with symmetry is DISCOURAGED, use correct ibrav instead
     tcpu =  38395.0    self-consistency for image   3
     Message from routine setup:
     using ibrav=0 with symmetry is DISCOURAGED, use correct ibrav instead
     tcpu =  45127.8    self-consistency for image   4
     Message from routine setup:
     using ibrav=0 with symmetry is DISCOURAGED, use correct ibrav instead

     activation energy (->) =   0.000000 eV
     activation energy (<-) =   0.200527 eV

     image        energy (eV)        error (eV/A)        frozen

         1     -76376.4267379           12.917091            T
         2     -76380.0908424            1.587125            F
         3     -76379.8174628            1.040509            F
         4     -76380.1148661            1.964488            F
         5     -76376.6272650            1.267582            T

     climbing image =  1

     path length          = 11.096 bohr
     inter-image distance =  2.774 bohr

     ------------------------------ iteration   3 ------------------------------

     tcpu =  52428.8    self-consistency for image   2
     Message from routine setup:
     using ibrav=0 with symmetry is DISCOURAGED, use correct ibrav instead
     tcpu =  56487.0    self-consistency for image   3
     Message from routine setup:
     using ibrav=0 with symmetry is DISCOURAGED, use correct ibrav instead
     tcpu =  60555.7    self-consistency for image   4
     Message from routine setup:
     using ibrav=0 with symmetry is DISCOURAGED, use correct ibrav instead

     activation energy (->) =   0.000000 eV
     activation energy (<-) =   0.200527 eV

     image        energy (eV)        error (eV/A)        frozen

         1     -76376.4267379           12.584273            T
         2     -76380.0640654            1.587936            F
         3     -76379.8128104            1.056349            F
         4     -76380.1046243            1.966355            F
         5     -76376.6272650            1.267582            T

     climbing image =  1

     path length          = 11.085 bohr
     inter-image distance =  2.771 bohr

     ------------------------------ iteration   4 ------------------------------

     tcpu =  64706.1    self-consistency for image   2
     Message from routine setup:
     using ibrav=0 with symmetry is DISCOURAGED, use correct ibrav instead
     tcpu =  68789.5    self-consistency for image   3
     Message from routine setup:
     using ibrav=0 with symmetry is DISCOURAGED, use correct ibrav instead
     tcpu =  71735.0    self-consistency for image   4
     Message from routine setup:
     using ibrav=0 with symmetry is DISCOURAGED, use correct ibrav instead

     activation energy (->) =   0.000000 eV
     activation energy (<-) =   0.200527 eV

     image        energy (eV)        error (eV/A)        frozen

         1     -76376.4267379           12.504849            T
         2     -76380.0604055            1.570721            F
         3     -76379.8142324            1.054397            F
         4     -76380.1036485            1.954307            F
         5     -76376.6272650            1.267582            T

     climbing image =  1

     path length          = 11.075 bohr
     inter-image distance =  2.769 bohr

     ------------------------------ iteration   5 ------------------------------

     tcpu =  76024.8    self-consistency for image   2
     Message from routine setup:
     using ibrav=0 with symmetry is DISCOURAGED, use correct ibrav instead
     tcpu =  81598.8    self-consistency for image   3
     Message from routine setup:
     using ibrav=0 with symmetry is DISCOURAGED, use correct ibrav instead
     tcpu =  84796.9    self-consistency for image   4
     Message from routine setup:
     using ibrav=0 with symmetry is DISCOURAGED, use correct ibrav instead

     activation energy (->) =   0.000000 eV
     activation energy (<-) =   0.200527 eV

     image        energy (eV)        error (eV/A)        frozen

         1     -76376.4267379           12.294343            T
         2     -76380.0566411            1.529113            F
         3     -76379.8234539            1.034649            F
         4     -76380.1044014            1.911723            F
         5     -76376.6272650            1.267582            T

     climbing image =  1

     path length          = 11.030 bohr
     inter-image distance =  2.757 bohr

     ------------------------------ iteration   6 ------------------------------

     tcpu =  89422.5    self-consistency for image   2
     Message from routine setup:
     using ibrav=0 with symmetry is DISCOURAGED, use correct ibrav instead
     tcpu =  95157.4    self-consistency for image   3
     Message from routine setup:
     using ibrav=0 with symmetry is DISCOURAGED, use correct ibrav instead
     tcpu =  98061.6    self-consistency for image   4
     Message from routine setup:
     using ibrav=0 with symmetry is DISCOURAGED, use correct ibrav instead

     activation energy (->) =   0.000000 eV
     activation energy (<-) =   0.200527 eV

     image        energy (eV)        error (eV/A)        frozen

         1     -76376.4267379           12.070973            T
         2     -76380.0514688            1.495801            F
         3     -76379.8326097            1.013339            F
         4     -76380.1040929            1.869759            F
         5     -76376.6272650            1.267582            T

     climbing image =  1

     path length          = 10.984 bohr
     inter-image distance =  2.746 bohr

     ------------------------------ iteration   7 ------------------------------

     tcpu = 102665.7    self-consistency for image   2
     Message from routine setup:
     using ibrav=0 with symmetry is DISCOURAGED, use correct ibrav instead
     tcpu = 108838.2    self-consistency for image   3
     Message from routine setup:
     using ibrav=0 with symmetry is DISCOURAGED, use correct ibrav instead
     tcpu = 112660.5    self-consistency for image   4
     Message from routine setup:
     using ibrav=0 with symmetry is DISCOURAGED, use correct ibrav instead

     activation energy (->) =   0.000000 eV
     activation energy (<-) =   0.200527 eV

     image        energy (eV)        error (eV/A)        frozen

         1     -76376.4267379           11.637422            T
         2     -76380.0396808            1.420264            F
         3     -76379.8501013            0.973523            F
         4     -76380.1011581            1.787310            F
         5     -76376.6272650            1.267582            T

     climbing image =  1

     path length          = 10.896 bohr
     inter-image distance =  2.724 bohr

     ------------------------------ iteration   8 ------------------------------

     tcpu = 118800.6    self-consistency for image   2
     Message from routine setup:
     using ibrav=0 with symmetry is DISCOURAGED, use correct ibrav instead
     tcpu = 126353.5    self-consistency for image   3
     Message from routine setup:
     using ibrav=0 with symmetry is DISCOURAGED, use correct ibrav instead
