+--------------------------------------------------------------------------------------+
|              [31mHome[0m Usage for user [31mycao73[0m as of [31mWed Sep  9 02:00:06 2026[0m               |
+----------------------+----------------------+-------------------+--------------------+
|         Used         |        Quota         |      Percent      |       Files        |
+----------------------+----------------------+-------------------+--------------------+
|       48.77 GB       |       50.00 GB       |       97.55%      |      751,085       |
+----------------------+----------------------+-------------------+--------------------+

+------------------------------------------------------------------------------------------+
|              [31mGPFS[0m Usage for Group [31mpclancy3:[0m as of [31mWed Sep  9 02:30:16 2026[0m               |
+------------+-----------+-----------+----------+------------+---------------+-------------+
|     FS     |    Used   |   Quota   |  Used %  |   Files    |  Files Quota  |   Files %   |
+------------+-----------+-----------+----------+------------+---------------+-------------+
|    data    |  13.62 TB |  10.00 TB | 136.00%  | 1,102,995  |   4,096,000   |    26.00%   |
|  scratch4  |  9.57 TB  |  10.00 TB |  95.00%  | 1,627,336  |   5,242,880   |    31.00%   |
| scratch16  |  12.41 TB |  20.00 TB |  62.00%  |  980,836   |   20,480,000  |    4.00%    |
+------------+-----------+-----------+----------+------------+---------------+-------------+

Consider completing our user survey to provide feedback to help improve the cluster: https://jh.qualtrics.com/jfe/form/SV_bQOKO9M7xQFmwAu
host=gpu02
user=ycao73
workdir=/home/ycao73/revision1_pipeline_20260909
seed=42
Python 3.9.22
run_root=/scratch16/pclancy3/yi/revision1_migrationbench_runs
job_run_dir=/scratch16/pclancy3/yi/revision1_migrationbench_runs/mb_mace14_smoke_s42_30761086
cuequivariance or cuequivariance_torch is not available. Cuequivariance acceleration will be disabled.
No dtype selected, switching to float64 to match model dtype.
No dtype selected, switching to float64 to match model dtype.
No dtype selected, switching to float64 to match model dtype.
No dtype selected, switching to float64 to match model dtype.
No dtype selected, switching to float64 to match model dtype.
No dtype selected, switching to float64 to match model dtype.
{
  "barrier_proxy_eV": 1.3050244901471046,
  "images": "/scratch16/pclancy3/yi/revision1_migrationbench_runs/mb_mace14_smoke_s42_30761086/mace_omat_1-4_s42/mlff_neb_images.extxyz"
}
