
     Program NEB v.7.3.1 starts on 14Sep2026 at  6:33:21 

     This program is part of the open-source Quantum ESPRESSO suite
     for quantum simulation of materials; please cite
         "P. Giannozzi et al., J. Phys.:Condens. Matter 21 395502 (2009);
         "P. Giannozzi et al., J. Phys.:Condens. Matter 29 465901 (2017);
         "P. Giannozzi et al., J. Chem. Phys. 152 154105 (2020);
          URL http://www.quantum-espresso.org", 
     in publications or presentations arising from this work. More details at
     http://www.quantum-espresso.org/quote

     Parallel version (MPI), running on     4 processors

     MPI processes distributed on     1 nodes
     125591 MiB available memory on the printing compute node when the environment starts
 

     Parsing file: neb.in
     Reading input from pw_1.in
     Reading input from pw_2.in
     Reading input from pw_3.in
     Reading input from pw_4.in
     Reading input from pw_5.in
     Reading input from pw_6.in
     Reading input from pw_7.in
     Reading input from pw_8.in
     Reading input from pw_9.in
     Reading input from pw_10.in

     initial path length           =  4.9717 bohr
     initial inter-image distance  =  0.5524 bohr
 
     string_method                 =    neb
     restart_mode                  =    from_scratch
     opt_scheme                    =    broyden
     num_of_images                 =    10
     nstep_path                    =    1000
     CI_scheme                     =    auto
     first_last_opt                =    F
     use_freezing                  =    F
     ds                            =    0.2000 a.u.
     k_max                         =    0.3000 a.u.
     k_min                         =    0.1000 a.u.
     suggested k_max               =   15.4213 a.u.
     suggested k_min               =    5.1404 a.u.
     path_thr                      =    0.0300 eV / A

     ------------------------------ iteration   1 ------------------------------

     tcpu =      1.0    self-consistency for image   1
     tcpu =  18548.5    self-consistency for image   2
     tcpu =  35542.1    self-consistency for image   3
     tcpu =  58076.7    self-consistency for image   4
