
     Program NEB v.7.3.1 starts on 14Sep2026 at  2:46:38 

     This program is part of the open-source Quantum ESPRESSO suite
     for quantum simulation of materials; please cite
         "P. Giannozzi et al., J. Phys.:Condens. Matter 21 395502 (2009);
         "P. Giannozzi et al., J. Phys.:Condens. Matter 29 465901 (2017);
         "P. Giannozzi et al., J. Chem. Phys. 152 154105 (2020);
          URL http://www.quantum-espresso.org", 
     in publications or presentations arising from this work. More details at
     http://www.quantum-espresso.org/quote

     Parallel version (MPI), running on     8 processors

     MPI processes distributed on     1 nodes
     125797 MiB available memory on the printing compute node when the environment starts
 

     Parsing file: neb.in
     Reading input from pw_1.in
     Reading input from pw_2.in
     Reading input from pw_3.in
     Reading input from pw_4.in
     Reading input from pw_5.in

     initial path length           =  8.5641 bohr
     initial inter-image distance  =  2.1410 bohr
 
     string_method                 =    neb
     restart_mode                  =    from_scratch
     opt_scheme                    =    broyden
     num_of_images                 =    5
     nstep_path                    =    200
     CI_scheme                     =    auto
     first_last_opt                =    F
     use_freezing                  =    F
     ds                            =    0.2000 a.u.
     k_max                         =    0.3000 a.u.
     k_min                         =    0.1000 a.u.
     suggested k_max               =   15.4213 a.u.
     suggested k_min               =    5.1404 a.u.
     path_thr                      =    0.0300 eV / A

     ------------------------------ iteration   1 ------------------------------

     tcpu =      0.8    self-consistency for image   1
     Message from routine setup:
     using ibrav=0 with symmetry is DISCOURAGED, use correct ibrav instead
     tcpu =   2086.3    self-consistency for image   2
     Message from routine setup:
     using ibrav=0 with symmetry is DISCOURAGED, use correct ibrav instead
     tcpu =   7063.9    self-consistency for image   3
     Message from routine setup:
     using ibrav=0 with symmetry is DISCOURAGED, use correct ibrav instead
     tcpu =  12178.4    self-consistency for image   4
     Message from routine setup:
     using ibrav=0 with symmetry is DISCOURAGED, use correct ibrav instead
     tcpu =  17720.8    self-consistency for image   5
     Message from routine setup:
     using ibrav=0 with symmetry is DISCOURAGED, use correct ibrav instead

     activation energy (->) =   0.000000 eV
     activation energy (<-) =   0.113297 eV

     image        energy (eV)        error (eV/A)        frozen

         1     -75778.5069607           12.064613            T
         2     -75780.8231136            3.225110            F
         3     -75780.7831132            0.781677            F
         4     -75781.0965880            1.805695            F
         5     -75778.6202573            1.225982            T

     climbing image =  1

     path length          =  8.564 bohr
     inter-image distance =  2.141 bohr

     ------------------------------ iteration   2 ------------------------------

     tcpu =  20795.8    self-consistency for image   2
     Message from routine setup:
     using ibrav=0 with symmetry is DISCOURAGED, use correct ibrav instead
     tcpu =  23390.4    self-consistency for image   3
     Message from routine setup:
     using ibrav=0 with symmetry is DISCOURAGED, use correct ibrav instead
     tcpu =  25391.0    self-consistency for image   4
     Message from routine setup:
     using ibrav=0 with symmetry is DISCOURAGED, use correct ibrav instead

     activation energy (->) =   0.000000 eV
     activation energy (<-) =   0.113297 eV

     image        energy (eV)        error (eV/A)        frozen

         1     -75778.5069607           12.013714            T
         2     -75780.8232263            3.208801            F
         3     -75780.7845512            0.776383            F
         4     -75781.0966765            1.798219            F
         5     -75778.6202573            1.225982            T

     climbing image =  1

     path length          =  8.560 bohr
     inter-image distance =  2.140 bohr

     ------------------------------ iteration   3 ------------------------------

     tcpu =  27594.3    self-consistency for image   2
     Message from routine setup:
     using ibrav=0 with symmetry is DISCOURAGED, use correct ibrav instead
     tcpu =  35735.7    self-consistency for image   3
     Message from routine setup:
     using ibrav=0 with symmetry is DISCOURAGED, use correct ibrav instead
     tcpu =  39603.0    self-consistency for image   4
     Message from routine setup:
     using ibrav=0 with symmetry is DISCOURAGED, use correct ibrav instead

     activation energy (->) =   0.000000 eV
     activation energy (<-) =   0.113297 eV

     image        energy (eV)        error (eV/A)        frozen

         1     -75778.5069607            8.235682            T
         2     -75780.8009427            1.943433            F
         3     -75780.8788861            0.460154            F
         4     -75781.0510739            1.296200            F
         5     -75778.6202573            1.225982            T

     climbing image =  1

     path length          =  8.301 bohr
     inter-image distance =  2.075 bohr

     ------------------------------ iteration   4 ------------------------------

     tcpu =  44604.1    self-consistency for image   2
     Message from routine setup:
     using ibrav=0 with symmetry is DISCOURAGED, use correct ibrav instead
     tcpu =  52786.6    self-consistency for image   3
     Message from routine setup:
     using ibrav=0 with symmetry is DISCOURAGED, use correct ibrav instead
     tcpu =  56519.0    self-consistency for image   4
     Message from routine setup:
     using ibrav=0 with symmetry is DISCOURAGED, use correct ibrav instead

     activation energy (->) =   0.000000 eV
     activation energy (<-) =   0.113297 eV

     image        energy (eV)        error (eV/A)        frozen

         1     -75778.5069607            4.983396            T
         2     -75780.7084707            0.875314            F
         3     -75780.9359324            0.705697            F
         4     -75780.8990366            0.800910            F
         5     -75778.6202573            1.225982            T

     climbing image =  1

     path length          =  8.168 bohr
     inter-image distance =  2.042 bohr

     ------------------------------ iteration   5 ------------------------------

     tcpu =  61682.1    self-consistency for image   2
     Message from routine setup:
     using ibrav=0 with symmetry is DISCOURAGED, use correct ibrav instead
     tcpu =  68511.9    self-consistency for image   3
     Message from routine setup:
     using ibrav=0 with symmetry is DISCOURAGED, use correct ibrav instead
     tcpu =  72155.2    self-consistency for image   4
     Message from routine setup:
     using ibrav=0 with symmetry is DISCOURAGED, use correct ibrav instead

     activation energy (->) =   0.000000 eV
     activation energy (<-) =   0.113297 eV

     image        energy (eV)        error (eV/A)        frozen

         1     -75778.5069607            2.711495            T
         2     -75780.5647540            0.570605            F
         3     -75780.9561673            0.995365            F
         4     -75780.6814472            0.482069            F
         5     -75778.6202573            1.225982            T

     climbing image =  1

     path length          =  8.154 bohr
     inter-image distance =  2.039 bohr

     ------------------------------ iteration   6 ------------------------------

     tcpu =  77543.5    self-consistency for image   2
     Message from routine setup:
     using ibrav=0 with symmetry is DISCOURAGED, use correct ibrav instead
     tcpu =  81856.3    self-consistency for image   3
     Message from routine setup:
     using ibrav=0 with symmetry is DISCOURAGED, use correct ibrav instead
     tcpu =  84669.9    self-consistency for image   4
     Message from routine setup:
     using ibrav=0 with symmetry is DISCOURAGED, use correct ibrav instead

     activation energy (->) =   0.000000 eV
     activation energy (<-) =   0.113297 eV

     image        energy (eV)        error (eV/A)        frozen

         1     -75778.5069607            3.371957            T
         2     -75780.6177711            0.450315            F
         3     -75780.9529162            0.911180            F
         4     -75780.7576314            0.562870            F
         5     -75778.6202573            1.225982            T

     climbing image =  1

     path length          =  8.149 bohr
     inter-image distance =  2.037 bohr

     ------------------------------ iteration   7 ------------------------------

     tcpu =  88640.9    self-consistency for image   2
     Message from routine setup:
     using ibrav=0 with symmetry is DISCOURAGED, use correct ibrav instead
     tcpu =  90556.9    self-consistency for image   3
     Message from routine setup:
     using ibrav=0 with symmetry is DISCOURAGED, use correct ibrav instead
     tcpu =  92544.4    self-consistency for image   4
     Message from routine setup:
     using ibrav=0 with symmetry is DISCOURAGED, use correct ibrav instead

     activation energy (->) =   0.000000 eV
     activation energy (<-) =   0.113297 eV

     image        energy (eV)        error (eV/A)        frozen

         1     -75778.5069607            3.374104            T
         2     -75780.6197495            0.447031            F
         3     -75780.9530526            0.904928            F
         4     -75780.7584196            0.559698            F
         5     -75778.6202573            1.225982            T

     climbing image =  1

     path length          =  8.149 bohr
     inter-image distance =  2.037 bohr

     ------------------------------ iteration   8 ------------------------------

     tcpu =  94443.4    self-consistency for image   2
     Message from routine setup:
     using ibrav=0 with symmetry is DISCOURAGED, use correct ibrav instead
     tcpu =  98849.9    self-consistency for image   3
     Message from routine setup:
     using ibrav=0 with symmetry is DISCOURAGED, use correct ibrav instead
     tcpu = 103384.4    self-consistency for image   4
     Message from routine setup:
     using ibrav=0 with symmetry is DISCOURAGED, use correct ibrav instead

     activation energy (->) =   0.000000 eV
     activation energy (<-) =   0.113297 eV

     image        energy (eV)        error (eV/A)        frozen

         1     -75778.5069607            4.534035            T
         2     -75780.9871599            0.434203            F
         3     -75780.9897541            0.295400            F
         4     -75780.8510564            0.226458            F
         5     -75778.6202573            1.225982            T

     climbing image =  1

     path length          =  8.509 bohr
     inter-image distance =  2.127 bohr

     ------------------------------ iteration   9 ------------------------------

     tcpu = 108199.5    self-consistency for image   2
     Message from routine setup:
     using ibrav=0 with symmetry is DISCOURAGED, use correct ibrav instead
     tcpu = 112147.6    self-consistency for image   3
     Message from routine setup:
     using ibrav=0 with symmetry is DISCOURAGED, use correct ibrav instead
     tcpu = 115680.3    self-consistency for image   4
     Message from routine setup:
     using ibrav=0 with symmetry is DISCOURAGED, use correct ibrav instead

     activation energy (->) =   0.000000 eV
     activation energy (<-) =   0.113297 eV

     image        energy (eV)        error (eV/A)        frozen

         1     -75778.5069607            3.897782            T
         2     -75780.9344079            0.436234            F
         3     -75780.9817363            0.189364            F
         4     -75780.8522217            0.183872            F
         5     -75778.6202573            1.225982            T

     climbing image =  1

     path length          =  8.410 bohr
     inter-image distance =  2.102 bohr

     ------------------------------ iteration  10 ------------------------------

     tcpu = 119217.8    self-consistency for image   2
     Message from routine setup:
     using ibrav=0 with symmetry is DISCOURAGED, use correct ibrav instead
     tcpu = 121232.1    self-consistency for image   3
     Message from routine setup:
     using ibrav=0 with symmetry is DISCOURAGED, use correct ibrav instead
     tcpu = 123392.5    self-consistency for image   4
     Message from routine setup:
     using ibrav=0 with symmetry is DISCOURAGED, use correct ibrav instead

     activation energy (->) =   0.000000 eV
     activation energy (<-) =   0.113297 eV

     image        energy (eV)        error (eV/A)        frozen

         1     -75778.5069607            3.819340            T
         2     -75780.9269593            0.443375            F
         3     -75780.9808741            0.182879            F
         4     -75780.8518805            0.185159            F
         5     -75778.6202573            1.225982            T

     climbing image =  1

     path length          =  8.399 bohr
     inter-image distance =  2.100 bohr

     ------------------------------ iteration  11 ------------------------------

     tcpu = 126255.0    self-consistency for image   2
     Message from routine setup:
     using ibrav=0 with symmetry is DISCOURAGED, use correct ibrav instead
     tcpu = 128291.9    self-consistency for image   3
     Message from routine setup:
     using ibrav=0 with symmetry is DISCOURAGED, use correct ibrav instead
     tcpu = 130192.2    self-consistency for image   4
     Message from routine setup:
     using ibrav=0 with symmetry is DISCOURAGED, use correct ibrav instead

     activation energy (->) =   0.000000 eV
     activation energy (<-) =   0.113297 eV

     image        energy (eV)        error (eV/A)        frozen

         1     -75778.5069607            3.823353            T
         2     -75780.9278765            0.431823            F
         3     -75780.9810811            0.182342            F
         4     -75780.8522808            0.184469            F
         5     -75778.6202573            1.225982            T

     climbing image =  1

     path length          =  8.400 bohr
     inter-image distance =  2.100 bohr

     ------------------------------ iteration  12 ------------------------------

     tcpu = 132132.6    self-consistency for image   2
     Message from routine setup:
     using ibrav=0 with symmetry is DISCOURAGED, use correct ibrav instead
     tcpu = 134157.6    self-consistency for image   3
     Message from routine setup:
     using ibrav=0 with symmetry is DISCOURAGED, use correct ibrav instead
     tcpu = 136093.6    self-consistency for image   4
     Message from routine setup:
     using ibrav=0 with symmetry is DISCOURAGED, use correct ibrav instead

     activation energy (->) =   0.000000 eV
     activation energy (<-) =   0.113297 eV

     image        energy (eV)        error (eV/A)        frozen

         1     -75778.5069607            3.818726            T
         2     -75780.9282474            0.429875            F
         3     -75780.9813010            0.182533            F
         4     -75780.8528765            0.183508            F
         5     -75778.6202573            1.225982            T

     climbing image =  1

     path length          =  8.401 bohr
     inter-image distance =  2.100 bohr

     ------------------------------ iteration  13 ------------------------------

     tcpu = 138010.9    self-consistency for image   2
     Message from routine setup:
     using ibrav=0 with symmetry is DISCOURAGED, use correct ibrav instead
     tcpu = 140048.3    self-consistency for image   3
     Message from routine setup:
     using ibrav=0 with symmetry is DISCOURAGED, use correct ibrav instead
     tcpu = 141974.5    self-consistency for image   4
     Message from routine setup:
     using ibrav=0 with symmetry is DISCOURAGED, use correct ibrav instead

     activation energy (->) =   0.000000 eV
     activation energy (<-) =   0.113297 eV

     image        energy (eV)        error (eV/A)        frozen

         1     -75778.5069607            3.814117            T
         2     -75780.9286259            0.429051            F
         3     -75780.9815181            0.181887            F
         4     -75780.8534746            0.182700            F
         5     -75778.6202573            1.225982            T

     climbing image =  1

     path length          =  8.402 bohr
     inter-image distance =  2.101 bohr

     ------------------------------ iteration  14 ------------------------------

     tcpu = 143912.0    self-consistency for image   2
     Message from routine setup:
     using ibrav=0 with symmetry is DISCOURAGED, use correct ibrav instead
     tcpu = 146232.8    self-consistency for image   3
     Message from routine setup:
     using ibrav=0 with symmetry is DISCOURAGED, use correct ibrav instead
     tcpu = 148236.2    self-consistency for image   4
     Message from routine setup:
     using ibrav=0 with symmetry is DISCOURAGED, use correct ibrav instead

     activation energy (->) =   0.000000 eV
     activation energy (<-) =   0.113297 eV

     image        energy (eV)        error (eV/A)        frozen

         1     -75778.5069607            3.804918            T
         2     -75780.9293837            0.431349            F
         3     -75780.9819504            0.180692            F
         4     -75780.8546595            0.180866            F
         5     -75778.6202573            1.225982            T

     climbing image =  1

     path length          =  8.404 bohr
     inter-image distance =  2.101 bohr

     ------------------------------ iteration  15 ------------------------------

     tcpu = 150283.4    self-consistency for image   2
     Message from routine setup:
     using ibrav=0 with symmetry is DISCOURAGED, use correct ibrav instead
     tcpu = 152892.8    self-consistency for image   3
     Message from routine setup:
     using ibrav=0 with symmetry is DISCOURAGED, use correct ibrav instead
     tcpu = 155047.2    self-consistency for image   4
     Message from routine setup:
     using ibrav=0 with symmetry is DISCOURAGED, use correct ibrav instead

     activation energy (->) =   0.000000 eV
     activation energy (<-) =   0.113297 eV

     image        energy (eV)        error (eV/A)        frozen

         1     -75778.5069607            3.778239            T
         2     -75780.9314502            0.424771            F
         3     -75780.9832331            0.176760            F
         4     -75780.8581293            0.175902            F
         5     -75778.6202573            1.225982            T

     climbing image =  1

     path length          =  8.410 bohr
     inter-image distance =  2.103 bohr

     ------------------------------ iteration  16 ------------------------------

     tcpu = 157252.3    self-consistency for image   2
     Message from routine setup:
     using ibrav=0 with symmetry is DISCOURAGED, use correct ibrav instead
     tcpu = 160210.8    self-consistency for image   3
     Message from routine setup:
     using ibrav=0 with symmetry is DISCOURAGED, use correct ibrav instead
     tcpu = 162805.8    self-consistency for image   4
     Message from routine setup:
     using ibrav=0 with symmetry is DISCOURAGED, use correct ibrav instead

     activation energy (->) =   0.000000 eV
     activation energy (<-) =   0.113297 eV

     image        energy (eV)        error (eV/A)        frozen

         1     -75778.5069607            3.718285            T
         2     -75780.9355650            0.410499            F
         3     -75780.9860904            0.167577            F
         4     -75780.8658465            0.165587            F
         5     -75778.6202573            1.225982            T

     climbing image =  1

     path length          =  8.424 bohr
     inter-image distance =  2.106 bohr

     ------------------------------ iteration  17 ------------------------------

     tcpu = 165682.0    self-consistency for image   2
     Message from routine setup:
     using ibrav=0 with symmetry is DISCOURAGED, use correct ibrav instead
     tcpu = 169171.2    self-consistency for image   3
     Message from routine setup:
     using ibrav=0 with symmetry is DISCOURAGED, use correct ibrav instead

     WARNING :  scf convergence NOT achieved on image   3

     cleaning-up extrapolation files

 
     NEB          :   1d22h30m CPU   1d23h31m WALL

 
   This run was terminated on:   2:17:58  16Sep2026            

=------------------------------------------------------------------------------=
   JOB DONE.
=------------------------------------------------------------------------------=
