+--------------------------------------------------------------------------------------+
|              [31mHome[0m Usage for user [31mycao73[0m as of [31mMon Sep 14 06:00:37 2026[0m               |
+----------------------+----------------------+-------------------+--------------------+
|         Used         |        Quota         |      Percent      |       Files        |
+----------------------+----------------------+-------------------+--------------------+
|       48.78 GB       |       50.00 GB       |       97.57%      |      751,390       |
+----------------------+----------------------+-------------------+--------------------+

+------------------------------------------------------------------------------------------+
|              [31mGPFS[0m Usage for Group [31mpclancy3:[0m as of [31mMon Sep 14 06:30:23 2026[0m               |
+------------+-----------+-----------+----------+------------+---------------+-------------+
|     FS     |    Used   |   Quota   |  Used %  |   Files    |  Files Quota  |   Files %   |
+------------+-----------+-----------+----------+------------+---------------+-------------+
|    data    |  13.62 TB |  10.00 TB | 136.00%  | 1,102,995  |   4,096,000   |    26.00%   |
|  scratch4  |  9.91 TB  |  10.00 TB |  99.00%  | 1,628,486  |   5,242,880   |    31.00%   |
| scratch16  |  12.90 TB |  20.00 TB |  64.00%  |  987,265   |   20,480,000  |    4.00%    |
+------------+-----------+-----------+----------+------------+---------------+-------------+

Consider completing our user survey to provide feedback to help improve the cluster: https://jh.qualtrics.com/jfe/form/SV_bQOKO9M7xQFmwAu
{"runtime_provenance": "/scratch16/pclancy3/yi/revision1_migrationbench_runs/mb_p16i4_ns50k44_s42_30879761/runtime_provenance.json", "inputs": 2}
host=c165
job_run_dir=/scratch16/pclancy3/yi/revision1_migrationbench_runs/mb_p16i4_ns50k44_s42_30879761
source_scf_input=/scratch16/pclancy3/yi/revision1_migrationbench_inputs/protocol_sensitivity/1-6_iter108_img4_accepted_50_200_4x4x1_nonspin_reference_s42/scf.in
slurm_ntasks=4
kpoint_pools=4
/data/apps/extern/qe/7.3.1-cpu/bin/pw.x
