+--------------------------------------------------------------------------------------+
|              [31mHome[0m Usage for user [31mycao73[0m as of [31mSun Sep 13 05:00:47 2026[0m               |
+----------------------+----------------------+-------------------+--------------------+
|         Used         |        Quota         |      Percent      |       Files        |
+----------------------+----------------------+-------------------+--------------------+
|       48.78 GB       |       50.00 GB       |       97.56%      |      751,288       |
+----------------------+----------------------+-------------------+--------------------+

+------------------------------------------------------------------------------------------+
|              [31mGPFS[0m Usage for Group [31mpclancy3:[0m as of [31mSun Sep 13 05:30:16 2026[0m               |
+------------+-----------+-----------+----------+------------+---------------+-------------+
|     FS     |    Used   |   Quota   |  Used %  |   Files    |  Files Quota  |   Files %   |
+------------+-----------+-----------+----------+------------+---------------+-------------+
|    data    |  13.62 TB |  10.00 TB | 136.00%  | 1,102,995  |   4,096,000   |    26.00%   |
|  scratch4  |  9.91 TB  |  10.00 TB |  99.00%  | 1,629,629  |   5,242,880   |    31.00%   |
| scratch16  |  12.55 TB |  20.00 TB |  62.00%  |  982,947   |   20,480,000  |    4.00%    |
+------------+-----------+-----------+----------+------------+---------------+-------------+

Consider completing our user survey to provide feedback to help improve the cluster: https://jh.qualtrics.com/jfe/form/SV_bQOKO9M7xQFmwAu
host=c099
seed=42
source_trajectory=/scratch16/pclancy3/yi/revision1_migrationbench_runs/mb_nlm6d1d33_sm_s42_30850322/mlff_historical_curvature_warp_s42/mlff_neb.traj
job_run_dir=/scratch16/pclancy3/yi/revision1_migrationbench_smoke/runs/mb_mlhist_smoke_s42_30850333
{
  "iterations": 3,
  "images": 7,
  "output": "/scratch16/pclancy3/yi/revision1_migrationbench_smoke/runs/mb_mlhist_smoke_s42_30850333/mlff_neb_iteration_history.extxyz"
}
