+--------------------------------------------------------------------------------------+
|              [31mHome[0m Usage for user [31mycao73[0m as of [31mSun Sep 13 08:00:44 2026[0m               |
+----------------------+----------------------+-------------------+--------------------+
|         Used         |        Quota         |      Percent      |       Files        |
+----------------------+----------------------+-------------------+--------------------+
|       48.78 GB       |       50.00 GB       |       97.56%      |      751,300       |
+----------------------+----------------------+-------------------+--------------------+

+------------------------------------------------------------------------------------------+
|              [31mGPFS[0m Usage for Group [31mpclancy3:[0m as of [31mSun Sep 13 08:30:16 2026[0m               |
+------------+-----------+-----------+----------+------------+---------------+-------------+
|     FS     |    Used   |   Quota   |  Used %  |   Files    |  Files Quota  |   Files %   |
+------------+-----------+-----------+----------+------------+---------------+-------------+
|    data    |  13.62 TB |  10.00 TB | 136.00%  | 1,102,995  |   4,096,000   |    26.00%   |
|  scratch4  |  9.91 TB  |  10.00 TB |  99.00%  | 1,629,629  |   5,242,880   |    31.00%   |
| scratch16  |  12.56 TB |  20.00 TB |  62.00%  |  983,662   |   20,480,000  |    4.00%    |
+------------+-----------+-----------+----------+------------+---------------+-------------+

Consider completing our user survey to provide feedback to help improve the cluster: https://jh.qualtrics.com/jfe/form/SV_bQOKO9M7xQFmwAu

==================================== ERRORS ====================================
_______________ ERROR collecting tests/test_repair_neb_images.py _______________
import file mismatch:
imported module 'test_repair_neb_images' has this __file__ attribute:
  /scratch16/pclancy3/yi/revision1_migrationbench_pipeline/staging/test_repair_neb_images.py
which is not the same as the test file we want to collect:
  /scratch16/pclancy3/yi/revision1_migrationbench_pipeline/tests/test_repair_neb_images.py
HINT: remove __pycache__ / .pyc files and/or use a unique basename for your test file modules
=========================== short test summary info ============================
ERROR tests/test_repair_neb_images.py
!!!!!!!!!!!!!!!!!!!! Interrupted: 1 error during collection !!!!!!!!!!!!!!!!!!!!
1 error in 2.83s
