
     Program NEB v.7.3.1 starts on 14Sep2026 at  9:45:16 

     This program is part of the open-source Quantum ESPRESSO suite
     for quantum simulation of materials; please cite
         "P. Giannozzi et al., J. Phys.:Condens. Matter 21 395502 (2009);
         "P. Giannozzi et al., J. Phys.:Condens. Matter 29 465901 (2017);
         "P. Giannozzi et al., J. Chem. Phys. 152 154105 (2020);
          URL http://www.quantum-espresso.org", 
     in publications or presentations arising from this work. More details at
     http://www.quantum-espresso.org/quote

     Parallel version (MPI), running on     2 processors

     MPI processes distributed on     1 nodes
     154720 MiB available memory on the printing compute node when the environment starts
 

     Parsing file: neb.in
     Reading input from pw_1.in
     Reading input from pw_2.in
     Reading input from pw_3.in
     Reading input from pw_4.in
     Reading input from pw_5.in

     restart file 'sb2te3.path' not found: 
     starting from scratch

     initial path length           =  5.8928 bohr
     initial inter-image distance  =  1.4732 bohr
 
     string_method                 =    neb
     restart_mode                  =    from_scratch
     opt_scheme                    =    broyden
     num_of_images                 =    5
     nstep_path                    =    1000
     CI_scheme                     =    auto
     first_last_opt                =    F
     use_freezing                  =    F
     ds                            =    0.2000 a.u.
     k_max                         =    0.3000 a.u.
     k_min                         =    0.1000 a.u.
     suggested k_max               =   15.4213 a.u.
     suggested k_min               =    5.1404 a.u.
     path_thr                      =    0.0300 eV / A

     ------------------------------ iteration   1 ------------------------------

     tcpu =      0.4    self-consistency for image   1
     Message from routine setup:
     using ibrav=0 with symmetry is DISCOURAGED, use correct ibrav instead
     tcpu =    614.2    self-consistency for image   2
     Message from routine setup:
     using ibrav=0 with symmetry is DISCOURAGED, use correct ibrav instead
     tcpu =   1282.3    self-consistency for image   3
     Message from routine setup:
     using ibrav=0 with symmetry is DISCOURAGED, use correct ibrav instead
     tcpu =   1919.2    self-consistency for image   4
     Message from routine setup:
     using ibrav=0 with symmetry is DISCOURAGED, use correct ibrav instead
     tcpu =   2534.4    self-consistency for image   5
     Message from routine setup:
     using ibrav=0 with symmetry is DISCOURAGED, use correct ibrav instead

     activation energy (->) =   1.033662 eV
     activation energy (<-) =   0.213262 eV

     image        energy (eV)        error (eV/A)        frozen

         1    -133597.1500230            0.312794            T
         2    -133596.8217288            2.371225            F
         3    -133596.1163614            0.574924            F
         4    -133596.3666918            0.368255            F
         5    -133596.3296231            0.437806            T

     climbing image =  3

     path length          =  5.893 bohr
     inter-image distance =  1.473 bohr

     ------------------------------ iteration   2 ------------------------------

     tcpu =   3109.1    self-consistency for image   2
     Message from routine setup:
     using ibrav=0 with symmetry is DISCOURAGED, use correct ibrav instead
     tcpu =   3336.9    self-consistency for image   3
     Message from routine setup:
     using ibrav=0 with symmetry is DISCOURAGED, use correct ibrav instead
     tcpu =   3556.9    self-consistency for image   4
     Message from routine setup:
     using ibrav=0 with symmetry is DISCOURAGED, use correct ibrav instead

     activation energy (->) =   1.033242 eV
     activation energy (<-) =   0.212842 eV

     image        energy (eV)        error (eV/A)        frozen

         1    -133597.1500230            0.312794            T
         2    -133596.8216726            2.369551            F
         3    -133596.1167813            0.568079            F
         4    -133596.3672434            0.359057            F
         5    -133596.3296231            0.437806            T

     climbing image =  3

     path length          =  5.893 bohr
     inter-image distance =  1.473 bohr

     ------------------------------ iteration   3 ------------------------------

     tcpu =   3786.5    self-consistency for image   2
     Message from routine setup:
     using ibrav=0 with symmetry is DISCOURAGED, use correct ibrav instead
     tcpu =   4012.1    self-consistency for image   3
     Message from routine setup:
     using ibrav=0 with symmetry is DISCOURAGED, use correct ibrav instead
     tcpu =   4235.5    self-consistency for image   4
     Message from routine setup:
     using ibrav=0 with symmetry is DISCOURAGED, use correct ibrav instead

     activation energy (->) =   1.032766 eV
     activation energy (<-) =   0.212366 eV

     image        energy (eV)        error (eV/A)        frozen

         1    -133597.1500230            0.312794            T
         2    -133596.8216078            2.363294            F
         3    -133596.1172571            0.566830            F
         4    -133596.3678139            0.360587            F
         5    -133596.3296231            0.437806            T

     climbing image =  3

     path length          =  5.893 bohr
     inter-image distance =  1.473 bohr

     ------------------------------ iteration   4 ------------------------------

     tcpu =   4447.3    self-consistency for image   2
     Message from routine setup:
     using ibrav=0 with symmetry is DISCOURAGED, use correct ibrav instead
     tcpu =   4713.2    self-consistency for image   3
     Message from routine setup:
     using ibrav=0 with symmetry is DISCOURAGED, use correct ibrav instead
     tcpu =   4983.4    self-consistency for image   4
     Message from routine setup:
     using ibrav=0 with symmetry is DISCOURAGED, use correct ibrav instead

     activation energy (->) =   1.031577 eV
     activation energy (<-) =   0.211177 eV

     image        energy (eV)        error (eV/A)        frozen

         1    -133597.1500230            0.312794            T
         2    -133596.8214611            2.344012            F
         3    -133596.1184464            0.572220            F
         4    -133596.3691469            0.350574            F
         5    -133596.3296231            0.437806            T

     climbing image =  3

     path length          =  5.894 bohr
     inter-image distance =  1.474 bohr

     ------------------------------ iteration   5 ------------------------------

     tcpu =   5192.8    self-consistency for image   2
     Message from routine setup:
     using ibrav=0 with symmetry is DISCOURAGED, use correct ibrav instead
     tcpu =   5584.9    self-consistency for image   3
     Message from routine setup:
     using ibrav=0 with symmetry is DISCOURAGED, use correct ibrav instead
     tcpu =   5952.0    self-consistency for image   4
     Message from routine setup:
     using ibrav=0 with symmetry is DISCOURAGED, use correct ibrav instead

     activation energy (->) =   1.025995 eV
     activation energy (<-) =   0.205595 eV

     image        energy (eV)        error (eV/A)        frozen

         1    -133597.1500230            0.312794            T
         2    -133596.8207586            2.271569            F
         3    -133596.1240282            0.570136            F
         4    -133596.3753583            0.375438            F
         5    -133596.3296231            0.437806            T

     climbing image =  3

     path length          =  5.898 bohr
     inter-image distance =  1.474 bohr

     ------------------------------ iteration   6 ------------------------------

     tcpu =   6256.1    self-consistency for image   2
     Message from routine setup:
     using ibrav=0 with symmetry is DISCOURAGED, use correct ibrav instead
     tcpu =   6751.6    self-consistency for image   3
     Message from routine setup:
     using ibrav=0 with symmetry is DISCOURAGED, use correct ibrav instead
     tcpu =   7299.7    self-consistency for image   4
     Message from routine setup:
     using ibrav=0 with symmetry is DISCOURAGED, use correct ibrav instead

     activation energy (->) =   0.981677 eV
     activation energy (<-) =   0.161277 eV

     image        energy (eV)        error (eV/A)        frozen

         1    -133597.1500230            0.312794            T
         2    -133596.8110522            1.678710            F
         3    -133596.1683465            0.541768            F
         4    -133596.4248042            0.547326            F
         5    -133596.3296231            0.437806            T

     climbing image =  3

     path length          =  5.930 bohr
     inter-image distance =  1.483 bohr

     ------------------------------ iteration   7 ------------------------------

     tcpu =   7867.3    self-consistency for image   2
     Message from routine setup:
     using ibrav=0 with symmetry is DISCOURAGED, use correct ibrav instead
     tcpu =   8543.1    self-consistency for image   3
     Message from routine setup:
     using ibrav=0 with symmetry is DISCOURAGED, use correct ibrav instead
     tcpu =   9193.5    self-consistency for image   4
     Message from routine setup:
     using ibrav=0 with symmetry is DISCOURAGED, use correct ibrav instead

     activation energy (->) =   0.826826 eV
     activation energy (<-) =   0.006426 eV

     image        energy (eV)        error (eV/A)        frozen

         1    -133597.1500230            0.312794            T
         2    -133596.7091152            1.069653            F
         3    -133596.3231969            0.411850            F
         4    -133596.5997141            1.577894            F
         5    -133596.3296231            0.437806            T

     climbing image =  3

     path length          =  6.088 bohr
     inter-image distance =  1.522 bohr

     ------------------------------ iteration   8 ------------------------------

     tcpu =   9864.2    self-consistency for image   2
     Message from routine setup:
     using ibrav=0 with symmetry is DISCOURAGED, use correct ibrav instead
     tcpu =  10403.0    self-consistency for image   3
     Message from routine setup:
     using ibrav=0 with symmetry is DISCOURAGED, use correct ibrav instead
     tcpu =  11040.9    self-consistency for image   4
     Message from routine setup:
     using ibrav=0 with symmetry is DISCOURAGED, use correct ibrav instead

     activation energy (->) =   0.820400 eV
     activation energy (<-) =  -0.000000 eV

     image        energy (eV)        error (eV/A)        frozen

         1    -133597.1500230            0.312794            T
         2    -133596.6712157            1.913177            F
         3    -133596.3607394            2.327055            F
         4    -133596.6433290            1.739181            F
         5    -133596.3296231            1.489228            T

     climbing image =  5

     path length          =  6.139 bohr
     inter-image distance =  1.535 bohr

     ------------------------------ iteration   9 ------------------------------

     tcpu =  11521.0    self-consistency for image   2
     Message from routine setup:
     using ibrav=0 with symmetry is DISCOURAGED, use correct ibrav instead
     tcpu =  11792.9    self-consistency for image   3
     Message from routine setup:
     using ibrav=0 with symmetry is DISCOURAGED, use correct ibrav instead
     tcpu =  12023.3    self-consistency for image   4
     Message from routine setup:
     using ibrav=0 with symmetry is DISCOURAGED, use correct ibrav instead

     activation energy (->) =   0.820400 eV
     activation energy (<-) =  -0.000000 eV

     image        energy (eV)        error (eV/A)        frozen

         1    -133597.1500230            0.312794            T
         2    -133596.6745348            1.855972            F
         3    -133596.3606806            2.311374            F
         4    -133596.6436678            1.748583            F
         5    -133596.3296231            1.486257            T

     climbing image =  5

     path length          =  6.139 bohr
     inter-image distance =  1.535 bohr

     ------------------------------ iteration  10 ------------------------------

     tcpu =  12252.9    self-consistency for image   2
     Message from routine setup:
     using ibrav=0 with symmetry is DISCOURAGED, use correct ibrav instead
     tcpu =  12610.1    self-consistency for image   3
     Message from routine setup:
     using ibrav=0 with symmetry is DISCOURAGED, use correct ibrav instead
     tcpu =  12966.5    self-consistency for image   4
     Message from routine setup:
     using ibrav=0 with symmetry is DISCOURAGED, use correct ibrav instead

     activation energy (->) =   0.820400 eV
     activation energy (<-) =  -0.000000 eV

     image        energy (eV)        error (eV/A)        frozen

         1    -133597.1500230            0.312794            T
         2    -133596.6802773            1.767803            F
         3    -133596.3627000            2.259739            F
         4    -133596.6470660            1.720228            F
         5    -133596.3296231            1.484987            T

     climbing image =  5

     path length          =  6.141 bohr
     inter-image distance =  1.535 bohr

     ------------------------------ iteration  11 ------------------------------

     tcpu =  13223.1    self-consistency for image   2
     Message from routine setup:
     using ibrav=0 with symmetry is DISCOURAGED, use correct ibrav instead
     tcpu =  13784.0    self-consistency for image   3
     Message from routine setup:
     using ibrav=0 with symmetry is DISCOURAGED, use correct ibrav instead
     tcpu =  14397.6    self-consistency for image   4
     Message from routine setup:
     using ibrav=0 with symmetry is DISCOURAGED, use correct ibrav instead

     activation energy (->) =   0.820400 eV
     activation energy (<-) =  -0.000000 eV

     image        energy (eV)        error (eV/A)        frozen

         1    -133597.1500230            0.312794            T
         2    -133596.8344561            0.453298            F
         3    -133596.4275058            1.028024            F
         4    -133596.7388395            1.486264            F
         5    -133596.3296231            1.434741            T

     climbing image =  5

     path length          =  6.234 bohr
     inter-image distance =  1.558 bohr

     ------------------------------ iteration  12 ------------------------------

     tcpu =  14950.1    self-consistency for image   2
     Message from routine setup:
     using ibrav=0 with symmetry is DISCOURAGED, use correct ibrav instead
     tcpu =  15455.9    self-consistency for image   3
     Message from routine setup:
     using ibrav=0 with symmetry is DISCOURAGED, use correct ibrav instead
     tcpu =  15991.0    self-consistency for image   4
     Message from routine setup:
     using ibrav=0 with symmetry is DISCOURAGED, use correct ibrav instead

     activation energy (->) =   0.820400 eV
     activation energy (<-) =  -0.000000 eV

     image        energy (eV)        error (eV/A)        frozen

         1    -133597.1500230            0.312794            T
         2    -133596.8998678            1.175345            F
         3    -133596.4625718            0.527735            F
         4    -133596.7788000            1.405398            F
         5    -133596.3296231            1.400980            T

     climbing image =  5

     path length          =  6.285 bohr
     inter-image distance =  1.571 bohr

     ------------------------------ iteration  13 ------------------------------

     tcpu =  16481.9    self-consistency for image   2
     Message from routine setup:
     using ibrav=0 with symmetry is DISCOURAGED, use correct ibrav instead
     tcpu =  16874.3    self-consistency for image   3
     Message from routine setup:
     using ibrav=0 with symmetry is DISCOURAGED, use correct ibrav instead
     tcpu =  17270.9    self-consistency for image   4
     Message from routine setup:
     using ibrav=0 with symmetry is DISCOURAGED, use correct ibrav instead

     activation energy (->) =   0.820400 eV
     activation energy (<-) =  -0.000000 eV

     image        energy (eV)        error (eV/A)        frozen

         1    -133597.1500230            0.312794            T
         2    -133596.9098838            1.275191            F
         3    -133596.4694976            0.452587            F
         4    -133596.7860175            1.387678            F
         5    -133596.3296231            1.393978            T

     climbing image =  5

     path length          =  6.295 bohr
     inter-image distance =  1.574 bohr

     ------------------------------ iteration  14 ------------------------------

     tcpu =  17671.1    self-consistency for image   2
     Message from routine setup:
     using ibrav=0 with symmetry is DISCOURAGED, use correct ibrav instead
     tcpu =  18065.2    self-consistency for image   3
     Message from routine setup:
     using ibrav=0 with symmetry is DISCOURAGED, use correct ibrav instead
     tcpu =  18533.7    self-consistency for image   4
     Message from routine setup:
     using ibrav=0 with symmetry is DISCOURAGED, use correct ibrav instead

     activation energy (->) =   0.820400 eV
     activation energy (<-) =  -0.000000 eV

     image        energy (eV)        error (eV/A)        frozen

         1    -133597.1500230            0.312794            T
         2    -133596.9338984            1.514564            F
         3    -133596.4850822            0.375429            F
         4    -133596.8017496            1.355743            F
         5    -133596.3296231            1.377404            T

     climbing image =  5

     path length          =  6.318 bohr
     inter-image distance =  1.580 bohr

     ------------------------------ iteration  15 ------------------------------

     tcpu =  18932.9    self-consistency for image   2
     Message from routine setup:
     using ibrav=0 with symmetry is DISCOURAGED, use correct ibrav instead
     tcpu =  19239.2    self-consistency for image   3
     Message from routine setup:
     using ibrav=0 with symmetry is DISCOURAGED, use correct ibrav instead
     tcpu =  19569.0    self-consistency for image   4
     Message from routine setup:
     using ibrav=0 with symmetry is DISCOURAGED, use correct ibrav instead

     activation energy (->) =   0.820400 eV
     activation energy (<-) =  -0.000000 eV

     image        energy (eV)        error (eV/A)        frozen

         1    -133597.1500230            0.312794            T
         2    -133596.9358232            1.523078            F
         3    -133596.4877372            0.375729            F
         4    -133596.8042807            1.345296            F
         5    -133596.3296231            1.374628            T

     climbing image =  5

     path length          =  6.322 bohr
     inter-image distance =  1.580 bohr

     ------------------------------ iteration  16 ------------------------------

     tcpu =  19901.1    self-consistency for image   2
     Message from routine setup:
     using ibrav=0 with symmetry is DISCOURAGED, use correct ibrav instead
     tcpu =  20293.4    self-consistency for image   3
     Message from routine setup:
     using ibrav=0 with symmetry is DISCOURAGED, use correct ibrav instead
     tcpu =  20711.1    self-consistency for image   4
     Message from routine setup:
     using ibrav=0 with symmetry is DISCOURAGED, use correct ibrav instead

     activation energy (->) =   0.820400 eV
     activation energy (<-) =  -0.000000 eV

     image        energy (eV)        error (eV/A)        frozen

         1    -133597.1500230            0.312794            T
         2    -133596.9409981            1.527326            F
         3    -133596.4971893            0.376012            F
         4    -133596.8130996            1.305349            F
         5    -133596.3296231            1.364678            T

     climbing image =  5

     path length          =  6.333 bohr
     inter-image distance =  1.583 bohr

     ------------------------------ iteration  17 ------------------------------

     tcpu =  21083.9    self-consistency for image   2
     Message from routine setup:
     using ibrav=0 with symmetry is DISCOURAGED, use correct ibrav instead
     tcpu =  21669.4    self-consistency for image   3
     Message from routine setup:
     using ibrav=0 with symmetry is DISCOURAGED, use correct ibrav instead
     tcpu =  22303.3    self-consistency for image   4
     Message from routine setup:
     using ibrav=0 with symmetry is DISCOURAGED, use correct ibrav instead

     activation energy (->) =   0.820400 eV
     activation energy (<-) =  -0.000000 eV

     image        energy (eV)        error (eV/A)        frozen

         1    -133597.1500230            0.312794            T
         2    -133596.9753553            1.473739            F
         3    -133596.5652654            0.375592            F
         4    -133596.8716843            1.066297            F
         5    -133596.3296231            1.282040            T

     climbing image =  5

     path length          =  6.423 bohr
     inter-image distance =  1.606 bohr

     ------------------------------ iteration  18 ------------------------------

     tcpu =  22866.4    self-consistency for image   2
     Message from routine setup:
     using ibrav=0 with symmetry is DISCOURAGED, use correct ibrav instead
     tcpu =  23440.0    self-consistency for image   3
     Message from routine setup:
     using ibrav=0 with symmetry is DISCOURAGED, use correct ibrav instead
     tcpu =  23962.2    self-consistency for image   4
     Message from routine setup:
     using ibrav=0 with symmetry is DISCOURAGED, use correct ibrav instead

     activation energy (->) =   0.820400 eV
     activation energy (<-) =  -0.000000 eV

     image        energy (eV)        error (eV/A)        frozen

         1    -133597.1500230            0.312794            T
         2    -133596.9944242            1.365810            F
         3    -133596.6081320            0.370906            F
         4    -133596.9037406            0.947632            F
         5    -133596.3296231            1.219956            T

     climbing image =  5

     path length          =  6.486 bohr
     inter-image distance =  1.622 bohr

     ------------------------------ iteration  19 ------------------------------

     tcpu =  24429.7    self-consistency for image   2
     Message from routine setup:
     using ibrav=0 with symmetry is DISCOURAGED, use correct ibrav instead
     tcpu =  25129.4    self-consistency for image   3
     Message from routine setup:
     using ibrav=0 with symmetry is DISCOURAGED, use correct ibrav instead
     tcpu =  25804.1    self-consistency for image   4
     Message from routine setup:
     using ibrav=0 with symmetry is DISCOURAGED, use correct ibrav instead

     activation energy (->) =   0.820400 eV
     activation energy (<-) =  -0.000000 eV

     image        energy (eV)        error (eV/A)        frozen

         1    -133597.1500230            0.312794            T
         2    -133597.0806557            0.404391            F
         3    -133596.8400078            0.451711            F
         4    -133596.9783113            1.207071            F
         5    -133596.3296231            1.103158            T

     climbing image =  5

     path length          =  6.942 bohr
     inter-image distance =  1.735 bohr

     ------------------------------ iteration  20 ------------------------------

     tcpu =  26561.2    self-consistency for image   2
     Message from routine setup:
     using ibrav=0 with symmetry is DISCOURAGED, use correct ibrav instead
     tcpu =  27049.2    self-consistency for image   3
     Message from routine setup:
     using ibrav=0 with symmetry is DISCOURAGED, use correct ibrav instead
     tcpu =  27554.7    self-consistency for image   4
     Message from routine setup:
     using ibrav=0 with symmetry is DISCOURAGED, use correct ibrav instead

     activation energy (->) =   0.820400 eV
     activation energy (<-) =  -0.000000 eV

     image        energy (eV)        error (eV/A)        frozen

         1    -133597.1500230            0.312794            T
         2    -133597.0894368            0.361409            F
         3    -133596.8690908            0.472844            F
         4    -133596.9704484            1.417038            F
         5    -133596.3296231            1.134929            T

     climbing image =  5

     path length          =  7.013 bohr
     inter-image distance =  1.753 bohr

     ------------------------------ iteration  21 ------------------------------

     tcpu =  28005.7    self-consistency for image   2
     Message from routine setup:
     using ibrav=0 with symmetry is DISCOURAGED, use correct ibrav instead
     tcpu =  28356.8    self-consistency for image   3
     Message from routine setup:
     using ibrav=0 with symmetry is DISCOURAGED, use correct ibrav instead
     tcpu =  28691.7    self-consistency for image   4
     Message from routine setup:
     using ibrav=0 with symmetry is DISCOURAGED, use correct ibrav instead

     activation energy (->) =   0.820400 eV
     activation energy (<-) =  -0.000000 eV

     image        energy (eV)        error (eV/A)        frozen

         1    -133597.1500230            0.312794            T
         2    -133597.0905884            0.354957            F
         3    -133596.8725734            0.474909            F
         4    -133596.9703130            1.427806            F
         5    -133596.3296231            1.134440            T

     climbing image =  5

     path length          =  7.020 bohr
     inter-image distance =  1.755 bohr

     ------------------------------ iteration  22 ------------------------------

     tcpu =  28977.4    self-consistency for image   2
     Message from routine setup:
     using ibrav=0 with symmetry is DISCOURAGED, use correct ibrav instead
     tcpu =  29342.0    self-consistency for image   3
     Message from routine setup:
     using ibrav=0 with symmetry is DISCOURAGED, use correct ibrav instead
     tcpu =  29719.8    self-consistency for image   4
     Message from routine setup:
     using ibrav=0 with symmetry is DISCOURAGED, use correct ibrav instead

     activation energy (->) =   0.820400 eV
     activation energy (<-) =  -0.000000 eV

     image        energy (eV)        error (eV/A)        frozen

         1    -133597.1500230            0.312794            T
         2    -133597.0927464            0.340390            F
         3    -133596.8787359            0.478213            F
         4    -133596.9710947            1.436316            F
         5    -133596.3296231            1.129458            T

     climbing image =  5

     path length          =  7.029 bohr
     inter-image distance =  1.757 bohr

     ------------------------------ iteration  23 ------------------------------

     tcpu =  30073.0    self-consistency for image   2
     Message from routine setup:
     using ibrav=0 with symmetry is DISCOURAGED, use correct ibrav instead
     tcpu =  30329.3    self-consistency for image   3
     Message from routine setup:
     using ibrav=0 with symmetry is DISCOURAGED, use correct ibrav instead
     tcpu =  30635.9    self-consistency for image   4
     Message from routine setup:
     using ibrav=0 with symmetry is DISCOURAGED, use correct ibrav instead

     activation energy (->) =   0.820400 eV
     activation energy (<-) =  -0.000000 eV

     image        energy (eV)        error (eV/A)        frozen

         1    -133597.1500230            0.312794            T
         2    -133597.0936645            0.333167            F
         3    -133596.8809790            0.478662            F
         4    -133596.9723582            1.435591            F
         5    -133596.3296231            1.123626            T

     climbing image =  5

     path length          =  7.031 bohr
     inter-image distance =  1.758 bohr

     ------------------------------ iteration  24 ------------------------------

     tcpu =  30880.7    self-consistency for image   2
     Message from routine setup:
     using ibrav=0 with symmetry is DISCOURAGED, use correct ibrav instead
     tcpu =  31329.2    self-consistency for image   3
     Message from routine setup:
     using ibrav=0 with symmetry is DISCOURAGED, use correct ibrav instead
     tcpu =  31813.5    self-consistency for image   4
     Message from routine setup:
     using ibrav=0 with symmetry is DISCOURAGED, use correct ibrav instead

     activation energy (->) =   0.820400 eV
     activation energy (<-) =  -0.000000 eV

     image        energy (eV)        error (eV/A)        frozen

         1    -133597.1500230            0.312794            T
         2    -133597.1053581            0.247259            F
         3    -133596.9096731            0.490012            F
         4    -133596.9877248            1.290393            F
         5    -133596.3296231            1.044587            T

     climbing image =  5

     path length          =  7.049 bohr
     inter-image distance =  1.762 bohr

     ------------------------------ iteration  25 ------------------------------

     tcpu =  32250.5    self-consistency for image   2
     Message from routine setup:
     using ibrav=0 with symmetry is DISCOURAGED, use correct ibrav instead
     tcpu =  32953.4    self-consistency for image   3
     Message from routine setup:
     using ibrav=0 with symmetry is DISCOURAGED, use correct ibrav instead
     tcpu =  33587.2    self-consistency for image   4
     Message from routine setup:
     using ibrav=0 with symmetry is DISCOURAGED, use correct ibrav instead

     activation energy (->) =   0.820400 eV
     activation energy (<-) =  -0.000000 eV

     image        energy (eV)        error (eV/A)        frozen

         1    -133597.1500230            0.312794            T
         2    -133597.1757992            0.837654            F
         3    -133597.1209027            0.803757            F
         4    -133597.0082659            0.318534            F
         5    -133596.3296231            0.635477            T

     climbing image =  5

     path length          =  7.367 bohr
     inter-image distance =  1.842 bohr

     ------------------------------ iteration  26 ------------------------------

     tcpu =  34471.0    self-consistency for image   2
     Message from routine setup:
     using ibrav=0 with symmetry is DISCOURAGED, use correct ibrav instead
     tcpu =  34959.0    self-consistency for image   3
     Message from routine setup:
     using ibrav=0 with symmetry is DISCOURAGED, use correct ibrav instead
     tcpu =  35430.9    self-consistency for image   4
     Message from routine setup:
     using ibrav=0 with symmetry is DISCOURAGED, use correct ibrav instead

     activation energy (->) =   0.820400 eV
     activation energy (<-) =  -0.000000 eV

     image        energy (eV)        error (eV/A)        frozen

         1    -133597.1500230            0.312794            T
         2    -133597.1865050            0.963388            F
         3    -133597.1656555            0.978569            F
         4    -133596.9881777            0.445978            F
         5    -133596.3296231            0.663207            T

     climbing image =  5

     path length          =  7.486 bohr
     inter-image distance =  1.872 bohr

     ------------------------------ iteration  27 ------------------------------

     tcpu =  35955.7    self-consistency for image   2
     Message from routine setup:
     using ibrav=0 with symmetry is DISCOURAGED, use correct ibrav instead
     tcpu =  36399.1    self-consistency for image   3
     Message from routine setup:
     using ibrav=0 with symmetry is DISCOURAGED, use correct ibrav instead
     tcpu =  36882.6    self-consistency for image   4
     Message from routine setup:
     using ibrav=0 with symmetry is DISCOURAGED, use correct ibrav instead

     activation energy (->) =   0.820400 eV
     activation energy (<-) =  -0.000000 eV

     image        energy (eV)        error (eV/A)        frozen

         1    -133597.1500230            0.312794            T
         2    -133597.1915607            1.020061            F
         3    -133597.1869774            1.068459            F
         4    -133596.9760486            0.502042            F
         5    -133596.3296231            0.676505            T

     climbing image =  5

     path length          =  7.550 bohr
     inter-image distance =  1.888 bohr

     ------------------------------ iteration  28 ------------------------------

     tcpu =  37368.8    self-consistency for image   2
     Message from routine setup:
     using ibrav=0 with symmetry is DISCOURAGED, use correct ibrav instead
     tcpu =  37601.1    self-consistency for image   3
     Message from routine setup:
     using ibrav=0 with symmetry is DISCOURAGED, use correct ibrav instead
     tcpu =  37837.6    self-consistency for image   4
     Message from routine setup:
     using ibrav=0 with symmetry is DISCOURAGED, use correct ibrav instead

     activation energy (->) =   0.820400 eV
     activation energy (<-) =  -0.000000 eV

     image        energy (eV)        error (eV/A)        frozen

         1    -133597.1500230            0.312794            T
         2    -133597.1925113            1.006071            F
         3    -133597.1880642            1.063467            F
         4    -133596.9763221            0.499066            F
         5    -133596.3296231            0.676939            T

     climbing image =  5

     path length          =  7.552 bohr
     inter-image distance =  1.888 bohr

     ------------------------------ iteration  29 ------------------------------

     tcpu =  38048.0    self-consistency for image   2
     Message from routine setup:
     using ibrav=0 with symmetry is DISCOURAGED, use correct ibrav instead
     tcpu =  38279.2    self-consistency for image   3
     Message from routine setup:
     using ibrav=0 with symmetry is DISCOURAGED, use correct ibrav instead
     tcpu =  38547.8    self-consistency for image   4
     Message from routine setup:
     using ibrav=0 with symmetry is DISCOURAGED, use correct ibrav instead

     activation energy (->) =   0.820400 eV
     activation energy (<-) =  -0.000000 eV

     image        energy (eV)        error (eV/A)        frozen

         1    -133597.1500230            0.312794            T
         2    -133597.1943311            1.002905            F
         3    -133597.1893531            1.061832            F
         4    -133596.9776046            0.486254            F
         5    -133596.3296231            0.677169            T

     climbing image =  5

     path length          =  7.553 bohr
     inter-image distance =  1.888 bohr

     ------------------------------ iteration  30 ------------------------------

     tcpu =  38759.4    self-consistency for image   2
     Message from routine setup:
     using ibrav=0 with symmetry is DISCOURAGED, use correct ibrav instead
     tcpu =  38980.0    self-consistency for image   3
     Message from routine setup:
     using ibrav=0 with symmetry is DISCOURAGED, use correct ibrav instead
     tcpu =  39246.5    self-consistency for image   4
     Message from routine setup:
     using ibrav=0 with symmetry is DISCOURAGED, use correct ibrav instead

     activation energy (->) =   0.820400 eV
     activation energy (<-) =  -0.000000 eV

     image        energy (eV)        error (eV/A)        frozen

         1    -133597.1500230            0.312794            T
         2    -133597.1961762            0.996017            F
         3    -133597.1906867            1.055525            F
         4    -133596.9788781            0.481371            F
         5    -133596.3296231            0.677419            T

     climbing image =  5

     path length          =  7.555 bohr
     inter-image distance =  1.889 bohr

     ------------------------------ iteration  31 ------------------------------

     tcpu =  39456.7    self-consistency for image   2
     Message from routine setup:
     using ibrav=0 with symmetry is DISCOURAGED, use correct ibrav instead
     tcpu =  39764.4    self-consistency for image   3
     Message from routine setup:
     using ibrav=0 with symmetry is DISCOURAGED, use correct ibrav instead
     tcpu =  40054.8    self-consistency for image   4
     Message from routine setup:
     using ibrav=0 with symmetry is DISCOURAGED, use correct ibrav instead

     activation energy (->) =   0.820400 eV
     activation energy (<-) =  -0.000000 eV

     image        energy (eV)        error (eV/A)        frozen

         1    -133597.1500230            0.312794            T
         2    -133597.1998168            0.991642            F
         3    -133597.1933030            1.042574            F
         4    -133596.9813655            0.480322            F
         5    -133596.3296231            0.677889            T

     climbing image =  5

     path length          =  7.557 bohr
     inter-image distance =  1.889 bohr

     ------------------------------ iteration  32 ------------------------------

     tcpu =  40332.0    self-consistency for image   2
     Message from routine setup:
     using ibrav=0 with symmetry is DISCOURAGED, use correct ibrav instead
     tcpu =  40747.6    self-consistency for image   3
     Message from routine setup:
     using ibrav=0 with symmetry is DISCOURAGED, use correct ibrav instead
     tcpu =  41186.4    self-consistency for image   4
     Message from routine setup:
     using ibrav=0 with symmetry is DISCOURAGED, use correct ibrav instead

     activation energy (->) =   0.820400 eV
     activation energy (<-) =  -0.000000 eV

     image        energy (eV)        error (eV/A)        frozen

         1    -133597.1500230            0.312794            T
         2    -133597.2105151            0.955908            F
         3    -133597.2010702            1.003418            F
         4    -133596.9885636            0.448924            F
         5    -133596.3296231            0.679253            T

     climbing image =  5

     path length          =  7.564 bohr
     inter-image distance =  1.891 bohr

     ------------------------------ iteration  33 ------------------------------

     tcpu =  41517.8    self-consistency for image   2
     Message from routine setup:
     using ibrav=0 with symmetry is DISCOURAGED, use correct ibrav instead
     tcpu =  41922.6    self-consistency for image   3
     Message from routine setup:
     using ibrav=0 with symmetry is DISCOURAGED, use correct ibrav instead
     tcpu =  42436.7    self-consistency for image   4
     Message from routine setup:
     using ibrav=0 with symmetry is DISCOURAGED, use correct ibrav instead

     activation energy (->) =   0.820400 eV
     activation energy (<-) =  -0.000000 eV

     image        energy (eV)        error (eV/A)        frozen

         1    -133597.1500230            0.312794            T
         2    -133597.2280638            0.900202            F
         3    -133597.2140909            0.942165            F
         4    -133596.9998144            0.393930            F
         5    -133596.3296231            0.681441            T

     climbing image =  5

     path length          =  7.577 bohr
     inter-image distance =  1.894 bohr

     ------------------------------ iteration  34 ------------------------------

     tcpu =  42856.1    self-consistency for image   2
     Message from routine setup:
     using ibrav=0 with symmetry is DISCOURAGED, use correct ibrav instead
     tcpu =  43327.0    self-consistency for image   3
     Message from routine setup:
     using ibrav=0 with symmetry is DISCOURAGED, use correct ibrav instead
     tcpu =  43789.7    self-consistency for image   4
     Message from routine setup:
     using ibrav=0 with symmetry is DISCOURAGED, use correct ibrav instead

     activation energy (->) =   0.820400 eV
     activation energy (<-) =  -0.000000 eV

     image        energy (eV)        error (eV/A)        frozen

         1    -133597.1500230            0.312794            T
         2    -133597.2487741            0.837303            F
         3    -133597.2298574            0.865604            F
         4    -133597.0121270            0.324711            F
         5    -133596.3296231            0.683927            T

     climbing image =  5

     path length          =  7.593 bohr
     inter-image distance =  1.898 bohr

     ------------------------------ iteration  35 ------------------------------

     tcpu =  44244.0    self-consistency for image   2
     Message from routine setup:
     using ibrav=0 with symmetry is DISCOURAGED, use correct ibrav instead
     tcpu =  44715.2    self-consistency for image   3
     Message from routine setup:
     using ibrav=0 with symmetry is DISCOURAGED, use correct ibrav instead
     tcpu =  45422.6    self-consistency for image   4
     Message from routine setup:
     using ibrav=0 with symmetry is DISCOURAGED, use correct ibrav instead

     activation energy (->) =   0.820400 eV
     activation energy (<-) =  -0.000000 eV

     image        energy (eV)        error (eV/A)        frozen

         1    -133597.1500230            0.312794            T
         2    -133597.2873582            0.720181            F
         3    -133597.2607023            0.719400            F
         4    -133597.0319579            0.182049            F
         5    -133596.3296231            0.688136            T

     climbing image =  5

     path length          =  7.630 bohr
     inter-image distance =  1.907 bohr

     ------------------------------ iteration  36 ------------------------------

     tcpu =  45893.8    self-consistency for image   2
     Message from routine setup:
     using ibrav=0 with symmetry is DISCOURAGED, use correct ibrav instead
     tcpu =  46308.9    self-consistency for image   3
     Message from routine setup:
     using ibrav=0 with symmetry is DISCOURAGED, use correct ibrav instead
     tcpu =  46694.8    self-consistency for image   4
     Message from routine setup:
     using ibrav=0 with symmetry is DISCOURAGED, use correct ibrav instead

     activation energy (->) =   0.820400 eV
     activation energy (<-) =  -0.000000 eV

     image        energy (eV)        error (eV/A)        frozen

         1    -133597.1500230            0.312794            T
         2    -133597.2963080            0.692049            F
         3    -133597.2682211            0.684773            F
         4    -133597.0357473            0.181843            F
         5    -133596.3296231            0.688807            T

     climbing image =  5

     path length          =  7.640 bohr
     inter-image distance =  1.910 bohr

     ------------------------------ iteration  37 ------------------------------

     tcpu =  47042.7    self-consistency for image   2
     Message from routine setup:
     using ibrav=0 with symmetry is DISCOURAGED, use correct ibrav instead
     tcpu =  47392.8    self-consistency for image   3
     Message from routine setup:
     using ibrav=0 with symmetry is DISCOURAGED, use correct ibrav instead
     tcpu =  47773.1    self-consistency for image   4
     Message from routine setup:
     using ibrav=0 with symmetry is DISCOURAGED, use correct ibrav instead

     activation energy (->) =   0.820400 eV
     activation energy (<-) =  -0.000000 eV

     image        energy (eV)        error (eV/A)        frozen

         1    -133597.1500230            0.312794            T
         2    -133597.3012379            0.677848            F
         3    -133597.2725035            0.667556            F
         4    -133597.0375055            0.177725            F
         5    -133596.3296231            0.688869            T

     climbing image =  5

     path length          =  7.646 bohr
     inter-image distance =  1.911 bohr

     ------------------------------ iteration  38 ------------------------------

     tcpu =  48122.8    self-consistency for image   2
     Message from routine setup:
     using ibrav=0 with symmetry is DISCOURAGED, use correct ibrav instead
     tcpu =  48477.7    self-consistency for image   3
     Message from routine setup:
     using ibrav=0 with symmetry is DISCOURAGED, use correct ibrav instead
     tcpu =  48835.0    self-consistency for image   4
     Message from routine setup:
     using ibrav=0 with symmetry is DISCOURAGED, use correct ibrav instead

     activation energy (->) =   0.820400 eV
     activation energy (<-) =  -0.000000 eV

     image        energy (eV)        error (eV/A)        frozen

         1    -133597.1500230            0.312794            T
         2    -133597.3052784            0.667268            F
         3    -133597.2761308            0.654936            F
         4    -133597.0386614            0.173349            F
         5    -133596.3296231            0.688628            T

     climbing image =  5

     path length          =  7.651 bohr
     inter-image distance =  1.913 bohr

     ------------------------------ iteration  39 ------------------------------

     tcpu =  49115.8    self-consistency for image   2
     Message from routine setup:
     using ibrav=0 with symmetry is DISCOURAGED, use correct ibrav instead
     tcpu =  49423.8    self-consistency for image   3
     Message from routine setup:
     using ibrav=0 with symmetry is DISCOURAGED, use correct ibrav instead
     tcpu =  49730.8    self-consistency for image   4
     Message from routine setup:
     using ibrav=0 with symmetry is DISCOURAGED, use correct ibrav instead

     activation energy (->) =   0.820400 eV
     activation energy (<-) =  -0.000000 eV

     image        energy (eV)        error (eV/A)        frozen

         1    -133597.1500230            0.312794            T
         2    -133597.3075619            0.662044            F
         3    -133597.2782772            0.648744            F
         4    -133597.0390850            0.169661            F
         5    -133596.3296231            0.688218            T

     climbing image =  5

     path length          =  7.655 bohr
     inter-image distance =  1.914 bohr

     ------------------------------ iteration  40 ------------------------------

     tcpu =  49953.1    self-consistency for image   2
     Message from routine setup:
     using ibrav=0 with symmetry is DISCOURAGED, use correct ibrav instead
     tcpu =  50310.6    self-consistency for image   3
     Message from routine setup:
     using ibrav=0 with symmetry is DISCOURAGED, use correct ibrav instead
     tcpu =  50720.3    self-consistency for image   4
     Message from routine setup:
     using ibrav=0 with symmetry is DISCOURAGED, use correct ibrav instead

     activation energy (->) =   0.820400 eV
     activation energy (<-) =  -0.000000 eV

     image        energy (eV)        error (eV/A)        frozen

         1    -133597.1500230            0.312794            T
         2    -133597.3174746            0.640413            F
         3    -133597.2876699            0.625210            F
         4    -133597.0406390            0.166559            F
         5    -133596.3296231            0.686199            T

     climbing image =  5

     path length          =  7.670 bohr
     inter-image distance =  1.918 bohr

     ------------------------------ iteration  41 ------------------------------

     tcpu =  51095.9    self-consistency for image   2
     Message from routine setup:
     using ibrav=0 with symmetry is DISCOURAGED, use correct ibrav instead
     tcpu =  51552.8    self-consistency for image   3
     Message from routine setup:
     using ibrav=0 with symmetry is DISCOURAGED, use correct ibrav instead
     tcpu =  52070.4    self-consistency for image   4
     Message from routine setup:
     using ibrav=0 with symmetry is DISCOURAGED, use correct ibrav instead

     activation energy (->) =   0.820400 eV
     activation energy (<-) =  -0.000000 eV

     image        energy (eV)        error (eV/A)        frozen

         1    -133597.1500230            0.312794            T
         2    -133597.3367050            0.600035            F
         3    -133597.3059608            0.581870            F
         4    -133597.0431719            0.152075            F
         5    -133596.3296231            0.682057            T

     climbing image =  5

     path length          =  7.702 bohr
     inter-image distance =  1.925 bohr

     ------------------------------ iteration  42 ------------------------------

     tcpu =  52491.4    self-consistency for image   2
     Message from routine setup:
     using ibrav=0 with symmetry is DISCOURAGED, use correct ibrav instead
     tcpu =  52957.7    self-consistency for image   3
     Message from routine setup:
     using ibrav=0 with symmetry is DISCOURAGED, use correct ibrav instead
     tcpu =  53469.8    self-consistency for image   4
     Message from routine setup:
     using ibrav=0 with symmetry is DISCOURAGED, use correct ibrav instead

     activation energy (->) =   0.820400 eV
     activation energy (<-) =  -0.000000 eV

     image        energy (eV)        error (eV/A)        frozen

         1    -133597.1500230            0.312794            T
         2    -133597.3605852            0.552331            F
         3    -133597.3286238            0.564047            F
         4    -133597.0456438            0.150349            F
         5    -133596.3296231            0.676733            T

     climbing image =  5

     path length          =  7.744 bohr
     inter-image distance =  1.936 bohr

     ------------------------------ iteration  43 ------------------------------

     tcpu =  53911.0    self-consistency for image   2
     Message from routine setup:
     using ibrav=0 with symmetry is DISCOURAGED, use correct ibrav instead
     tcpu =  54431.2    self-consistency for image   3
     Message from routine setup:
     using ibrav=0 with symmetry is DISCOURAGED, use correct ibrav instead
     tcpu =  55030.2    self-consistency for image   4
     Message from routine setup:
     using ibrav=0 with symmetry is DISCOURAGED, use correct ibrav instead

     activation energy (->) =   0.820400 eV
     activation energy (<-) =  -0.000000 eV

     image        energy (eV)        error (eV/A)        frozen

         1    -133597.1500230            0.312794            T
         2    -133597.4000906            0.472570            F
         3    -133597.3657176            0.572631            F
         4    -133597.0483704            0.218061            F
         5    -133596.3296231            0.667728            T

     climbing image =  5

     path length          =  7.818 bohr
     inter-image distance =  1.955 bohr

     ------------------------------ iteration  44 ------------------------------

     tcpu =  55465.4    self-consistency for image   2
     Message from routine setup:
     using ibrav=0 with symmetry is DISCOURAGED, use correct ibrav instead
     tcpu =  55885.2    self-consistency for image   3
     Message from routine setup:
     using ibrav=0 with symmetry is DISCOURAGED, use correct ibrav instead
     tcpu =  56270.8    self-consistency for image   4
     Message from routine setup:
     using ibrav=0 with symmetry is DISCOURAGED, use correct ibrav instead

     activation energy (->) =   0.820400 eV
     activation energy (<-) =  -0.000000 eV

     image        energy (eV)        error (eV/A)        frozen

         1    -133597.1500230            0.312794            T
         2    -133597.4082384            0.456202            F
         3    -133597.3732841            0.571546            F
         4    -133597.0487202            0.228871            F
         5    -133596.3296231            0.665906            T

     climbing image =  5

     path length          =  7.835 bohr
     inter-image distance =  1.959 bohr

     ------------------------------ iteration  45 ------------------------------

     tcpu =  56600.9    self-consistency for image   2
     Message from routine setup:
     using ibrav=0 with symmetry is DISCOURAGED, use correct ibrav instead
     tcpu =  56944.8    self-consistency for image   3
     Message from routine setup:
     using ibrav=0 with symmetry is DISCOURAGED, use correct ibrav instead
     tcpu =  57263.2    self-consistency for image   4
     Message from routine setup:
     using ibrav=0 with symmetry is DISCOURAGED, use correct ibrav instead

     activation energy (->) =   0.820400 eV
     activation energy (<-) =  -0.000000 eV

     image        energy (eV)        error (eV/A)        frozen

         1    -133597.1500230            0.312794            T
         2    -133597.4124488            0.449454            F
         3    -133597.3772174            0.572597            F
         4    -133597.0488787            0.232691            F
         5    -133596.3296231            0.665044            T

     climbing image =  5

     path length          =  7.844 bohr
     inter-image distance =  1.961 bohr

     ------------------------------ iteration  46 ------------------------------

     tcpu =  57551.1    self-consistency for image   2
     Message from routine setup:
     using ibrav=0 with symmetry is DISCOURAGED, use correct ibrav instead
     tcpu =  57924.2    self-consistency for image   3
     Message from routine setup:
     using ibrav=0 with symmetry is DISCOURAGED, use correct ibrav instead
     tcpu =  58223.7    self-consistency for image   4
     Message from routine setup:
     using ibrav=0 with symmetry is DISCOURAGED, use correct ibrav instead

     activation energy (->) =   0.820400 eV
     activation energy (<-) =  -0.000000 eV

     image        energy (eV)        error (eV/A)        frozen

         1    -133597.1500230            0.312794            T
         2    -133597.4159748            0.444583            F
         3    -133597.3805254            0.570465            F
         4    -133597.0489889            0.233015            F
         5    -133596.3296231            0.664419            T

     climbing image =  5

     path length          =  7.852 bohr
     inter-image distance =  1.963 bohr

     ------------------------------ iteration  47 ------------------------------

     tcpu =  58467.1    self-consistency for image   2
     Message from routine setup:
     using ibrav=0 with symmetry is DISCOURAGED, use correct ibrav instead
     tcpu =  58799.5    self-consistency for image   3
     Message from routine setup:
     using ibrav=0 with symmetry is DISCOURAGED, use correct ibrav instead
     tcpu =  59118.4    self-consistency for image   4
     Message from routine setup:
     using ibrav=0 with symmetry is DISCOURAGED, use correct ibrav instead

     activation energy (->) =   0.820400 eV
     activation energy (<-) =  -0.000000 eV

     image        energy (eV)        error (eV/A)        frozen

         1    -133597.1500230            0.312794            T
         2    -133597.4182613            0.442765            F
         3    -133597.3826906            0.567663            F
         4    -133597.0490917            0.222612            F
         5    -133596.3296231            0.664102            T

     climbing image =  5

     path length          =  7.858 bohr
     inter-image distance =  1.964 bohr

     ------------------------------ iteration  48 ------------------------------

     tcpu =  59339.8    self-consistency for image   2
     Message from routine setup:
     using ibrav=0 with symmetry is DISCOURAGED, use correct ibrav instead
     tcpu =  59738.0    self-consistency for image   3
     Message from routine setup:
     using ibrav=0 with symmetry is DISCOURAGED, use correct ibrav instead
     tcpu =  60189.6    self-consistency for image   4
     Message from routine setup:
     using ibrav=0 with symmetry is DISCOURAGED, use correct ibrav instead

     activation energy (->) =   0.820400 eV
     activation energy (<-) =  -0.000000 eV

     image        energy (eV)        error (eV/A)        frozen

         1    -133597.1500230            0.312794            T
         2    -133597.4309628            0.434090            F
         3    -133597.3946675            0.556139            F
         4    -133597.0495585            0.220227            F
         5    -133596.3296231            0.662492            T

     climbing image =  5

     path length          =  7.890 bohr
     inter-image distance =  1.972 bohr

     ------------------------------ iteration  49 ------------------------------

     tcpu =  60544.1    self-consistency for image   2
     Message from routine setup:
     using ibrav=0 with symmetry is DISCOURAGED, use correct ibrav instead
     tcpu =  61062.2    self-consistency for image   3
     Message from routine setup:
     using ibrav=0 with symmetry is DISCOURAGED, use correct ibrav instead
     tcpu =  61579.7    self-consistency for image   4
     Message from routine setup:
     using ibrav=0 with symmetry is DISCOURAGED, use correct ibrav instead

     activation energy (->) =   0.820400 eV
     activation energy (<-) =  -0.000000 eV

     image        energy (eV)        error (eV/A)        frozen

         1    -133597.1500230            0.312794            T
         2    -133597.4586402            0.437327            F
         3    -133597.4201441            0.528038            F
         4    -133597.0505990            0.191610            F
         5    -133596.3296231            0.659172            T

     climbing image =  5

     path length          =  7.963 bohr
     inter-image distance =  1.991 bohr

     ------------------------------ iteration  50 ------------------------------

     tcpu =  62026.8    self-consistency for image   2
     Message from routine setup:
     using ibrav=0 with symmetry is DISCOURAGED, use correct ibrav instead
     tcpu =  62539.1    self-consistency for image   3
     Message from routine setup:
     using ibrav=0 with symmetry is DISCOURAGED, use correct ibrav instead
     tcpu =  63109.2    self-consistency for image   4
     Message from routine setup:
     using ibrav=0 with symmetry is DISCOURAGED, use correct ibrav instead

     activation energy (->) =   0.820400 eV
     activation energy (<-) =  -0.000000 eV

     image        energy (eV)        error (eV/A)        frozen

         1    -133597.1500230            0.312794            T
         2    -133597.4922875            0.440888            F
         3    -133597.4496368            0.478149            F
         4    -133597.0518403            0.167809            F
         5    -133596.3296231            0.655367            T

     climbing image =  5

     path length          =  8.059 bohr
     inter-image distance =  2.015 bohr

     ------------------------------ iteration  51 ------------------------------

     tcpu =  63533.4    self-consistency for image   2
     Message from routine setup:
     using ibrav=0 with symmetry is DISCOURAGED, use correct ibrav instead
     tcpu =  64168.4    self-consistency for image   3
     Message from routine setup:
     using ibrav=0 with symmetry is DISCOURAGED, use correct ibrav instead
