
     Program NEB v.7.3.1 starts on  9Sep2026 at  2:58:42 

     This program is part of the open-source Quantum ESPRESSO suite
     for quantum simulation of materials; please cite
         "P. Giannozzi et al., J. Phys.:Condens. Matter 21 395502 (2009);
         "P. Giannozzi et al., J. Phys.:Condens. Matter 29 465901 (2017);
         "P. Giannozzi et al., J. Chem. Phys. 152 154105 (2020);
          URL http://www.quantum-espresso.org", 
     in publications or presentations arising from this work. More details at
     http://www.quantum-espresso.org/quote

     Parallel version (MPI), running on     8 processors

     MPI processes distributed on     1 nodes
     165572 MiB available memory on the printing compute node when the environment starts
 

     Parsing file: neb.in
     Reading input from pw_1.in
Warning: card &CELL ignored
Warning: card   CELL_DYNAMICS='BFGS', ignored
Warning: card   PRESS=0.0, ignored
Warning: card   PRESS_CONV_THR=0.5, ignored
Warning: card / ignored
     Reading input from pw_2.in
Warning: card &CELL ignored
Warning: card   CELL_DYNAMICS='BFGS', ignored
Warning: card   PRESS=0.0, ignored
Warning: card   PRESS_CONV_THR=0.5, ignored
Warning: card / ignored
     Reading input from pw_3.in
Warning: card &CELL ignored
Warning: card   CELL_DYNAMICS='BFGS', ignored
Warning: card   PRESS=0.0, ignored
Warning: card   PRESS_CONV_THR=0.5, ignored
Warning: card / ignored
     Reading input from pw_4.in
Warning: card &CELL ignored
Warning: card   CELL_DYNAMICS='BFGS', ignored
Warning: card   PRESS=0.0, ignored
Warning: card   PRESS_CONV_THR=0.5, ignored
Warning: card / ignored
     Reading input from pw_5.in
Warning: card &CELL ignored
Warning: card   CELL_DYNAMICS='BFGS', ignored
Warning: card   PRESS=0.0, ignored
Warning: card   PRESS_CONV_THR=0.5, ignored
Warning: card / ignored

     initial path length           = 19.8251 bohr
     initial inter-image distance  =  4.9563 bohr
 
     string_method                 =    neb
     restart_mode                  =    from_scratch
     opt_scheme                    =    broyden
     num_of_images                 =    5
     nstep_path                    =    1
     CI_scheme                     =    no-CI
     first_last_opt                =    F
     use_freezing                  =    F
     ds                            =    0.2000 a.u.
     k_max                         =    0.3000 a.u.
     k_min                         =    0.1000 a.u.
     suggested k_max               =   15.4213 a.u.
     suggested k_min               =    5.1404 a.u.
     path_thr                      =    1.0000 eV / A

     ------------------------------ iteration   1 ------------------------------

     tcpu =      0.6    self-consistency for image   1
     Message from routine setup:
     using ibrav=0 with symmetry is DISCOURAGED, use correct ibrav instead
     tcpu =    209.2    self-consistency for image   2
     tcpu =    394.4    self-consistency for image   3

===================================================================================
=   BAD TERMINATION OF ONE OF YOUR APPLICATION PROCESSES
=   RANK 0 PID 2743431 RUNNING AT c569
=   KILLED BY SIGNAL: 9 (Killed)
===================================================================================

===================================================================================
=   BAD TERMINATION OF ONE OF YOUR APPLICATION PROCESSES
=   RANK 1 PID 2743432 RUNNING AT c569
=   KILLED BY SIGNAL: 9 (Killed)
===================================================================================

===================================================================================
=   BAD TERMINATION OF ONE OF YOUR APPLICATION PROCESSES
=   RANK 2 PID 2743433 RUNNING AT c569
=   KILLED BY SIGNAL: 9 (Killed)
===================================================================================

===================================================================================
=   BAD TERMINATION OF ONE OF YOUR APPLICATION PROCESSES
=   RANK 3 PID 2743434 RUNNING AT c569
=   KILLED BY SIGNAL: 9 (Killed)
===================================================================================

===================================================================================
=   BAD TERMINATION OF ONE OF YOUR APPLICATION PROCESSES
=   RANK 4 PID 2743435 RUNNING AT c569
=   KILLED BY SIGNAL: 9 (Killed)
===================================================================================

===================================================================================
=   BAD TERMINATION OF ONE OF YOUR APPLICATION PROCESSES
=   RANK 5 PID 2743436 RUNNING AT c569
=   KILLED BY SIGNAL: 9 (Killed)
===================================================================================

===================================================================================
=   BAD TERMINATION OF ONE OF YOUR APPLICATION PROCESSES
=   RANK 6 PID 2743437 RUNNING AT c569
=   KILLED BY SIGNAL: 9 (Killed)
===================================================================================

===================================================================================
=   BAD TERMINATION OF ONE OF YOUR APPLICATION PROCESSES
=   RANK 7 PID 2743438 RUNNING AT c569
=   KILLED BY SIGNAL: 9 (Killed)
===================================================================================
I_MPI_JOB_TIMEOUT = -1 second(s): job ending due to startup timeout
