
     Program NEB v.7.3.1 starts on 14Sep2026 at  2:44: 9 

     This program is part of the open-source Quantum ESPRESSO suite
     for quantum simulation of materials; please cite
         "P. Giannozzi et al., J. Phys.:Condens. Matter 21 395502 (2009);
         "P. Giannozzi et al., J. Phys.:Condens. Matter 29 465901 (2017);
         "P. Giannozzi et al., J. Chem. Phys. 152 154105 (2020);
          URL http://www.quantum-espresso.org", 
     in publications or presentations arising from this work. More details at
     http://www.quantum-espresso.org/quote

     Parallel version (MPI), running on     8 processors

     MPI processes distributed on     1 nodes
     135537 MiB available memory on the printing compute node when the environment starts
 

     Parsing file: neb.in
     Reading input from pw_1.in
     Reading input from pw_2.in
     Reading input from pw_3.in
     Reading input from pw_4.in
     Reading input from pw_5.in

     initial path length           = 11.1603 bohr
     initial inter-image distance  =  2.7901 bohr
 
     string_method                 =    neb
     restart_mode                  =    from_scratch
     opt_scheme                    =    broyden
     num_of_images                 =    5
     nstep_path                    =    200
     CI_scheme                     =    auto
     first_last_opt                =    F
     use_freezing                  =    F
     ds                            =    0.2000 a.u.
     k_max                         =    0.3000 a.u.
     k_min                         =    0.1000 a.u.
     suggested k_max               =   15.4213 a.u.
     suggested k_min               =    5.1404 a.u.
     path_thr                      =    0.0300 eV / A

     ------------------------------ iteration   1 ------------------------------

     tcpu =      0.8    self-consistency for image   1
     Message from routine setup:
     using ibrav=0 with symmetry is DISCOURAGED, use correct ibrav instead
     tcpu =   2979.5    self-consistency for image   2
     Message from routine setup:
     using ibrav=0 with symmetry is DISCOURAGED, use correct ibrav instead
     tcpu =  10137.8    self-consistency for image   3
     Message from routine setup:
     using ibrav=0 with symmetry is DISCOURAGED, use correct ibrav instead
     tcpu =  17558.3    self-consistency for image   4
     Message from routine setup:
     using ibrav=0 with symmetry is DISCOURAGED, use correct ibrav instead
     tcpu =  25822.8    self-consistency for image   5
     Message from routine setup:
     using ibrav=0 with symmetry is DISCOURAGED, use correct ibrav instead

     activation energy (->) =   0.000000 eV
     activation energy (<-) =   0.200527 eV

     image        energy (eV)        error (eV/A)        frozen

         1     -76376.4267379           16.712437            T
         2     -76380.3132565            1.947945            F
         3     -76379.8888750            1.276511            F
         4     -76380.1769989            1.893691            F
         5     -76376.6272650            1.267582            T

     climbing image =  1

     path length          = 11.160 bohr
     inter-image distance =  2.790 bohr

     ------------------------------ iteration   2 ------------------------------

     tcpu =  30042.9    self-consistency for image   2
     Message from routine setup:
     using ibrav=0 with symmetry is DISCOURAGED, use correct ibrav instead
     tcpu =  33886.9    self-consistency for image   3
     Message from routine setup:
     using ibrav=0 with symmetry is DISCOURAGED, use correct ibrav instead
     tcpu =  36855.0    self-consistency for image   4
     Message from routine setup:
     using ibrav=0 with symmetry is DISCOURAGED, use correct ibrav instead

     activation energy (->) =   0.000000 eV
     activation energy (<-) =   0.200527 eV

     image        energy (eV)        error (eV/A)        frozen

         1     -76376.4267379           16.631835            T
         2     -76380.3112442            1.943541            F
         3     -76379.8900920            1.265482            F
         4     -76380.1767432            1.887627            F
         5     -76376.6272650            1.267582            T

     climbing image =  1

     path length          = 11.151 bohr
     inter-image distance =  2.788 bohr

     ------------------------------ iteration   3 ------------------------------

     tcpu =  39852.3    self-consistency for image   2
     Message from routine setup:
     using ibrav=0 with symmetry is DISCOURAGED, use correct ibrav instead
     tcpu =  49588.7    self-consistency for image   3
     Message from routine setup:
     using ibrav=0 with symmetry is DISCOURAGED, use correct ibrav instead
     tcpu =  55277.1    self-consistency for image   4
     Message from routine setup:
     using ibrav=0 with symmetry is DISCOURAGED, use correct ibrav instead

     activation energy (->) =   0.000000 eV
     activation energy (<-) =   0.200527 eV

     image        energy (eV)        error (eV/A)        frozen

         1     -76376.4267379           11.898388            T
         2     -76380.1291259            1.327298            F
         3     -76379.9576758            0.767190            F
         4     -76380.1139094            1.412483            F
         5     -76376.6272650            1.267582            T

     climbing image =  1

     path length          = 10.638 bohr
     inter-image distance =  2.659 bohr

     ------------------------------ iteration   4 ------------------------------

     tcpu =  63344.0    self-consistency for image   2
     Message from routine setup:
     using ibrav=0 with symmetry is DISCOURAGED, use correct ibrav instead
     tcpu =  73551.6    self-consistency for image   3
     Message from routine setup:
     using ibrav=0 with symmetry is DISCOURAGED, use correct ibrav instead
     tcpu =  79183.6    self-consistency for image   4
     Message from routine setup:
     using ibrav=0 with symmetry is DISCOURAGED, use correct ibrav instead

     activation energy (->) =   0.000000 eV
     activation energy (<-) =   0.200527 eV

     image        energy (eV)        error (eV/A)        frozen

         1     -76376.4267379            7.894741            T
         2     -76379.8365924            0.699911            F
         3     -76380.0063133            0.562678            F
         4     -76379.9490971            0.892289            F
         5     -76376.6272650            1.267582            T

     climbing image =  1

     path length          = 10.230 bohr
     inter-image distance =  2.558 bohr

     ------------------------------ iteration   5 ------------------------------

     tcpu =  87569.9    self-consistency for image   2
     Message from routine setup:
     using ibrav=0 with symmetry is DISCOURAGED, use correct ibrav instead
     tcpu =  97762.0    self-consistency for image   3
     Message from routine setup:
     using ibrav=0 with symmetry is DISCOURAGED, use correct ibrav instead
     tcpu = 103460.0    self-consistency for image   4
     Message from routine setup:
     using ibrav=0 with symmetry is DISCOURAGED, use correct ibrav instead

     activation energy (->) =   0.000000 eV
     activation energy (<-) =   0.200527 eV

     image        energy (eV)        error (eV/A)        frozen

         1     -76376.4267379            4.619462            T
         2     -76379.4288266            0.329794            F
         3     -76380.0350440            0.736062            F
         4     -76379.5699243            1.394800            F
         5     -76376.6272650            1.267582            T

     climbing image =  1

     path length          =  9.910 bohr
     inter-image distance =  2.478 bohr

     ------------------------------ iteration   6 ------------------------------

     tcpu = 111697.5    self-consistency for image   2
     Message from routine setup:
     using ibrav=0 with symmetry is DISCOURAGED, use correct ibrav instead
     tcpu = 118174.1    self-consistency for image   3
     Message from routine setup:
     using ibrav=0 with symmetry is DISCOURAGED, use correct ibrav instead
     tcpu = 123102.6    self-consistency for image   4
     Message from routine setup:
     using ibrav=0 with symmetry is DISCOURAGED, use correct ibrav instead

     activation energy (->) =   0.000000 eV
     activation energy (<-) =   0.200527 eV

     image        energy (eV)        error (eV/A)        frozen

         1     -76376.4267379            3.861623            T
         2     -76379.2988203            0.406990            F
         3     -76380.0396260            0.918178            F
         4     -76379.4697205            0.443376            F
         5     -76376.6272650            1.267582            T

     climbing image =  1

     path length          =  9.836 bohr
     inter-image distance =  2.459 bohr

     ------------------------------ iteration   7 ------------------------------

     tcpu = 129487.3    self-consistency for image   2
     Message from routine setup:
     using ibrav=0 with symmetry is DISCOURAGED, use correct ibrav instead
     tcpu = 132563.6    self-consistency for image   3
     Message from routine setup:
     using ibrav=0 with symmetry is DISCOURAGED, use correct ibrav instead
     tcpu = 135525.2    self-consistency for image   4
     Message from routine setup:
     using ibrav=0 with symmetry is DISCOURAGED, use correct ibrav instead

     activation energy (->) =   0.000000 eV
     activation energy (<-) =   0.200527 eV

     image        energy (eV)        error (eV/A)        frozen

         1     -76376.4267379            3.880703            T
         2     -76379.3025703            0.401187            F
         3     -76380.0398723            0.909409            F
         4     -76379.4714195            0.447232            F
         5     -76376.6272650            1.267582            T

     climbing image =  1

     path length          =  9.837 bohr
     inter-image distance =  2.459 bohr

     ------------------------------ iteration   8 ------------------------------

     tcpu = 138486.5    self-consistency for image   2
     Message from routine setup:
     using ibrav=0 with symmetry is DISCOURAGED, use correct ibrav instead
     tcpu = 141451.4    self-consistency for image   3
     Message from routine setup:
     using ibrav=0 with symmetry is DISCOURAGED, use correct ibrav instead
     tcpu = 144817.1    self-consistency for image   4
     Message from routine setup:
     using ibrav=0 with symmetry is DISCOURAGED, use correct ibrav instead

     activation energy (->) =   0.000000 eV
     activation energy (<-) =   0.200527 eV

     image        energy (eV)        error (eV/A)        frozen

         1     -76376.4267379            3.929685            T
         2     -76379.3123328            0.386134            F
         3     -76380.0408577            0.883600            F
         4     -76379.4749848            0.480957            F
         5     -76376.6272650            1.267582            T

     climbing image =  1

     path length          =  9.839 bohr
     inter-image distance =  2.460 bohr

     ------------------------------ iteration   9 ------------------------------

     tcpu = 148357.6    self-consistency for image   2
     Message from routine setup:
     using ibrav=0 with symmetry is DISCOURAGED, use correct ibrav instead
     tcpu = 152461.7    self-consistency for image   3
     Message from routine setup:
     using ibrav=0 with symmetry is DISCOURAGED, use correct ibrav instead
     tcpu = 157120.4    self-consistency for image   4
     Message from routine setup:
     using ibrav=0 with symmetry is DISCOURAGED, use correct ibrav instead

     activation energy (->) =   0.000000 eV
     activation energy (<-) =   0.200527 eV

     image        energy (eV)        error (eV/A)        frozen

         1     -76376.4267379            4.153950            T
         2     -76379.3555092            0.324492            F
         3     -76380.0456464            0.759810            F
         4     -76379.4934021            1.297677            F
         5     -76376.6272650            1.267582            T

     climbing image =  1

     path length          =  9.845 bohr
     inter-image distance =  2.461 bohr

     ------------------------------ iteration  10 ------------------------------

     tcpu = 161707.6    self-consistency for image   2
     Message from routine setup:
     using ibrav=0 with symmetry is DISCOURAGED, use correct ibrav instead
     tcpu = 168683.3    self-consistency for image   3
     Message from routine setup:
     using ibrav=0 with symmetry is DISCOURAGED, use correct ibrav instead

     WARNING :  scf convergence NOT achieved on image   3

     cleaning-up extrapolation files

 
     NEB          :   1d22h43m CPU   1d23h30m WALL

 
   This run was terminated on:   2:14:58  16Sep2026            

=------------------------------------------------------------------------------=
   JOB DONE.
=------------------------------------------------------------------------------=
