
     Program NEB v.7.3.1 starts on 14Sep2026 at  2:44: 8 

     This program is part of the open-source Quantum ESPRESSO suite
     for quantum simulation of materials; please cite
         "P. Giannozzi et al., J. Phys.:Condens. Matter 21 395502 (2009);
         "P. Giannozzi et al., J. Phys.:Condens. Matter 29 465901 (2017);
         "P. Giannozzi et al., J. Chem. Phys. 152 154105 (2020);
          URL http://www.quantum-espresso.org", 
     in publications or presentations arising from this work. More details at
     http://www.quantum-espresso.org/quote

     Parallel version (MPI), running on     8 processors

     MPI processes distributed on     1 nodes
     123232 MiB available memory on the printing compute node when the environment starts
 

     Parsing file: neb.in
     Reading input from pw_1.in
     Reading input from pw_2.in
     Reading input from pw_3.in
     Reading input from pw_4.in
     Reading input from pw_5.in

     initial path length           = 11.2460 bohr
     initial inter-image distance  =  2.8115 bohr
 
     string_method                 =    neb
     restart_mode                  =    from_scratch
     opt_scheme                    =    broyden
     num_of_images                 =    5
     nstep_path                    =    200
     CI_scheme                     =    auto
     first_last_opt                =    F
     use_freezing                  =    F
     ds                            =    0.2000 a.u.
     k_max                         =    0.3000 a.u.
     k_min                         =    0.1000 a.u.
     suggested k_max               =   15.4213 a.u.
     suggested k_min               =    5.1404 a.u.
     path_thr                      =    0.0300 eV / A

     ------------------------------ iteration   1 ------------------------------

     tcpu =      0.9    self-consistency for image   1
     Message from routine setup:
     using ibrav=0 with symmetry is DISCOURAGED, use correct ibrav instead
     tcpu =   2851.3    self-consistency for image   2
     Message from routine setup:
     using ibrav=0 with symmetry is DISCOURAGED, use correct ibrav instead
     tcpu =   9708.7    self-consistency for image   3
     Message from routine setup:
     using ibrav=0 with symmetry is DISCOURAGED, use correct ibrav instead
     tcpu =  17083.8    self-consistency for image   4
     Message from routine setup:
     using ibrav=0 with symmetry is DISCOURAGED, use correct ibrav instead
     tcpu =  24453.2    self-consistency for image   5
     Message from routine setup:
     using ibrav=0 with symmetry is DISCOURAGED, use correct ibrav instead

     activation energy (->) =   0.000000 eV
     activation energy (<-) =   0.174532 eV

     image        energy (eV)        error (eV/A)        frozen

         1     -76264.4940623           15.167277            T
         2     -76267.5329921            1.930389            F
         3     -76267.0564731            1.024056            F
         4     -76267.1275637            1.301164            F
         5     -76264.6685943            1.231554            T

     climbing image =  1

     path length          = 11.246 bohr
     inter-image distance =  2.812 bohr

     ------------------------------ iteration   2 ------------------------------

     tcpu =  28340.2    self-consistency for image   2
     Message from routine setup:
     using ibrav=0 with symmetry is DISCOURAGED, use correct ibrav instead
     tcpu =  31847.3    self-consistency for image   3
     Message from routine setup:
     using ibrav=0 with symmetry is DISCOURAGED, use correct ibrav instead
     tcpu =  34459.4    self-consistency for image   4
     Message from routine setup:
     using ibrav=0 with symmetry is DISCOURAGED, use correct ibrav instead

     activation energy (->) =   0.000000 eV
     activation energy (<-) =   0.174532 eV

     image        energy (eV)        error (eV/A)        frozen

         1     -76264.4940623           15.106809            T
         2     -76267.5322273            1.920083            F
         3     -76267.0579566            1.013075            F
         4     -76267.1284790            1.293736            F
         5     -76264.6685943            1.231554            T

     climbing image =  1

     path length          = 11.237 bohr
     inter-image distance =  2.809 bohr

     ------------------------------ iteration   3 ------------------------------

     tcpu =  37956.8    self-consistency for image   2
     Message from routine setup:
     using ibrav=0 with symmetry is DISCOURAGED, use correct ibrav instead
     tcpu =  52489.7    self-consistency for image   3
     Message from routine setup:
     using ibrav=0 with symmetry is DISCOURAGED, use correct ibrav instead
     tcpu =  57990.4    self-consistency for image   4
     Message from routine setup:
     using ibrav=0 with symmetry is DISCOURAGED, use correct ibrav instead

     activation energy (->) =   0.000000 eV
     activation energy (<-) =   0.174532 eV

     image        energy (eV)        error (eV/A)        frozen

         1     -76264.4940623           10.916065            T
         2     -76267.4280008            1.318836            F
         3     -76267.1516460            0.629541            F
         4     -76267.1545555            0.954031            F
         5     -76264.6685943            1.231554            T

     climbing image =  1

     path length          = 10.625 bohr
     inter-image distance =  2.656 bohr

     ------------------------------ iteration   4 ------------------------------

     tcpu =  66630.6    self-consistency for image   2
     Message from routine setup:
     using ibrav=0 with symmetry is DISCOURAGED, use correct ibrav instead
     tcpu =  80070.6    self-consistency for image   3
     Message from routine setup:
     using ibrav=0 with symmetry is DISCOURAGED, use correct ibrav instead
     tcpu =  85338.0    self-consistency for image   4
     Message from routine setup:
     using ibrav=0 with symmetry is DISCOURAGED, use correct ibrav instead

     activation energy (->) =   0.000000 eV
     activation energy (<-) =   0.174532 eV

     image        energy (eV)        error (eV/A)        frozen

         1     -76264.4940623            7.349197            T
         2     -76267.2298727            0.758363            F
         3     -76267.2115973            0.523316            F
         4     -76267.0985961            0.611415            F
         5     -76264.6685943            1.231554            T

     climbing image =  1

     path length          = 10.140 bohr
     inter-image distance =  2.535 bohr

     ------------------------------ iteration   5 ------------------------------

     tcpu =  93915.1    self-consistency for image   2
     Message from routine setup:
     using ibrav=0 with symmetry is DISCOURAGED, use correct ibrav instead
     tcpu = 107366.2    self-consistency for image   3
     Message from routine setup:
     using ibrav=0 with symmetry is DISCOURAGED, use correct ibrav instead
     tcpu = 112650.5    self-consistency for image   4
     Message from routine setup:
     using ibrav=0 with symmetry is DISCOURAGED, use correct ibrav instead

     activation energy (->) =   0.000000 eV
     activation energy (<-) =   0.174532 eV

     image        energy (eV)        error (eV/A)        frozen

         1     -76264.4940623            4.406345            T
         2     -76266.9350963            0.357963            F
         3     -76267.2392518            0.783958            F
         4     -76266.9626308            0.506551            F
         5     -76264.6685943            1.231554            T

     climbing image =  1

     path length          =  9.772 bohr
     inter-image distance =  2.443 bohr

     ------------------------------ iteration   6 ------------------------------

     tcpu = 120877.7    self-consistency for image   2
     Message from routine setup:
     using ibrav=0 with symmetry is DISCOURAGED, use correct ibrav instead
     tcpu = 125448.6    self-consistency for image   3
     Message from routine setup:
     using ibrav=0 with symmetry is DISCOURAGED, use correct ibrav instead
     tcpu = 128232.4    self-consistency for image   4
     Message from routine setup:
     using ibrav=0 with symmetry is DISCOURAGED, use correct ibrav instead

     activation energy (->) =   0.000000 eV
     activation energy (<-) =   0.174532 eV

     image        energy (eV)        error (eV/A)        frozen

         1     -76264.4940623            4.322559            T
         2     -76266.9243932            0.369848            F
         3     -76267.2399089            0.796013            F
         4     -76266.9568106            0.503568            F
         5     -76264.6685943            1.231554            T

     climbing image =  1

     path length          =  9.760 bohr
     inter-image distance =  2.440 bohr

     ------------------------------ iteration   7 ------------------------------

     tcpu = 132224.4    self-consistency for image   2
     Message from routine setup:
     using ibrav=0 with symmetry is DISCOURAGED, use correct ibrav instead
     tcpu = 134883.4    self-consistency for image   3
     Message from routine setup:
     using ibrav=0 with symmetry is DISCOURAGED, use correct ibrav instead
     tcpu = 137525.1    self-consistency for image   4
     Message from routine setup:
     using ibrav=0 with symmetry is DISCOURAGED, use correct ibrav instead

     activation energy (->) =   0.000000 eV
     activation energy (<-) =   0.174532 eV

     image        energy (eV)        error (eV/A)        frozen

         1     -76264.4940623            4.331087            T
         2     -76266.9258780            0.366754            F
         3     -76267.2401829            0.795548            F
         4     -76266.9572044            0.501129            F
         5     -76264.6685943            1.231554            T

     climbing image =  1

     path length          =  9.760 bohr
     inter-image distance =  2.440 bohr

     ------------------------------ iteration   8 ------------------------------

     tcpu = 140218.9    self-consistency for image   2
     Message from routine setup:
     using ibrav=0 with symmetry is DISCOURAGED, use correct ibrav instead
     tcpu = 142959.6    self-consistency for image   3
     Message from routine setup:
     using ibrav=0 with symmetry is DISCOURAGED, use correct ibrav instead
     tcpu = 145528.4    self-consistency for image   4
     Message from routine setup:
     using ibrav=0 with symmetry is DISCOURAGED, use correct ibrav instead

     activation energy (->) =   0.000000 eV
     activation energy (<-) =   0.174532 eV

     image        energy (eV)        error (eV/A)        frozen

         1     -76264.4940623            4.339295            T
         2     -76266.9273144            0.365213            F
         3     -76267.2404465            0.791087            F
         4     -76266.9575877            0.498579            F
         5     -76264.6685943            1.231554            T

     climbing image =  1

     path length          =  9.760 bohr
     inter-image distance =  2.440 bohr

     ------------------------------ iteration   9 ------------------------------

     tcpu = 148211.1    self-consistency for image   2
     Message from routine setup:
     using ibrav=0 with symmetry is DISCOURAGED, use correct ibrav instead
     tcpu = 150972.2    self-consistency for image   3
     Message from routine setup:
     using ibrav=0 with symmetry is DISCOURAGED, use correct ibrav instead
     tcpu = 154685.6    self-consistency for image   4
     Message from routine setup:
     using ibrav=0 with symmetry is DISCOURAGED, use correct ibrav instead

     activation energy (->) =   0.000000 eV
     activation energy (<-) =   0.174532 eV

     image        energy (eV)        error (eV/A)        frozen

         1     -76264.4940623            4.355625            T
         2     -76266.9301465            0.361210            F
         3     -76267.2409773            0.780755            F
         4     -76266.9583630            0.493825            F
         5     -76264.6685943            1.231554            T

     climbing image =  1

     path length          =  9.759 bohr
     inter-image distance =  2.440 bohr

     ------------------------------ iteration  10 ------------------------------

     tcpu = 157590.4    self-consistency for image   2
     Message from routine setup:
     using ibrav=0 with symmetry is DISCOURAGED, use correct ibrav instead
     tcpu = 160585.1    self-consistency for image   3
     Message from routine setup:
     using ibrav=0 with symmetry is DISCOURAGED, use correct ibrav instead
     tcpu = 163807.4    self-consistency for image   4
     Message from routine setup:
     using ibrav=0 with symmetry is DISCOURAGED, use correct ibrav instead

     activation energy (->) =   0.000000 eV
     activation energy (<-) =   0.174532 eV

     image        energy (eV)        error (eV/A)        frozen

         1     -76264.4940623            4.404145            T
         2     -76266.9384687            0.351160            F
         3     -76267.2425412            0.758690            F
         4     -76266.9605601            0.479210            F
         5     -76264.6685943            1.231554            T

     climbing image =  1

     path length          =  9.757 bohr
     inter-image distance =  2.439 bohr

     ------------------------------ iteration  11 ------------------------------

     tcpu = 167341.4    self-consistency for image   2
     Message from routine setup:
     using ibrav=0 with symmetry is DISCOURAGED, use correct ibrav instead

     WARNING :  scf convergence NOT achieved on image   2

     cleaning-up extrapolation files

 
     NEB          :   1d22h41m CPU   1d23h30m WALL

 
   This run was terminated on:   2:14:37  16Sep2026            

=------------------------------------------------------------------------------=
   JOB DONE.
=------------------------------------------------------------------------------=
