
     Program NEB v.7.3.1 starts on 14Sep2026 at  9:44:58 

     This program is part of the open-source Quantum ESPRESSO suite
     for quantum simulation of materials; please cite
         "P. Giannozzi et al., J. Phys.:Condens. Matter 21 395502 (2009);
         "P. Giannozzi et al., J. Phys.:Condens. Matter 29 465901 (2017);
         "P. Giannozzi et al., J. Chem. Phys. 152 154105 (2020);
          URL http://www.quantum-espresso.org", 
     in publications or presentations arising from this work. More details at
     http://www.quantum-espresso.org/quote

     Parallel version (MPI), running on     2 processors

     MPI processes distributed on     1 nodes
     158970 MiB available memory on the printing compute node when the environment starts
 

     Parsing file: neb.in
     Reading input from pw_1.in
     Reading input from pw_2.in
     Reading input from pw_3.in
     Reading input from pw_4.in
     Reading input from pw_5.in

     restart file 'sb2te3.path' not found: 
     starting from scratch

     initial path length           =  6.4026 bohr
     initial inter-image distance  =  1.6006 bohr
 
     string_method                 =    neb
     restart_mode                  =    from_scratch
     opt_scheme                    =    broyden
     num_of_images                 =    5
     nstep_path                    =    1000
     CI_scheme                     =    auto
     first_last_opt                =    F
     use_freezing                  =    F
     ds                            =    0.2000 a.u.
     k_max                         =    0.3000 a.u.
     k_min                         =    0.1000 a.u.
     suggested k_max               =   15.4213 a.u.
     suggested k_min               =    5.1404 a.u.
     path_thr                      =    0.0300 eV / A

     ------------------------------ iteration   1 ------------------------------

     tcpu =      0.5    self-consistency for image   1
     Message from routine setup:
     using ibrav=0 with symmetry is DISCOURAGED, use correct ibrav instead
     tcpu =    769.8    self-consistency for image   2
     Message from routine setup:
     using ibrav=0 with symmetry is DISCOURAGED, use correct ibrav instead
     tcpu =   1701.1    self-consistency for image   3
     Message from routine setup:
     using ibrav=0 with symmetry is DISCOURAGED, use correct ibrav instead
     tcpu =   2414.2    self-consistency for image   4
     Message from routine setup:
     using ibrav=0 with symmetry is DISCOURAGED, use correct ibrav instead
     tcpu =   3160.0    self-consistency for image   5
     Message from routine setup:
     using ibrav=0 with symmetry is DISCOURAGED, use correct ibrav instead

     activation energy (->) =   0.650733 eV
     activation energy (<-) =   0.092800 eV

     image        energy (eV)        error (eV/A)        frozen

         1    -133597.4398090            0.233763            T
         2    -133597.2113156            2.431956            F
         3    -133596.7890758            0.296445            F
         4    -133597.1526202            0.402760            F
         5    -133596.8818756            0.226300            T

     climbing image =  3

     path length          =  6.403 bohr
     inter-image distance =  1.601 bohr

     ------------------------------ iteration   2 ------------------------------

     tcpu =   3888.5    self-consistency for image   2
     Message from routine setup:
     using ibrav=0 with symmetry is DISCOURAGED, use correct ibrav instead
     tcpu =   4265.3    self-consistency for image   3
     Message from routine setup:
     using ibrav=0 with symmetry is DISCOURAGED, use correct ibrav instead
     tcpu =   4546.2    self-consistency for image   4
     Message from routine setup:
     using ibrav=0 with symmetry is DISCOURAGED, use correct ibrav instead

     activation energy (->) =   0.650232 eV
     activation energy (<-) =   0.092299 eV

     image        energy (eV)        error (eV/A)        frozen

         1    -133597.4398090            0.233763            T
         2    -133597.2109875            2.412150            F
         3    -133596.7895766            0.279315            F
         4    -133597.1537386            0.400826            F
         5    -133596.8818756            0.226300            T

     climbing image =  3

     path length          =  6.404 bohr
     inter-image distance =  1.601 bohr

     ------------------------------ iteration   3 ------------------------------

     tcpu =   4892.1    self-consistency for image   2
     Message from routine setup:
     using ibrav=0 with symmetry is DISCOURAGED, use correct ibrav instead
     tcpu =   5344.4    self-consistency for image   3
     Message from routine setup:
     using ibrav=0 with symmetry is DISCOURAGED, use correct ibrav instead
     tcpu =   5706.7    self-consistency for image   4
     Message from routine setup:
     using ibrav=0 with symmetry is DISCOURAGED, use correct ibrav instead

     activation energy (->) =   0.648915 eV
     activation energy (<-) =   0.090981 eV

     image        energy (eV)        error (eV/A)        frozen

         1    -133597.4398090            0.233763            T
         2    -133597.2100561            2.362742            F
         3    -133596.7908944            0.295188            F
         4    -133597.1550253            0.399130            F
         5    -133596.8818756            0.226300            T

     climbing image =  3

     path length          =  6.406 bohr
     inter-image distance =  1.601 bohr

     ------------------------------ iteration   4 ------------------------------

     tcpu =   6028.9    self-consistency for image   2
     Message from routine setup:
     using ibrav=0 with symmetry is DISCOURAGED, use correct ibrav instead
     tcpu =   6508.8    self-consistency for image   3
     Message from routine setup:
     using ibrav=0 with symmetry is DISCOURAGED, use correct ibrav instead
     tcpu =   6870.7    self-consistency for image   4
     Message from routine setup:
     using ibrav=0 with symmetry is DISCOURAGED, use correct ibrav instead

     activation energy (->) =   0.647456 eV
     activation energy (<-) =   0.089523 eV

     image        energy (eV)        error (eV/A)        frozen

         1    -133597.4398090            0.233763            T
         2    -133597.2090056            2.308113            F
         3    -133596.7923527            0.293920            F
         4    -133597.1565680            0.363862            F
         5    -133596.8818756            0.226300            T

     climbing image =  3

     path length          =  6.408 bohr
     inter-image distance =  1.602 bohr

     ------------------------------ iteration   5 ------------------------------

     tcpu =   7160.3    self-consistency for image   2
     Message from routine setup:
     using ibrav=0 with symmetry is DISCOURAGED, use correct ibrav instead
     tcpu =   7655.4    self-consistency for image   3
     Message from routine setup:
     using ibrav=0 with symmetry is DISCOURAGED, use correct ibrav instead
     tcpu =   8012.5    self-consistency for image   4
     Message from routine setup:
     using ibrav=0 with symmetry is DISCOURAGED, use correct ibrav instead

     activation energy (->) =   0.644447 eV
     activation energy (<-) =   0.086513 eV

     image        energy (eV)        error (eV/A)        frozen

         1    -133597.4398090            0.233763            T
         2    -133597.2066521            2.193819            F
         3    -133596.7953623            0.291839            F
         4    -133597.1598821            0.395758            F
         5    -133596.8818756            0.226300            T

     climbing image =  3

     path length          =  6.413 bohr
     inter-image distance =  1.603 bohr

     ------------------------------ iteration   6 ------------------------------

     tcpu =   8419.0    self-consistency for image   2
     Message from routine setup:
     using ibrav=0 with symmetry is DISCOURAGED, use correct ibrav instead
     tcpu =   9016.4    self-consistency for image   3
     Message from routine setup:
     using ibrav=0 with symmetry is DISCOURAGED, use correct ibrav instead
     tcpu =   9541.4    self-consistency for image   4
     Message from routine setup:
     using ibrav=0 with symmetry is DISCOURAGED, use correct ibrav instead

     activation energy (->) =   0.635383 eV
     activation energy (<-) =   0.077449 eV

     image        energy (eV)        error (eV/A)        frozen

         1    -133597.4398090            0.233763            T
         2    -133597.1980359            1.838001            F
         3    -133596.8044261            0.282747            F
         4    -133597.1698195            0.389574            F
         5    -133596.8818756            0.226300            T

     climbing image =  3

     path length          =  6.428 bohr
     inter-image distance =  1.607 bohr

     ------------------------------ iteration   7 ------------------------------

     tcpu =  10094.4    self-consistency for image   2
     Message from routine setup:
     using ibrav=0 with symmetry is DISCOURAGED, use correct ibrav instead
     tcpu =  10731.9    self-consistency for image   3
     Message from routine setup:
     using ibrav=0 with symmetry is DISCOURAGED, use correct ibrav instead
     tcpu =  11288.9    self-consistency for image   4
     Message from routine setup:
     using ibrav=0 with symmetry is DISCOURAGED, use correct ibrav instead

     activation energy (->) =   0.625304 eV
     activation energy (<-) =   0.067371 eV

     image        energy (eV)        error (eV/A)        frozen

         1    -133597.4398090            0.233763            T
         2    -133597.1858488            1.419245            F
         3    -133596.8145045            0.275038            F
         4    -133597.1810591            0.448036            F
         5    -133596.8818756            0.226300            T

     climbing image =  3

     path length          =  6.447 bohr
     inter-image distance =  1.612 bohr

     ------------------------------ iteration   8 ------------------------------

     tcpu =  11811.4    self-consistency for image   2
     Message from routine setup:
     using ibrav=0 with symmetry is DISCOURAGED, use correct ibrav instead
     tcpu =  12590.8    self-consistency for image   3
     Message from routine setup:
     using ibrav=0 with symmetry is DISCOURAGED, use correct ibrav instead
     tcpu =  13311.3    self-consistency for image   4
     Message from routine setup:
     using ibrav=0 with symmetry is DISCOURAGED, use correct ibrav instead

     activation energy (->) =   0.573857 eV
     activation energy (<-) =   0.015923 eV

     image        energy (eV)        error (eV/A)        frozen

         1    -133597.4398090            0.233763            T
         2    -133597.0758296            1.518831            F
         3    -133596.8659524            0.216350            F
         4    -133597.2406505            0.709722            F
         5    -133596.8818756            0.226300            T

     climbing image =  3

     path length          =  6.565 bohr
     inter-image distance =  1.641 bohr

     ------------------------------ iteration   9 ------------------------------

     tcpu =  13994.4    self-consistency for image   2
     Message from routine setup:
     using ibrav=0 with symmetry is DISCOURAGED, use correct ibrav instead
     tcpu =  14550.3    self-consistency for image   3
     Message from routine setup:
     using ibrav=0 with symmetry is DISCOURAGED, use correct ibrav instead
     tcpu =  15000.4    self-consistency for image   4
     Message from routine setup:
     using ibrav=0 with symmetry is DISCOURAGED, use correct ibrav instead

     activation energy (->) =   0.577582 eV
     activation energy (<-) =   0.019649 eV

     image        energy (eV)        error (eV/A)        frozen

         1    -133597.4398090            0.233763            T
         2    -133597.0888139            1.202336            F
         3    -133596.8622269            0.221540            F
         4    -133597.2364248            0.688907            F
         5    -133596.8818756            0.226300            T

     climbing image =  3

     path length          =  6.555 bohr
     inter-image distance =  1.639 bohr

     ------------------------------ iteration  10 ------------------------------

     tcpu =  15492.0    self-consistency for image   2
     Message from routine setup:
     using ibrav=0 with symmetry is DISCOURAGED, use correct ibrav instead
     tcpu =  15847.5    self-consistency for image   3
     Message from routine setup:
     using ibrav=0 with symmetry is DISCOURAGED, use correct ibrav instead
     tcpu =  16128.5    self-consistency for image   4
     Message from routine setup:
     using ibrav=0 with symmetry is DISCOURAGED, use correct ibrav instead

     activation energy (->) =   0.577763 eV
     activation energy (<-) =   0.019829 eV

     image        energy (eV)        error (eV/A)        frozen

         1    -133597.4398090            0.233763            T
         2    -133597.0917126            1.144219            F
         3    -133596.8620461            0.228313            F
         4    -133597.2364328            0.689205            F
         5    -133596.8818756            0.226300            T

     climbing image =  3

     path length          =  6.554 bohr
     inter-image distance =  1.639 bohr

     ------------------------------ iteration  11 ------------------------------

     tcpu =  16382.8    self-consistency for image   2
     Message from routine setup:
     using ibrav=0 with symmetry is DISCOURAGED, use correct ibrav instead
     tcpu =  16753.5    self-consistency for image   3
     Message from routine setup:
     using ibrav=0 with symmetry is DISCOURAGED, use correct ibrav instead
     tcpu =  17003.8    self-consistency for image   4
     Message from routine setup:
     using ibrav=0 with symmetry is DISCOURAGED, use correct ibrav instead

     activation energy (->) =   0.577440 eV
     activation energy (<-) =   0.019506 eV

     image        energy (eV)        error (eV/A)        frozen

         1    -133597.4398090            0.233763            T
         2    -133597.0948306            1.092230            F
         3    -133596.8623691            0.212504            F
         4    -133597.2371848            0.670037            F
         5    -133596.8818756            0.226300            T

     climbing image =  3

     path length          =  6.556 bohr
     inter-image distance =  1.639 bohr

     ------------------------------ iteration  12 ------------------------------

     tcpu =  17266.8    self-consistency for image   2
     Message from routine setup:
     using ibrav=0 with symmetry is DISCOURAGED, use correct ibrav instead
     tcpu =  17589.4    self-consistency for image   3
     Message from routine setup:
     using ibrav=0 with symmetry is DISCOURAGED, use correct ibrav instead
     tcpu =  17840.7    self-consistency for image   4
     Message from routine setup:
     using ibrav=0 with symmetry is DISCOURAGED, use correct ibrav instead

     activation energy (->) =   0.576756 eV
     activation energy (<-) =   0.018823 eV

     image        energy (eV)        error (eV/A)        frozen

         1    -133597.4398090            0.233763            T
         2    -133597.0975798            1.055035            F
         3    -133596.8630526            0.196876            F
         4    -133597.2384523            0.652208            F
         5    -133596.8818756            0.226300            T

     climbing image =  3

     path length          =  6.558 bohr
     inter-image distance =  1.639 bohr

     ------------------------------ iteration  13 ------------------------------

     tcpu =  18122.3    self-consistency for image   2
     Message from routine setup:
     using ibrav=0 with symmetry is DISCOURAGED, use correct ibrav instead
     tcpu =  18901.4    self-consistency for image   3
     Message from routine setup:
     using ibrav=0 with symmetry is DISCOURAGED, use correct ibrav instead
     tcpu =  19484.9    self-consistency for image   4
     Message from routine setup:
     using ibrav=0 with symmetry is DISCOURAGED, use correct ibrav instead

     activation energy (->) =   0.557933 eV
     activation energy (<-) =  -0.000000 eV

     image        energy (eV)        error (eV/A)        frozen

         1    -133597.4398090            0.233763            T
         2    -133597.2125850            0.483345            F
         3    -133596.8926826            1.394412            F
         4    -133597.2900428            0.337165            F
         5    -133596.8818756            0.451671            T

     climbing image =  5

     path length          =  6.666 bohr
     inter-image distance =  1.666 bohr

     broyden uphill step : history is reset


     ------------------------------ iteration  14 ------------------------------

     tcpu =  20092.8    self-consistency for image   2
     Message from routine setup:
     using ibrav=0 with symmetry is DISCOURAGED, use correct ibrav instead
     tcpu =  20367.7    self-consistency for image   3
     Message from routine setup:
     using ibrav=0 with symmetry is DISCOURAGED, use correct ibrav instead
     tcpu =  20625.8    self-consistency for image   4
     Message from routine setup:
     using ibrav=0 with symmetry is DISCOURAGED, use correct ibrav instead

     activation energy (->) =   0.557933 eV
     activation energy (<-) =  -0.000000 eV

     image        energy (eV)        error (eV/A)        frozen

         1    -133597.4398090            0.233763            T
         2    -133597.2125583            0.490500            F
         3    -133596.8930731            1.384449            F
         4    -133597.2905000            0.330902            F
         5    -133596.8818756            0.452075            T

     climbing image =  5

     path length          =  6.667 bohr
     inter-image distance =  1.667 bohr

     ------------------------------ iteration  15 ------------------------------

     tcpu =  20900.4    self-consistency for image   2
     Message from routine setup:
     using ibrav=0 with symmetry is DISCOURAGED, use correct ibrav instead
     tcpu =  21421.4    self-consistency for image   3
     Message from routine setup:
     using ibrav=0 with symmetry is DISCOURAGED, use correct ibrav instead
     tcpu =  21997.0    self-consistency for image   4
     Message from routine setup:
     using ibrav=0 with symmetry is DISCOURAGED, use correct ibrav instead

     activation energy (->) =   0.557933 eV
     activation energy (<-) =  -0.000000 eV

     image        energy (eV)        error (eV/A)        frozen

         1    -133597.4398090            0.233763            T
         2    -133597.2108530            0.556354            F
         3    -133596.9106829            0.905291            F
         4    -133597.3099553            0.529000            F
         5    -133596.8818756            0.468250            T

     climbing image =  5

     path length          =  6.706 bohr
     inter-image distance =  1.677 bohr

     ------------------------------ iteration  16 ------------------------------

     tcpu =  22588.3    self-consistency for image   2
     Message from routine setup:
     using ibrav=0 with symmetry is DISCOURAGED, use correct ibrav instead
     tcpu =  23393.1    self-consistency for image   3
     Message from routine setup:
     using ibrav=0 with symmetry is DISCOURAGED, use correct ibrav instead
     tcpu =  24243.0    self-consistency for image   4
     Message from routine setup:
     using ibrav=0 with symmetry is DISCOURAGED, use correct ibrav instead

     activation energy (->) =   0.557933 eV
     activation energy (<-) =  -0.000000 eV

     image        energy (eV)        error (eV/A)        frozen

         1    -133597.4398090            0.233763            T
         2    -133597.1948723            0.587284            F
         3    -133597.0083342            1.167922            F
         4    -133597.3929283            1.324504            F
         5    -133596.8818756            0.532030            T

     climbing image =  5

     path length          =  6.921 bohr
     inter-image distance =  1.730 bohr

     ------------------------------ iteration  17 ------------------------------

     tcpu =  24996.1    self-consistency for image   2
     Message from routine setup:
     using ibrav=0 with symmetry is DISCOURAGED, use correct ibrav instead
     tcpu =  25482.8    self-consistency for image   3
     Message from routine setup:
     using ibrav=0 with symmetry is DISCOURAGED, use correct ibrav instead
     tcpu =  26031.2    self-consistency for image   4
     Message from routine setup:
     using ibrav=0 with symmetry is DISCOURAGED, use correct ibrav instead

     activation energy (->) =   0.557933 eV
     activation energy (<-) =  -0.000000 eV

     image        energy (eV)        error (eV/A)        frozen

         1    -133597.4398090            0.233763            T
         2    -133597.1974068            0.606781            F
         3    -133596.9951652            0.914417            F
         4    -133597.3836603            1.226033            F
         5    -133596.8818756            0.524422            T

     climbing image =  5

     path length          =  6.892 bohr
     inter-image distance =  1.723 bohr

     ------------------------------ iteration  18 ------------------------------

     tcpu =  26583.9    self-consistency for image   2
     Message from routine setup:
     using ibrav=0 with symmetry is DISCOURAGED, use correct ibrav instead
     tcpu =  26942.6    self-consistency for image   3
     Message from routine setup:
     using ibrav=0 with symmetry is DISCOURAGED, use correct ibrav instead
     tcpu =  27265.1    self-consistency for image   4
     Message from routine setup:
     using ibrav=0 with symmetry is DISCOURAGED, use correct ibrav instead

     activation energy (->) =   0.557933 eV
     activation energy (<-) =  -0.000000 eV

     image        energy (eV)        error (eV/A)        frozen

         1    -133597.4398090            0.233763            T
         2    -133597.1971143            0.595554            F
         3    -133596.9961314            0.915902            F
         4    -133597.3842598            1.221911            F
         5    -133596.8818756            0.524073            T

     climbing image =  5

     path length          =  6.894 bohr
     inter-image distance =  1.724 bohr

     ------------------------------ iteration  19 ------------------------------

     tcpu =  27546.0    self-consistency for image   2
     Message from routine setup:
     using ibrav=0 with symmetry is DISCOURAGED, use correct ibrav instead
     tcpu =  27832.0    self-consistency for image   3
     Message from routine setup:
     using ibrav=0 with symmetry is DISCOURAGED, use correct ibrav instead
     tcpu =  28095.7    self-consistency for image   4
     Message from routine setup:
     using ibrav=0 with symmetry is DISCOURAGED, use correct ibrav instead

     activation energy (->) =   0.557933 eV
     activation energy (<-) =  -0.000000 eV

     image        energy (eV)        error (eV/A)        frozen

         1    -133597.4398090            0.233763            T
         2    -133597.1969253            0.586687            F
         3    -133596.9962454            0.900154            F
         4    -133597.3842266            1.231939            F
         5    -133596.8818756            0.522855            T

     climbing image =  5

     path length          =  6.895 bohr
     inter-image distance =  1.724 bohr

     ------------------------------ iteration  20 ------------------------------

     tcpu =  28385.9    self-consistency for image   2
     Message from routine setup:
     using ibrav=0 with symmetry is DISCOURAGED, use correct ibrav instead
     tcpu =  28663.4    self-consistency for image   3
     Message from routine setup:
     using ibrav=0 with symmetry is DISCOURAGED, use correct ibrav instead
     tcpu =  28923.1    self-consistency for image   4
     Message from routine setup:
     using ibrav=0 with symmetry is DISCOURAGED, use correct ibrav instead

     activation energy (->) =   0.557933 eV
     activation energy (<-) =  -0.000000 eV

     image        energy (eV)        error (eV/A)        frozen

         1    -133597.4398090            0.233763            T
         2    -133597.1967422            0.574205            F
         3    -133596.9963813            0.879387            F
         4    -133597.3842379            1.215701            F
         5    -133596.8818756            0.521671            T

     climbing image =  5

     path length          =  6.895 bohr
     inter-image distance =  1.724 bohr

     ------------------------------ iteration  21 ------------------------------

     tcpu =  29211.9    self-consistency for image   2
     Message from routine setup:
     using ibrav=0 with symmetry is DISCOURAGED, use correct ibrav instead
     tcpu =  29563.8    self-consistency for image   3
     Message from routine setup:
     using ibrav=0 with symmetry is DISCOURAGED, use correct ibrav instead
     tcpu =  29878.5    self-consistency for image   4
     Message from routine setup:
     using ibrav=0 with symmetry is DISCOURAGED, use correct ibrav instead

     activation energy (->) =   0.557933 eV
     activation energy (<-) =  -0.000000 eV

     image        energy (eV)        error (eV/A)        frozen

         1    -133597.4398090            0.233763            T
         2    -133597.1964045            0.542918            F
         3    -133596.9966592            0.836109            F
         4    -133597.3842711            1.166507            F
         5    -133596.8818756            0.519325            T

     climbing image =  5

     path length          =  6.896 bohr
     inter-image distance =  1.724 bohr

     ------------------------------ iteration  22 ------------------------------

     tcpu =  30239.1    self-consistency for image   2
     Message from routine setup:
     using ibrav=0 with symmetry is DISCOURAGED, use correct ibrav instead
     tcpu =  30683.1    self-consistency for image   3
     Message from routine setup:
     using ibrav=0 with symmetry is DISCOURAGED, use correct ibrav instead
     tcpu =  31131.7    self-consistency for image   4
     Message from routine setup:
     using ibrav=0 with symmetry is DISCOURAGED, use correct ibrav instead

     activation energy (->) =   0.557933 eV
     activation energy (<-) =  -0.000000 eV

     image        energy (eV)        error (eV/A)        frozen

         1    -133597.4398090            0.233763            T
         2    -133597.1953664            0.465345            F
         3    -133596.9974908            0.717587            F
         4    -133597.3842382            1.083767            F
         5    -133596.8818756            0.512417            T

     climbing image =  5

     path length          =  6.900 bohr
     inter-image distance =  1.725 bohr

     ------------------------------ iteration  23 ------------------------------

     tcpu =  31585.3    self-consistency for image   2
     Message from routine setup:
     using ibrav=0 with symmetry is DISCOURAGED, use correct ibrav instead
     tcpu =  32060.5    self-consistency for image   3
     Message from routine setup:
     using ibrav=0 with symmetry is DISCOURAGED, use correct ibrav instead
     tcpu =  32589.1    self-consistency for image   4
     Message from routine setup:
     using ibrav=0 with symmetry is DISCOURAGED, use correct ibrav instead

     activation energy (->) =   0.557933 eV
     activation energy (<-) =  -0.000000 eV

     image        energy (eV)        error (eV/A)        frozen

         1    -133597.4398090            0.233763            T
         2    -133597.1926435            0.259999            F
         3    -133596.9996742            0.404777            F
         4    -133597.3837576            0.864880            F
         5    -133596.8818756            0.496674            T

     climbing image =  5

     path length          =  6.909 bohr
     inter-image distance =  1.727 bohr

     ------------------------------ iteration  24 ------------------------------

     tcpu =  33070.2    self-consistency for image   2
     Message from routine setup:
     using ibrav=0 with symmetry is DISCOURAGED, use correct ibrav instead
     tcpu =  33608.9    self-consistency for image   3
     Message from routine setup:
     using ibrav=0 with symmetry is DISCOURAGED, use correct ibrav instead
     tcpu =  34183.5    self-consistency for image   4
     Message from routine setup:
     using ibrav=0 with symmetry is DISCOURAGED, use correct ibrav instead

     activation energy (->) =   0.557933 eV
     activation energy (<-) =  -0.000000 eV

     image        energy (eV)        error (eV/A)        frozen

         1    -133597.4398090            0.233763            T
         2    -133597.1888613            0.146502            F
         3    -133597.0027577            0.260952            F
         4    -133597.3819499            0.548973            F
         5    -133596.8818756            0.491284            T

     climbing image =  5

     path length          =  6.923 bohr
     inter-image distance =  1.731 bohr

     ------------------------------ iteration  25 ------------------------------

     tcpu =  34741.3    self-consistency for image   2
     Message from routine setup:
     using ibrav=0 with symmetry is DISCOURAGED, use correct ibrav instead
     tcpu =  35269.4    self-consistency for image   3
     Message from routine setup:
     using ibrav=0 with symmetry is DISCOURAGED, use correct ibrav instead
     tcpu =  35823.2    self-consistency for image   4
     Message from routine setup:
     using ibrav=0 with symmetry is DISCOURAGED, use correct ibrav instead

     activation energy (->) =   0.557933 eV
     activation energy (<-) =  -0.000000 eV

     image        energy (eV)        error (eV/A)        frozen

         1    -133597.4398090            0.233763            T
         2    -133597.1855931            0.310879            F
         3    -133597.0059456            0.481987            F
         4    -133597.3790922            0.242744            F
         5    -133596.8818756            0.486192            T

     climbing image =  5

     path length          =  6.939 bohr
     inter-image distance =  1.735 bohr

     ------------------------------ iteration  26 ------------------------------

     tcpu =  36366.4    self-consistency for image   2
     Message from routine setup:
     using ibrav=0 with symmetry is DISCOURAGED, use correct ibrav instead
     tcpu =  36707.9    self-consistency for image   3
     Message from routine setup:
     using ibrav=0 with symmetry is DISCOURAGED, use correct ibrav instead
     tcpu =  37061.0    self-consistency for image   4
     Message from routine setup:
     using ibrav=0 with symmetry is DISCOURAGED, use correct ibrav instead

     activation energy (->) =   0.557933 eV
     activation energy (<-) =  -0.000000 eV

     image        energy (eV)        error (eV/A)        frozen

         1    -133597.4398090            0.233763            T
         2    -133597.1856275            0.334149            F
         3    -133597.0065752            0.523803            F
         4    -133597.3789530            0.218994            F
         5    -133596.8818756            0.485812            T

     climbing image =  5

     path length          =  6.941 bohr
     inter-image distance =  1.735 bohr

     ------------------------------ iteration  27 ------------------------------

     tcpu =  37413.1    self-consistency for image   2
     Message from routine setup:
     using ibrav=0 with symmetry is DISCOURAGED, use correct ibrav instead
     tcpu =  37688.2    self-consistency for image   3
     Message from routine setup:
     using ibrav=0 with symmetry is DISCOURAGED, use correct ibrav instead
     tcpu =  37940.6    self-consistency for image   4
     Message from routine setup:
     using ibrav=0 with symmetry is DISCOURAGED, use correct ibrav instead

     activation energy (->) =   0.557933 eV
     activation energy (<-) =  -0.000000 eV

     image        energy (eV)        error (eV/A)        frozen

         1    -133597.4398090            0.233763            T
         2    -133597.1859970            0.332496            F
         3    -133597.0070692            0.529097            F
         4    -133597.3791156            0.224504            F
         5    -133596.8818756            0.485861            T

     climbing image =  5

     path length          =  6.943 bohr
     inter-image distance =  1.736 bohr

     ------------------------------ iteration  28 ------------------------------

     tcpu =  38226.0    self-consistency for image   2
     Message from routine setup:
     using ibrav=0 with symmetry is DISCOURAGED, use correct ibrav instead
     tcpu =  38544.6    self-consistency for image   3
     Message from routine setup:
     using ibrav=0 with symmetry is DISCOURAGED, use correct ibrav instead
     tcpu =  38848.5    self-consistency for image   4
     Message from routine setup:
     using ibrav=0 with symmetry is DISCOURAGED, use correct ibrav instead

     activation energy (->) =   0.557933 eV
     activation energy (<-) =  -0.000000 eV

     image        energy (eV)        error (eV/A)        frozen

         1    -133597.4398090            0.233763            T
         2    -133597.1867745            0.328111            F
         3    -133597.0077893            0.530523            F
         4    -133597.3795693            0.219205            F
         5    -133596.8818756            0.486055            T

     climbing image =  5

     path length          =  6.945 bohr
     inter-image distance =  1.736 bohr

     ------------------------------ iteration  29 ------------------------------

     tcpu =  39185.5    self-consistency for image   2
     Message from routine setup:
     using ibrav=0 with symmetry is DISCOURAGED, use correct ibrav instead
     tcpu =  39667.8    self-consistency for image   3
     Message from routine setup:
     using ibrav=0 with symmetry is DISCOURAGED, use correct ibrav instead
     tcpu =  40148.7    self-consistency for image   4
     Message from routine setup:
     using ibrav=0 with symmetry is DISCOURAGED, use correct ibrav instead

     activation energy (->) =   0.557933 eV
     activation energy (<-) =  -0.000000 eV

     image        energy (eV)        error (eV/A)        frozen

         1    -133597.4398090            0.233763            T
         2    -133597.1914076            0.279379            F
         3    -133597.0120303            0.521514            F
         4    -133597.3822490            0.219640            F
         5    -133596.8818756            0.487467            T

     climbing image =  5

     path length          =  6.955 bohr
     inter-image distance =  1.739 bohr

     ------------------------------ iteration  30 ------------------------------

     tcpu =  40619.3    self-consistency for image   2
     Message from routine setup:
     using ibrav=0 with symmetry is DISCOURAGED, use correct ibrav instead
     tcpu =  41101.0    self-consistency for image   3
     Message from routine setup:
     using ibrav=0 with symmetry is DISCOURAGED, use correct ibrav instead
     tcpu =  41509.2    self-consistency for image   4
     Message from routine setup:
     using ibrav=0 with symmetry is DISCOURAGED, use correct ibrav instead

     activation energy (->) =   0.557933 eV
     activation energy (<-) =  -0.000000 eV

     image        energy (eV)        error (eV/A)        frozen

         1    -133597.4398090            0.233763            T
         2    -133597.1959793            0.232427            F
         3    -133597.0162549            0.510912            F
         4    -133597.3848748            0.220923            F
         5    -133596.8818756            0.488832            T

     climbing image =  5

     path length          =  6.966 bohr
     inter-image distance =  1.741 bohr

     ------------------------------ iteration  31 ------------------------------

     tcpu =  41954.7    self-consistency for image   2
     Message from routine setup:
     using ibrav=0 with symmetry is DISCOURAGED, use correct ibrav instead
     tcpu =  42441.6    self-consistency for image   3
     Message from routine setup:
     using ibrav=0 with symmetry is DISCOURAGED, use correct ibrav instead
     tcpu =  42961.0    self-consistency for image   4
     Message from routine setup:
     using ibrav=0 with symmetry is DISCOURAGED, use correct ibrav instead

     activation energy (->) =   0.557933 eV
     activation energy (<-) =  -0.000000 eV

     image        energy (eV)        error (eV/A)        frozen

         1    -133597.4398090            0.233763            T
         2    -133597.2034722            0.158319            F
         3    -133597.0232769            0.494112            F
         4    -133597.3891803            0.225091            F
         5    -133596.8818756            0.491013            T

     climbing image =  5

     path length          =  6.984 bohr
     inter-image distance =  1.746 bohr

     ------------------------------ iteration  32 ------------------------------

     tcpu =  43440.7    self-consistency for image   2
     Message from routine setup:
     using ibrav=0 with symmetry is DISCOURAGED, use correct ibrav instead
     tcpu =  43961.2    self-consistency for image   3
     Message from routine setup:
     using ibrav=0 with symmetry is DISCOURAGED, use correct ibrav instead
     tcpu =  44429.6    self-consistency for image   4
     Message from routine setup:
     using ibrav=0 with symmetry is DISCOURAGED, use correct ibrav instead

     activation energy (->) =   0.557933 eV
     activation energy (<-) =  -0.000000 eV

     image        energy (eV)        error (eV/A)        frozen

         1    -133597.4398090            0.233763            T
         2    -133597.2131641            0.137188            F
         3    -133597.0325149            0.474054            F
         4    -133597.3947159            0.235652            F
         5    -133596.8818756            0.493709            T

     climbing image =  5

     path length          =  7.008 bohr
     inter-image distance =  1.752 bohr

     ------------------------------ iteration  33 ------------------------------

     tcpu =  44964.3    self-consistency for image   2
     Message from routine setup:
     using ibrav=0 with symmetry is DISCOURAGED, use correct ibrav instead
     tcpu =  45454.6    self-consistency for image   3
     Message from routine setup:
     using ibrav=0 with symmetry is DISCOURAGED, use correct ibrav instead
     tcpu =  45879.5    self-consistency for image   4
     Message from routine setup:
     using ibrav=0 with symmetry is DISCOURAGED, use correct ibrav instead

     activation energy (->) =   0.557933 eV
     activation energy (<-) =  -0.000000 eV

     image        energy (eV)        error (eV/A)        frozen

         1    -133597.4398090            0.233763            T
         2    -133597.2179807            0.134363            F
         3    -133597.0373178            0.462739            F
         4    -133597.3975071            0.243946            F
         5    -133596.8818756            0.495008            T

     climbing image =  5

     path length          =  7.021 bohr
     inter-image distance =  1.755 bohr

     ------------------------------ iteration  34 ------------------------------

     tcpu =  46366.5    self-consistency for image   2
     Message from routine setup:
     using ibrav=0 with symmetry is DISCOURAGED, use correct ibrav instead
     tcpu =  46845.2    self-consistency for image   3
     Message from routine setup:
     using ibrav=0 with symmetry is DISCOURAGED, use correct ibrav instead
     tcpu =  47271.8    self-consistency for image   4
     Message from routine setup:
     using ibrav=0 with symmetry is DISCOURAGED, use correct ibrav instead

     activation energy (->) =   0.557933 eV
     activation energy (<-) =  -0.000000 eV

     image        energy (eV)        error (eV/A)        frozen

         1    -133597.4398090            0.233763            T
         2    -133597.2224510            0.132438            F
         3    -133597.0419843            0.451624            F
         4    -133597.4001646            0.253344            F
         5    -133596.8818756            0.496179            T

     climbing image =  5

     path length          =  7.034 bohr
     inter-image distance =  1.758 bohr

     ------------------------------ iteration  35 ------------------------------

     tcpu =  47755.3    self-consistency for image   2
     Message from routine setup:
     using ibrav=0 with symmetry is DISCOURAGED, use correct ibrav instead
     tcpu =  48211.7    self-consistency for image   3
     Message from routine setup:
     using ibrav=0 with symmetry is DISCOURAGED, use correct ibrav instead
     tcpu =  48619.5    self-consistency for image   4
     Message from routine setup:
     using ibrav=0 with symmetry is DISCOURAGED, use correct ibrav instead

     activation energy (->) =   0.557933 eV
     activation energy (<-) =  -0.000000 eV

     image        energy (eV)        error (eV/A)        frozen

         1    -133597.4398090            0.233763            T
         2    -133597.2249218            0.131520            F
         3    -133597.0447563            0.444884            F
         4    -133597.4017092            0.258868            F
         5    -133596.8818756            0.496809            T

     climbing image =  5

     path length          =  7.041 bohr
     inter-image distance =  1.760 bohr

     ------------------------------ iteration  36 ------------------------------

     tcpu =  48973.7    self-consistency for image   2
     Message from routine setup:
     using ibrav=0 with symmetry is DISCOURAGED, use correct ibrav instead
     tcpu =  49306.1    self-consistency for image   3
     Message from routine setup:
     using ibrav=0 with symmetry is DISCOURAGED, use correct ibrav instead
     tcpu =  49657.0    self-consistency for image   4
     Message from routine setup:
     using ibrav=0 with symmetry is DISCOURAGED, use correct ibrav instead

     activation energy (->) =   0.557933 eV
     activation energy (<-) =  -0.000000 eV

     image        energy (eV)        error (eV/A)        frozen

         1    -133597.4398090            0.233763            T
         2    -133597.2266449            0.131036            F
         3    -133597.0468846            0.438795            F
         4    -133597.4028609            0.264434            F
         5    -133596.8818756            0.497232            T

     climbing image =  5

     path length          =  7.047 bohr
     inter-image distance =  1.762 bohr

     ------------------------------ iteration  37 ------------------------------

     tcpu =  50009.2    self-consistency for image   2
     Message from routine setup:
     using ibrav=0 with symmetry is DISCOURAGED, use correct ibrav instead
     tcpu =  50476.1    self-consistency for image   3
     Message from routine setup:
     using ibrav=0 with symmetry is DISCOURAGED, use correct ibrav instead
     tcpu =  50868.4    self-consistency for image   4
     Message from routine setup:
     using ibrav=0 with symmetry is DISCOURAGED, use correct ibrav instead

     activation energy (->) =   0.557933 eV
     activation energy (<-) =  -0.000000 eV

     image        energy (eV)        error (eV/A)        frozen

         1    -133597.4398090            0.233763            T
         2    -133597.2297791            0.129416            F
         3    -133597.0509622            0.427568            F
         4    -133597.4050207            0.275510            F
         5    -133596.8818756            0.497958            T

     climbing image =  5

     path length          =  7.057 bohr
     inter-image distance =  1.764 bohr

     ------------------------------ iteration  38 ------------------------------

     tcpu =  51293.2    self-consistency for image   2
     Message from routine setup:
     using ibrav=0 with symmetry is DISCOURAGED, use correct ibrav instead
     tcpu =  51760.6    self-consistency for image   3
     Message from routine setup:
     using ibrav=0 with symmetry is DISCOURAGED, use correct ibrav instead
     tcpu =  52175.2    self-consistency for image   4
     Message from routine setup:
     using ibrav=0 with symmetry is DISCOURAGED, use correct ibrav instead

     activation energy (->) =   0.557933 eV
     activation energy (<-) =  -0.000000 eV

     image        energy (eV)        error (eV/A)        frozen

         1    -133597.4398090            0.233763            T
         2    -133597.2328523            0.128545            F
         3    -133597.0552177            0.415382            F
         4    -133597.4072165            0.287091            F
         5    -133596.8818756            0.498606            T

     climbing image =  5

     path length          =  7.068 bohr
     inter-image distance =  1.767 bohr

     ------------------------------ iteration  39 ------------------------------

     tcpu =  52612.6    self-consistency for image   2
     Message from routine setup:
     using ibrav=0 with symmetry is DISCOURAGED, use correct ibrav instead
     tcpu =  53094.5    self-consistency for image   3
     Message from routine setup:
     using ibrav=0 with symmetry is DISCOURAGED, use correct ibrav instead
     tcpu =  53582.7    self-consistency for image   4
     Message from routine setup:
     using ibrav=0 with symmetry is DISCOURAGED, use correct ibrav instead

     activation energy (->) =   0.557933 eV
     activation energy (<-) =  -0.000000 eV

     image        energy (eV)        error (eV/A)        frozen

         1    -133597.4398090            0.233763            T
         2    -133597.2378587            0.132776            F
         3    -133597.0624403            0.396638            F
         4    -133597.4108369            0.306325            F
         5    -133596.8818756            0.499529            T

     climbing image =  5

     path length          =  7.087 bohr
     inter-image distance =  1.772 bohr

     ------------------------------ iteration  40 ------------------------------

     tcpu =  54102.9    self-consistency for image   2
     Message from routine setup:
     using ibrav=0 with symmetry is DISCOURAGED, use correct ibrav instead
     tcpu =  54617.1    self-consistency for image   3
     Message from routine setup:
     using ibrav=0 with symmetry is DISCOURAGED, use correct ibrav instead
     tcpu =  55135.2    self-consistency for image   4
     Message from routine setup:
     using ibrav=0 with symmetry is DISCOURAGED, use correct ibrav instead

     activation energy (->) =   0.557933 eV
     activation energy (<-) =  -0.000000 eV

     image        energy (eV)        error (eV/A)        frozen

         1    -133597.4398090            0.233763            T
         2    -133597.2440795            0.140591            F
         3    -133597.0717718            0.374305            F
         4    -133597.4153620            0.332533            F
         5    -133596.8818756            0.500432            T

     climbing image =  5

     path length          =  7.112 bohr
     inter-image distance =  1.778 bohr

     ------------------------------ iteration  41 ------------------------------

     tcpu =  55665.1    self-consistency for image   2
     Message from routine setup:
     using ibrav=0 with symmetry is DISCOURAGED, use correct ibrav instead
     tcpu =  56142.1    self-consistency for image   3
     Message from routine setup:
     using ibrav=0 with symmetry is DISCOURAGED, use correct ibrav instead
     tcpu =  56584.3    self-consistency for image   4
     Message from routine setup:
     using ibrav=0 with symmetry is DISCOURAGED, use correct ibrav instead

     activation energy (->) =   0.557933 eV
     activation energy (<-) =  -0.000000 eV

     image        energy (eV)        error (eV/A)        frozen

         1    -133597.4398090            0.233763            T
         2    -133597.2471305            0.143706            F
         3    -133597.0765877            0.364478            F
         4    -133597.4175844            0.345134            F
         5    -133596.8818756            0.500702            T

     climbing image =  5

     path length          =  7.125 bohr
     inter-image distance =  1.781 bohr

     ------------------------------ iteration  42 ------------------------------

     tcpu =  57046.2    self-consistency for image   2
     Message from routine setup:
     using ibrav=0 with symmetry is DISCOURAGED, use correct ibrav instead
     tcpu =  57515.6    self-consistency for image   3
     Message from routine setup:
     using ibrav=0 with symmetry is DISCOURAGED, use correct ibrav instead
     tcpu =  57949.8    self-consistency for image   4
     Message from routine setup:
     using ibrav=0 with symmetry is DISCOURAGED, use correct ibrav instead

     activation energy (->) =   0.557933 eV
     activation energy (<-) =  -0.000000 eV

     image        energy (eV)        error (eV/A)        frozen

         1    -133597.4398090            0.233763            T
         2    -133597.2498923            0.144977            F
         3    -133597.0812263            0.355677            F
         4    -133597.4196337            0.356147            F
         5    -133596.8818756            0.500777            T

     climbing image =  5

     path length          =  7.138 bohr
     inter-image distance =  1.785 bohr

     ------------------------------ iteration  43 ------------------------------

     tcpu =  58419.4    self-consistency for image   2
     Message from routine setup:
     using ibrav=0 with symmetry is DISCOURAGED, use correct ibrav instead
     tcpu =  58898.8    self-consistency for image   3
     Message from routine setup:
     using ibrav=0 with symmetry is DISCOURAGED, use correct ibrav instead
     tcpu =  59314.4    self-consistency for image   4
     Message from routine setup:
     using ibrav=0 with symmetry is DISCOURAGED, use correct ibrav instead

     activation energy (->) =   0.557933 eV
     activation energy (<-) =  -0.000000 eV

     image        energy (eV)        error (eV/A)        frozen

         1    -133597.4398090            0.233763            T
         2    -133597.2513895            0.145085            F
         3    -133597.0839562            0.351377            F
         4    -133597.4207611            0.361810            F
         5    -133596.8818756            0.500656            T

     climbing image =  5

     path length          =  7.145 bohr
     inter-image distance =  1.786 bohr

     ------------------------------ iteration  44 ------------------------------

     tcpu =  59673.5    self-consistency for image   2
     Message from routine setup:
     using ibrav=0 with symmetry is DISCOURAGED, use correct ibrav instead
     tcpu =  59999.4    self-consistency for image   3
     Message from routine setup:
     using ibrav=0 with symmetry is DISCOURAGED, use correct ibrav instead
     tcpu =  60344.6    self-consistency for image   4
     Message from routine setup:
     using ibrav=0 with symmetry is DISCOURAGED, use correct ibrav instead

     activation energy (->) =   0.557933 eV
     activation energy (<-) =  -0.000000 eV

     image        energy (eV)        error (eV/A)        frozen

         1    -133597.4398090            0.233763            T
         2    -133597.2524293            0.143964            F
         3    -133597.0860856            0.348784            F
         4    -133597.4215594            0.365749            F
         5    -133596.8818756            0.500407            T

     climbing image =  5

     path length          =  7.151 bohr
     inter-image distance =  1.788 bohr

     ------------------------------ iteration  45 ------------------------------

     tcpu =  60678.9    self-consistency for image   2
     Message from routine setup:
     using ibrav=0 with symmetry is DISCOURAGED, use correct ibrav instead
     tcpu =  61119.3    self-consistency for image   3
     Message from routine setup:
     using ibrav=0 with symmetry is DISCOURAGED, use correct ibrav instead
     tcpu =  61587.5    self-consistency for image   4
     Message from routine setup:
     using ibrav=0 with symmetry is DISCOURAGED, use correct ibrav instead

     activation energy (->) =   0.557933 eV
     activation energy (<-) =  -0.000000 eV

     image        energy (eV)        error (eV/A)        frozen

         1    -133597.4398090            0.233763            T
         2    -133597.2543391            0.140752            F
         3    -133597.0902314            0.344762            F
         4    -133597.4230426            0.372510            F
         5    -133596.8818756            0.499737            T

     climbing image =  5

     path length          =  7.162 bohr
     inter-image distance =  1.790 bohr

     ------------------------------ iteration  46 ------------------------------

     tcpu =  62013.5    self-consistency for image   2
     Message from routine setup:
     using ibrav=0 with symmetry is DISCOURAGED, use correct ibrav instead
     tcpu =  62489.6    self-consistency for image   3
     Message from routine setup:
     using ibrav=0 with symmetry is DISCOURAGED, use correct ibrav instead
     tcpu =  62932.6    self-consistency for image   4
     Message from routine setup:
     using ibrav=0 with symmetry is DISCOURAGED, use correct ibrav instead

     activation energy (->) =   0.557933 eV
     activation energy (<-) =  -0.000000 eV

     image        energy (eV)        error (eV/A)        frozen

         1    -133597.4398090            0.233763            T
         2    -133597.2562470            0.137147            F
         3    -133597.0946082            0.345922            F
         4    -133597.4245138            0.378317            F
         5    -133596.8818756            0.498833            T

     climbing image =  5

     path length          =  7.173 bohr
     inter-image distance =  1.793 bohr

     ------------------------------ iteration  47 ------------------------------

     tcpu =  63371.5    self-consistency for image   2
     Message from routine setup:
     using ibrav=0 with symmetry is DISCOURAGED, use correct ibrav instead
     tcpu =  63865.0    self-consistency for image   3
     Message from routine setup:
     using ibrav=0 with symmetry is DISCOURAGED, use correct ibrav instead
     tcpu =  64361.1    self-consistency for image   4
     Message from routine setup:
     using ibrav=0 with symmetry is DISCOURAGED, use correct ibrav instead
