
     Program NEB v.7.3.1 starts on 11Sep2026 at  9:16:56 

     This program is part of the open-source Quantum ESPRESSO suite
     for quantum simulation of materials; please cite
         "P. Giannozzi et al., J. Phys.:Condens. Matter 21 395502 (2009);
         "P. Giannozzi et al., J. Phys.:Condens. Matter 29 465901 (2017);
         "P. Giannozzi et al., J. Chem. Phys. 152 154105 (2020);
          URL http://www.quantum-espresso.org", 
     in publications or presentations arising from this work. More details at
     http://www.quantum-espresso.org/quote

     Parallel version (MPI), running on     2 processors

     MPI processes distributed on     1 nodes
     128584 MiB available memory on the printing compute node when the environment starts
 

     Parsing file: neb.in
     Reading input from pw_1.in
     Reading input from pw_2.in
     Reading input from pw_3.in
     Reading input from pw_4.in
     Reading input from pw_5.in

     reading file 'sb2te3.path'

 
     string_method                 =    neb
     restart_mode                  =    restart
     opt_scheme                    =    broyden
     num_of_images                 =    5
     nstep_path                    =    1000
     CI_scheme                     =    auto
     first_last_opt                =    F
     use_freezing                  =    F
     ds                            =    0.2000 a.u.
     k_max                         =    0.3000 a.u.
     k_min                         =    0.1000 a.u.
     suggested k_max               =   15.4213 a.u.
     suggested k_min               =    5.1404 a.u.
     path_thr                      =    0.0300 eV / A

     ------------------------------ iteration  13 ------------------------------

     tcpu =      0.5    self-consistency for image   2
     Message from routine setup:
     using ibrav=0 with symmetry is DISCOURAGED, use correct ibrav instead
     tcpu =    771.3    self-consistency for image   3
     Message from routine setup:
     using ibrav=0 with symmetry is DISCOURAGED, use correct ibrav instead
     tcpu =   1430.0    self-consistency for image   4
     Message from routine setup:
     using ibrav=0 with symmetry is DISCOURAGED, use correct ibrav instead

     activation energy (->) =   0.820400 eV
     activation energy (<-) =  -0.000000 eV

     image        energy (eV)        error (eV/A)        frozen

         1    -133597.1500230            0.312794            T
         2    -133596.8685394            0.595250            F
         3    -133596.4899325            0.670227            F
         4    -133596.7888708            1.490464            F
         5    -133596.3296231            1.442241            T

     climbing image =  5

     path length          =  6.293 bohr
     inter-image distance =  1.573 bohr

     ------------------------------ iteration  14 ------------------------------

     tcpu =   2175.1    self-consistency for image   2
     Message from routine setup:
     using ibrav=0 with symmetry is DISCOURAGED, use correct ibrav instead
     tcpu =   2680.2    self-consistency for image   3
     Message from routine setup:
     using ibrav=0 with symmetry is DISCOURAGED, use correct ibrav instead
     tcpu =   3271.1    self-consistency for image   4
     Message from routine setup:
     using ibrav=0 with symmetry is DISCOURAGED, use correct ibrav instead

     activation energy (->) =   0.820400 eV
     activation energy (<-) =  -0.000000 eV

     image        energy (eV)        error (eV/A)        frozen

         1    -133597.1500230            0.312794            T
         2    -133596.8863370            0.768199            F
         3    -133596.5031966            0.534657            F
         4    -133596.8024946            1.466222            F
         5    -133596.3296231            1.430242            T

     climbing image =  5

     path length          =  6.312 bohr
     inter-image distance =  1.578 bohr

     ------------------------------ iteration  15 ------------------------------

     tcpu =   3756.9    self-consistency for image   2
     Message from routine setup:
     using ibrav=0 with symmetry is DISCOURAGED, use correct ibrav instead
     tcpu =   4228.0    self-consistency for image   3
     Message from routine setup:
     using ibrav=0 with symmetry is DISCOURAGED, use correct ibrav instead
     tcpu =   4706.0    self-consistency for image   4
     Message from routine setup:
     using ibrav=0 with symmetry is DISCOURAGED, use correct ibrav instead

     activation energy (->) =   0.820400 eV
     activation energy (<-) =  -0.000000 eV

     image        energy (eV)        error (eV/A)        frozen

         1    -133597.1500230            0.312794            T
         2    -133596.8939502            0.830987            F
         3    -133596.5099205            0.481335            F
         4    -133596.8091433            1.449871            F
         5    -133596.3296231            1.423512            T

     climbing image =  5

     path length          =  6.322 bohr
     inter-image distance =  1.580 bohr

     ------------------------------ iteration  16 ------------------------------

     tcpu =   5163.1    self-consistency for image   2
     Message from routine setup:
     using ibrav=0 with symmetry is DISCOURAGED, use correct ibrav instead
     tcpu =   5604.7    self-consistency for image   3
     Message from routine setup:
     using ibrav=0 with symmetry is DISCOURAGED, use correct ibrav instead
     tcpu =   6072.4    self-consistency for image   4
     Message from routine setup:
     using ibrav=0 with symmetry is DISCOURAGED, use correct ibrav instead

     activation energy (->) =   0.820400 eV
     activation energy (<-) =  -0.000000 eV

     image        energy (eV)        error (eV/A)        frozen

         1    -133597.1500230            0.312794            T
         2    -133596.8990489            0.862086            F
         3    -133596.5155150            0.451166            F
         4    -133596.8145269            1.432536            F
         5    -133596.3296231            1.417417            T

     climbing image =  5

     path length          =  6.329 bohr
     inter-image distance =  1.582 bohr

     ------------------------------ iteration  17 ------------------------------

     tcpu =   6502.6    self-consistency for image   2
     Message from routine setup:
     using ibrav=0 with symmetry is DISCOURAGED, use correct ibrav instead
     tcpu =   6952.3    self-consistency for image   3
     Message from routine setup:
     using ibrav=0 with symmetry is DISCOURAGED, use correct ibrav instead
     tcpu =   7376.9    self-consistency for image   4
     Message from routine setup:
     using ibrav=0 with symmetry is DISCOURAGED, use correct ibrav instead

     activation energy (->) =   0.820400 eV
     activation energy (<-) =  -0.000000 eV

     image        energy (eV)        error (eV/A)        frozen

         1    -133597.1500230            0.312794            T
         2    -133596.9014531            0.865435            F
         3    -133596.5193543            0.443321            F
         4    -133596.8181198            1.415321            F
         5    -133596.3296231            1.412846            T

     climbing image =  5

     path length          =  6.334 bohr
     inter-image distance =  1.583 bohr

     ------------------------------ iteration  18 ------------------------------

     tcpu =   7756.0    self-consistency for image   2
     Message from routine setup:
     using ibrav=0 with symmetry is DISCOURAGED, use correct ibrav instead
     tcpu =   8256.9    self-consistency for image   3
     Message from routine setup:
     using ibrav=0 with symmetry is DISCOURAGED, use correct ibrav instead
     tcpu =   8822.5    self-consistency for image   4
     Message from routine setup:
     using ibrav=0 with symmetry is DISCOURAGED, use correct ibrav instead

     activation energy (->) =   0.820400 eV
     activation energy (<-) =  -0.000000 eV

     image        energy (eV)        error (eV/A)        frozen

         1    -133597.1500230            0.312794            T
         2    -133596.9113203            0.859903            F
         3    -133596.5369696            0.417756            F
         4    -133596.8341879            1.338384            F
         5    -133596.3296231            1.390915            T

     climbing image =  5

     path length          =  6.356 bohr
     inter-image distance =  1.589 bohr

     ------------------------------ iteration  19 ------------------------------

     tcpu =   9356.3    self-consistency for image   2
     Message from routine setup:
     using ibrav=0 with symmetry is DISCOURAGED, use correct ibrav instead
     tcpu =  10043.4    self-consistency for image   3
     Message from routine setup:
     using ibrav=0 with symmetry is DISCOURAGED, use correct ibrav instead
     tcpu =  10671.1    self-consistency for image   4
     Message from routine setup:
     using ibrav=0 with symmetry is DISCOURAGED, use correct ibrav instead

     activation energy (->) =   0.820400 eV
     activation energy (<-) =  -0.000000 eV

     image        energy (eV)        error (eV/A)        frozen

         1    -133597.1500230            0.312794            T
         2    -133596.9329514            0.804891            F
         3    -133596.5782965            0.373485            F
         4    -133596.8697455            1.178882            F
         5    -133596.3296231            1.334132            T

     climbing image =  5

     path length          =  6.410 bohr
     inter-image distance =  1.603 bohr

     ------------------------------ iteration  20 ------------------------------

     tcpu =  11265.9    self-consistency for image   2
     Message from routine setup:
     using ibrav=0 with symmetry is DISCOURAGED, use correct ibrav instead
     tcpu =  12014.0    self-consistency for image   3
     Message from routine setup:
     using ibrav=0 with symmetry is DISCOURAGED, use correct ibrav instead
     tcpu =  12682.4    self-consistency for image   4
     Message from routine setup:
     using ibrav=0 with symmetry is DISCOURAGED, use correct ibrav instead

     activation energy (->) =   0.820400 eV
     activation energy (<-) =  -0.000000 eV

     image        energy (eV)        error (eV/A)        frozen

         1    -133597.1500230            0.312794            T
         2    -133596.9588834            0.671933            F
         3    -133596.6317243            0.344957            F
         4    -133596.9108956            1.006175            F
         5    -133596.3296231            1.249365            T

     climbing image =  5

     path length          =  6.488 bohr
     inter-image distance =  1.622 bohr

     ------------------------------ iteration  21 ------------------------------

     tcpu =  13342.3    self-consistency for image   2
     Message from routine setup:
     using ibrav=0 with symmetry is DISCOURAGED, use correct ibrav instead
     tcpu =  14123.3    self-consistency for image   3
     Message from routine setup:
     using ibrav=0 with symmetry is DISCOURAGED, use correct ibrav instead
     tcpu =  14806.8    self-consistency for image   4
     Message from routine setup:
     using ibrav=0 with symmetry is DISCOURAGED, use correct ibrav instead

     activation energy (->) =   0.820400 eV
     activation energy (<-) =  -0.000000 eV

     image        energy (eV)        error (eV/A)        frozen

         1    -133597.1500230            0.312794            T
         2    -133596.9910604            0.409625            F
         3    -133596.7038396            0.374360            F
         4    -133596.9558336            0.787184            F
         5    -133596.3296231            1.113064            T

     climbing image =  5

     path length          =  6.610 bohr
     inter-image distance =  1.652 bohr

     ------------------------------ iteration  22 ------------------------------

     tcpu =  15555.1    self-consistency for image   2
     Message from routine setup:
     using ibrav=0 with symmetry is DISCOURAGED, use correct ibrav instead
     tcpu =  16102.9    self-consistency for image   3
     Message from routine setup:
     using ibrav=0 with symmetry is DISCOURAGED, use correct ibrav instead
     tcpu =  16655.2    self-consistency for image   4
     Message from routine setup:
     using ibrav=0 with symmetry is DISCOURAGED, use correct ibrav instead

     activation energy (->) =   0.820400 eV
     activation energy (<-) =  -0.000000 eV

     image        energy (eV)        error (eV/A)        frozen

         1    -133597.1500230            0.312794            T
         2    -133596.9966999            0.349808            F
         3    -133596.7174721            0.381514            F
         4    -133596.9626064            0.743576            F
         5    -133596.3296231            1.084707            T

     climbing image =  5

     path length          =  6.634 bohr
     inter-image distance =  1.659 bohr

     ------------------------------ iteration  23 ------------------------------

     tcpu =  17148.3    self-consistency for image   2
     Message from routine setup:
     using ibrav=0 with symmetry is DISCOURAGED, use correct ibrav instead
     tcpu =  17584.0    self-consistency for image   3
     Message from routine setup:
     using ibrav=0 with symmetry is DISCOURAGED, use correct ibrav instead
     tcpu =  18013.1    self-consistency for image   4
     Message from routine setup:
     using ibrav=0 with symmetry is DISCOURAGED, use correct ibrav instead

     activation energy (->) =   0.820400 eV
     activation energy (<-) =  -0.000000 eV

     image        energy (eV)        error (eV/A)        frozen

         1    -133597.1500230            0.312794            T
         2    -133596.9989606            0.322096            F
         3    -133596.7231785            0.384901            F
         4    -133596.9652228            0.727238            F
         5    -133596.3296231            1.073021            T

     climbing image =  5

     path length          =  6.644 bohr
     inter-image distance =  1.661 bohr

     ------------------------------ iteration  24 ------------------------------

     tcpu =  18458.6    self-consistency for image   2
     Message from routine setup:
     using ibrav=0 with symmetry is DISCOURAGED, use correct ibrav instead
     tcpu =  18911.0    self-consistency for image   3
     Message from routine setup:
     using ibrav=0 with symmetry is DISCOURAGED, use correct ibrav instead
     tcpu =  19310.5    self-consistency for image   4
     Message from routine setup:
     using ibrav=0 with symmetry is DISCOURAGED, use correct ibrav instead

     activation energy (->) =   0.820400 eV
     activation energy (<-) =  -0.000000 eV

     image        energy (eV)        error (eV/A)        frozen

         1    -133597.1500230            0.312794            T
         2    -133597.0006887            0.298381            F
         3    -133596.7276554            0.387202            F
         4    -133596.9671317            0.714566            F
         5    -133596.3296231            1.064278            T

     climbing image =  5

     path length          =  6.651 bohr
     inter-image distance =  1.663 bohr

     ------------------------------ iteration  25 ------------------------------

     tcpu =  19677.3    self-consistency for image   2
     Message from routine setup:
     using ibrav=0 with symmetry is DISCOURAGED, use correct ibrav instead
     tcpu =  20131.7    self-consistency for image   3
     Message from routine setup:
     using ibrav=0 with symmetry is DISCOURAGED, use correct ibrav instead
     tcpu =  20531.4    self-consistency for image   4
     Message from routine setup:
     using ibrav=0 with symmetry is DISCOURAGED, use correct ibrav instead

     activation energy (->) =   0.820400 eV
     activation energy (<-) =  -0.000000 eV

     image        energy (eV)        error (eV/A)        frozen

         1    -133597.1500230            0.312794            T
         2    -133597.0019755            0.278451            F
         3    -133596.7311104            0.389477            F
         4    -133596.9685244            0.706895            F
         5    -133596.3296231            1.057978            T

     climbing image =  5

     path length          =  6.656 bohr
     inter-image distance =  1.664 bohr

     ------------------------------ iteration  26 ------------------------------

     tcpu =  20897.3    self-consistency for image   2
     Message from routine setup:
     using ibrav=0 with symmetry is DISCOURAGED, use correct ibrav instead
     tcpu =  21434.1    self-consistency for image   3
     Message from routine setup:
     using ibrav=0 with symmetry is DISCOURAGED, use correct ibrav instead
     tcpu =  21997.1    self-consistency for image   4
     Message from routine setup:
     using ibrav=0 with symmetry is DISCOURAGED, use correct ibrav instead

     activation energy (->) =   0.820400 eV
     activation energy (<-) =  -0.000000 eV

     image        energy (eV)        error (eV/A)        frozen

         1    -133597.1500230            0.312794            T
         2    -133597.0089143            0.219807            F
         3    -133596.7498282            0.398810            F
         4    -133596.9757197            0.664383            F
         5    -133596.3296231            1.023579            T

     climbing image =  5

     path length          =  6.682 bohr
     inter-image distance =  1.671 bohr

     ------------------------------ iteration  27 ------------------------------

     tcpu =  22508.8    self-consistency for image   2
     Message from routine setup:
     using ibrav=0 with symmetry is DISCOURAGED, use correct ibrav instead
     tcpu =  23092.9    self-consistency for image   3
     Message from routine setup:
     using ibrav=0 with symmetry is DISCOURAGED, use correct ibrav instead
     tcpu =  23738.7    self-consistency for image   4
     Message from routine setup:
     using ibrav=0 with symmetry is DISCOURAGED, use correct ibrav instead

     activation energy (->) =   0.820400 eV
     activation energy (<-) =  -0.000000 eV

     image        energy (eV)        error (eV/A)        frozen

         1    -133597.1500230            0.312794            T
         2    -133597.0247078            0.217636            F
         3    -133596.7930479            0.497050            F
         4    -133596.9905657            0.560078            F
         5    -133596.3296231            0.939888            T

     climbing image =  5

     path length          =  6.748 bohr
     inter-image distance =  1.687 bohr

     ------------------------------ iteration  28 ------------------------------

     tcpu =  24348.3    self-consistency for image   2
     Message from routine setup:
     using ibrav=0 with symmetry is DISCOURAGED, use correct ibrav instead
     tcpu =  24997.8    self-consistency for image   3
     Message from routine setup:
     using ibrav=0 with symmetry is DISCOURAGED, use correct ibrav instead
     tcpu =  25632.6    self-consistency for image   4
     Message from routine setup:
     using ibrav=0 with symmetry is DISCOURAGED, use correct ibrav instead

     activation energy (->) =   0.820400 eV
     activation energy (<-) =  -0.000000 eV

     image        energy (eV)        error (eV/A)        frozen

         1    -133597.1500230            0.312794            T
         2    -133597.0423241            0.372721            F
         3    -133596.8424540            0.610630            F
         4    -133597.0042675            0.619394            F
         5    -133596.3296231            0.930719            T

     climbing image =  5

     path length          =  6.833 bohr
     inter-image distance =  1.708 bohr

     ------------------------------ iteration  29 ------------------------------

     tcpu =  26309.2    self-consistency for image   2
     Message from routine setup:
     using ibrav=0 with symmetry is DISCOURAGED, use correct ibrav instead
     tcpu =  26966.1    self-consistency for image   3
     Message from routine setup:
     using ibrav=0 with symmetry is DISCOURAGED, use correct ibrav instead
     tcpu =  27583.4    self-consistency for image   4
     Message from routine setup:
     using ibrav=0 with symmetry is DISCOURAGED, use correct ibrav instead

     activation energy (->) =   0.820400 eV
     activation energy (<-) =  -0.000000 eV

     image        energy (eV)        error (eV/A)        frozen

         1    -133597.1500230            0.312794            T
         2    -133597.0603969            0.657390            F
         3    -133596.8944265            0.728909            F
         4    -133597.0143730            0.754073            F
         5    -133596.3296231            0.923730            T

     climbing image =  5

     path length          =  6.935 bohr
     inter-image distance =  1.734 bohr

     ------------------------------ iteration  30 ------------------------------

     tcpu =  28262.7    self-consistency for image   2
     Message from routine setup:
     using ibrav=0 with symmetry is DISCOURAGED, use correct ibrav instead
     tcpu =  28736.8    self-consistency for image   3
     Message from routine setup:
     using ibrav=0 with symmetry is DISCOURAGED, use correct ibrav instead
     tcpu =  29238.2    self-consistency for image   4
     Message from routine setup:
     using ibrav=0 with symmetry is DISCOURAGED, use correct ibrav instead

     activation energy (->) =   0.820400 eV
     activation energy (<-) =  -0.000000 eV

     image        energy (eV)        error (eV/A)        frozen

         1    -133597.1500230            0.312794            T
         2    -133597.0636582            0.695188            F
         3    -133596.9026182            0.745729            F
         4    -133597.0154980            0.772307            F
         5    -133596.3296231            0.920724            T

     climbing image =  5

     path length          =  6.952 bohr
     inter-image distance =  1.738 bohr

     ------------------------------ iteration  31 ------------------------------

     tcpu =  29654.7    self-consistency for image   2
     Message from routine setup:
     using ibrav=0 with symmetry is DISCOURAGED, use correct ibrav instead
     tcpu =  30077.5    self-consistency for image   3
     Message from routine setup:
     using ibrav=0 with symmetry is DISCOURAGED, use correct ibrav instead
     tcpu =  30448.4    self-consistency for image   4
     Message from routine setup:
     using ibrav=0 with symmetry is DISCOURAGED, use correct ibrav instead

     activation energy (->) =   0.820400 eV
     activation energy (<-) =  -0.000000 eV

     image        energy (eV)        error (eV/A)        frozen

         1    -133597.1500230            0.312794            T
         2    -133597.0655632            0.706612            F
         3    -133596.9062353            0.750640            F
         4    -133597.0159339            0.775717            F
         5    -133596.3296231            0.917689            T

     climbing image =  5

     path length          =  6.958 bohr
     inter-image distance =  1.740 bohr

     ------------------------------ iteration  32 ------------------------------

     tcpu =  30811.1    self-consistency for image   2
     Message from routine setup:
     using ibrav=0 with symmetry is DISCOURAGED, use correct ibrav instead
     tcpu =  31157.2    self-consistency for image   3
     Message from routine setup:
     using ibrav=0 with symmetry is DISCOURAGED, use correct ibrav instead
     tcpu =  31521.9    self-consistency for image   4
     Message from routine setup:
     using ibrav=0 with symmetry is DISCOURAGED, use correct ibrav instead

     activation energy (->) =   0.820400 eV
     activation energy (<-) =  -0.000000 eV

     image        energy (eV)        error (eV/A)        frozen

         1    -133597.1500230            0.312794            T
         2    -133597.0678383            0.712634            F
         3    -133596.9096515            0.752135            F
         4    -133597.0162962            0.775805            F
         5    -133596.3296231            0.913185            T

     climbing image =  5

     path length          =  6.964 bohr
     inter-image distance =  1.741 bohr

     ------------------------------ iteration  33 ------------------------------

     tcpu =  31905.3    self-consistency for image   2
     Message from routine setup:
     using ibrav=0 with symmetry is DISCOURAGED, use correct ibrav instead
     tcpu =  32252.4    self-consistency for image   3
     Message from routine setup:
     using ibrav=0 with symmetry is DISCOURAGED, use correct ibrav instead
     tcpu =  32656.2    self-consistency for image   4
     Message from routine setup:
     using ibrav=0 with symmetry is DISCOURAGED, use correct ibrav instead

     activation energy (->) =   0.820400 eV
     activation energy (<-) =  -0.000000 eV

     image        energy (eV)        error (eV/A)        frozen

         1    -133597.1500230            0.312794            T
         2    -133597.0708416            0.714574            F
         3    -133596.9134725            0.751475            F
         4    -133597.0166369            0.771582            F
         5    -133596.3296231            0.906522            T

     climbing image =  5

     path length          =  6.969 bohr
     inter-image distance =  1.742 bohr

     ------------------------------ iteration  34 ------------------------------

     tcpu =  33003.3    self-consistency for image   2
     Message from routine setup:
     using ibrav=0 with symmetry is DISCOURAGED, use correct ibrav instead
     tcpu =  33605.8    self-consistency for image   3
     Message from routine setup:
     using ibrav=0 with symmetry is DISCOURAGED, use correct ibrav instead
     tcpu =  34134.4    self-consistency for image   4
     Message from routine setup:
     using ibrav=0 with symmetry is DISCOURAGED, use correct ibrav instead

     activation energy (->) =   0.820400 eV
     activation energy (<-) =  -0.000000 eV

     image        energy (eV)        error (eV/A)        frozen

         1    -133597.1500230            0.312794            T
         2    -133597.0939445            0.725780            F
         3    -133596.9425749            0.747999            F
         4    -133597.0188166            0.739064            F
         5    -133596.3296231            0.854196            T

     climbing image =  5

     path length          =  7.009 bohr
     inter-image distance =  1.752 bohr

     ------------------------------ iteration  35 ------------------------------

     tcpu =  34622.7    self-consistency for image   2
     Message from routine setup:
     using ibrav=0 with symmetry is DISCOURAGED, use correct ibrav instead
     tcpu =  35223.2    self-consistency for image   3
     Message from routine setup:
     using ibrav=0 with symmetry is DISCOURAGED, use correct ibrav instead
     tcpu =  35856.5    self-consistency for image   4
     Message from routine setup:
     using ibrav=0 with symmetry is DISCOURAGED, use correct ibrav instead

     activation energy (->) =   0.820400 eV
     activation energy (<-) =  -0.000000 eV

     image        energy (eV)        error (eV/A)        frozen

         1    -133597.1500230            0.312794            T
         2    -133597.1477533            0.739132            F
         3    -133597.0117408            0.768764            F
         4    -133597.0212056            0.608427            F
         5    -133596.3296231            0.727452            T

     climbing image =  5

     path length          =  7.121 bohr
     inter-image distance =  1.780 bohr

     ------------------------------ iteration  36 ------------------------------

     tcpu =  36536.8    self-consistency for image   2
     Message from routine setup:
     using ibrav=0 with symmetry is DISCOURAGED, use correct ibrav instead
     tcpu =  37140.2    self-consistency for image   3
     Message from routine setup:
     using ibrav=0 with symmetry is DISCOURAGED, use correct ibrav instead
     tcpu =  37744.2    self-consistency for image   4
     Message from routine setup:
     using ibrav=0 with symmetry is DISCOURAGED, use correct ibrav instead

     activation energy (->) =   0.820400 eV
     activation energy (<-) =  -0.000000 eV

     image        energy (eV)        error (eV/A)        frozen

         1    -133597.1500230            0.312794            T
         2    -133597.1943370            0.704183            F
         3    -133597.0735716            0.858657            F
         4    -133597.0193411            0.371109            F
         5    -133596.3296231            0.612204            T

     climbing image =  5

     path length          =  7.243 bohr
     inter-image distance =  1.811 bohr

     ------------------------------ iteration  37 ------------------------------

     tcpu =  38403.0    self-consistency for image   2
     Message from routine setup:
     using ibrav=0 with symmetry is DISCOURAGED, use correct ibrav instead
     tcpu =  38970.2    self-consistency for image   3
     Message from routine setup:
     using ibrav=0 with symmetry is DISCOURAGED, use correct ibrav instead
     tcpu =  39599.1    self-consistency for image   4
     Message from routine setup:
     using ibrav=0 with symmetry is DISCOURAGED, use correct ibrav instead

     activation energy (->) =   0.820400 eV
     activation energy (<-) =  -0.000000 eV

     image        energy (eV)        error (eV/A)        frozen

         1    -133597.1500230            0.312794            T
         2    -133597.2263267            0.699847            F
         3    -133597.1172299            0.931177            F
         4    -133597.0157557            0.205288            F
         5    -133596.3296231            0.614837            T

     climbing image =  5

     path length          =  7.341 bohr
     inter-image distance =  1.835 bohr

     ------------------------------ iteration  38 ------------------------------

     tcpu =  40140.2    self-consistency for image   2
     Message from routine setup:
     using ibrav=0 with symmetry is DISCOURAGED, use correct ibrav instead
     tcpu =  40563.5    self-consistency for image   3
     Message from routine setup:
     using ibrav=0 with symmetry is DISCOURAGED, use correct ibrav instead
     tcpu =  40905.3    self-consistency for image   4
     Message from routine setup:
     using ibrav=0 with symmetry is DISCOURAGED, use correct ibrav instead

     activation energy (->) =   0.820400 eV
     activation energy (<-) =  -0.000000 eV

     image        energy (eV)        error (eV/A)        frozen

         1    -133597.1500230            0.312794            T
         2    -133597.2302344            0.697755            F
         3    -133597.1223951            0.938134            F
         4    -133597.0153425            0.190098            F
         5    -133596.3296231            0.616798            T

     climbing image =  5

     path length          =  7.353 bohr
     inter-image distance =  1.838 bohr

     ------------------------------ iteration  39 ------------------------------

     tcpu =  41318.7    self-consistency for image   2
     Message from routine setup:
     using ibrav=0 with symmetry is DISCOURAGED, use correct ibrav instead
     tcpu =  41712.1    self-consistency for image   3
     Message from routine setup:
     using ibrav=0 with symmetry is DISCOURAGED, use correct ibrav instead
     tcpu =  42098.5    self-consistency for image   4
     Message from routine setup:
     using ibrav=0 with symmetry is DISCOURAGED, use correct ibrav instead

     activation energy (->) =   0.820400 eV
     activation energy (<-) =  -0.000000 eV

     image        energy (eV)        error (eV/A)        frozen

         1    -133597.1500230            0.312794            T
         2    -133597.2321694            0.695693            F
         3    -133597.1247169            0.940162            F
         4    -133597.0152428            0.186144            F
         5    -133596.3296231            0.617381            T

     climbing image =  5

     path length          =  7.357 bohr
     inter-image distance =  1.839 bohr

     ------------------------------ iteration  40 ------------------------------

     tcpu =  42390.5    self-consistency for image   2
     Message from routine setup:
     using ibrav=0 with symmetry is DISCOURAGED, use correct ibrav instead
     tcpu =  42759.2    self-consistency for image   3
     Message from routine setup:
     using ibrav=0 with symmetry is DISCOURAGED, use correct ibrav instead
     tcpu =  43175.7    self-consistency for image   4
     Message from routine setup:
     using ibrav=0 with symmetry is DISCOURAGED, use correct ibrav instead

     activation energy (->) =   0.820400 eV
     activation energy (<-) =  -0.000000 eV

     image        energy (eV)        error (eV/A)        frozen

         1    -133597.1500230            0.312794            T
         2    -133597.2346147            0.691075            F
         3    -133597.1274650            0.938794            F
         4    -133597.0152613            0.179452            F
         5    -133596.3296231            0.617701            T

     climbing image =  5

     path length          =  7.362 bohr
     inter-image distance =  1.841 bohr

     ------------------------------ iteration  41 ------------------------------

     tcpu =  43463.0    self-consistency for image   2
     Message from routine setup:
     using ibrav=0 with symmetry is DISCOURAGED, use correct ibrav instead
     tcpu =  43887.4    self-consistency for image   3
     Message from routine setup:
     using ibrav=0 with symmetry is DISCOURAGED, use correct ibrav instead
     tcpu =  44299.9    self-consistency for image   4
     Message from routine setup:
     using ibrav=0 with symmetry is DISCOURAGED, use correct ibrav instead

     activation energy (->) =   0.820400 eV
     activation energy (<-) =  -0.000000 eV

     image        energy (eV)        error (eV/A)        frozen

         1    -133597.1500230            0.312794            T
         2    -133597.2390774            0.682318            F
         3    -133597.1322990            0.935143            F
         4    -133597.0154136            0.173039            F
         5    -133596.3296231            0.618039            T

     climbing image =  5

     path length          =  7.370 bohr
     inter-image distance =  1.842 bohr

     ------------------------------ iteration  42 ------------------------------

     tcpu =  44638.0    self-consistency for image   2
     Message from routine setup:
     using ibrav=0 with symmetry is DISCOURAGED, use correct ibrav instead
     tcpu =  45260.1    self-consistency for image   3
     Message from routine setup:
     using ibrav=0 with symmetry is DISCOURAGED, use correct ibrav instead
     tcpu =  46051.3    self-consistency for image   4
     Message from routine setup:
     using ibrav=0 with symmetry is DISCOURAGED, use correct ibrav instead

     activation energy (->) =   0.820400 eV
     activation energy (<-) =  -0.000000 eV

     image        energy (eV)        error (eV/A)        frozen

         1    -133597.1500230            0.312794            T
         2    -133597.2906726            0.593373            F
         3    -133597.1897002            0.889733            F
         4    -133597.0171039            0.146603            F
         5    -133596.3296231            0.622027            T

     climbing image =  5

     path length          =  7.468 bohr
     inter-image distance =  1.867 bohr

     ------------------------------ iteration  43 ------------------------------

     tcpu =  46631.8    self-consistency for image   2
     Message from routine setup:
     using ibrav=0 with symmetry is DISCOURAGED, use correct ibrav instead
     tcpu =  47349.1    self-consistency for image   3
     Message from routine setup:
     using ibrav=0 with symmetry is DISCOURAGED, use correct ibrav instead
     tcpu =  48171.8    self-consistency for image   4
     Message from routine setup:
     using ibrav=0 with symmetry is DISCOURAGED, use correct ibrav instead

     activation energy (->) =   0.820400 eV
     activation energy (<-) =  -0.000000 eV

     image        energy (eV)        error (eV/A)        frozen

         1    -133597.1500230            0.312794            T
         2    -133597.3968060            0.458932            F
         3    -133597.3137321            0.761115            F
         4    -133597.0200483            0.167677            F
         5    -133596.3296231            0.630813            T

     climbing image =  5

     path length          =  7.719 bohr
     inter-image distance =  1.930 bohr

     ------------------------------ iteration  44 ------------------------------

     tcpu =  48793.1    self-consistency for image   2
     Message from routine setup:
     using ibrav=0 with symmetry is DISCOURAGED, use correct ibrav instead
     tcpu =  49488.9    self-consistency for image   3
     Message from routine setup:
     using ibrav=0 with symmetry is DISCOURAGED, use correct ibrav instead
     tcpu =  50424.9    self-consistency for image   4
     Message from routine setup:
     using ibrav=0 with symmetry is DISCOURAGED, use correct ibrav instead

     activation energy (->) =   0.820400 eV
     activation energy (<-) =  -0.000000 eV

     image        energy (eV)        error (eV/A)        frozen

         1    -133597.1500230            0.312794            T
         2    -133597.4658906            0.372208            F
         3    -133597.3943342            0.616241            F
         4    -133597.0217130            0.198512            F
         5    -133596.3296231            0.637419            T

     climbing image =  5

     path length          =  7.928 bohr
     inter-image distance =  1.982 bohr

     ------------------------------ iteration  45 ------------------------------

     tcpu =  51038.2    self-consistency for image   2
     Message from routine setup:
     using ibrav=0 with symmetry is DISCOURAGED, use correct ibrav instead
     tcpu =  51755.1    self-consistency for image   3
     Message from routine setup:
     using ibrav=0 with symmetry is DISCOURAGED, use correct ibrav instead
     tcpu =  52359.6    self-consistency for image   4
     Message from routine setup:
     using ibrav=0 with symmetry is DISCOURAGED, use correct ibrav instead

     activation energy (->) =   0.820400 eV
     activation energy (<-) =  -0.000000 eV

     image        energy (eV)        error (eV/A)        frozen

         1    -133597.1500230            0.312794            T
         2    -133597.4962489            0.444542            F
         3    -133597.4278893            0.517059            F
         4    -133597.0226474            0.215139            F
         5    -133596.3296231            0.641054            T

     climbing image =  5

     path length          =  8.034 bohr
     inter-image distance =  2.008 bohr

     ------------------------------ iteration  46 ------------------------------

     tcpu =  52932.7    self-consistency for image   2
     Message from routine setup:
     using ibrav=0 with symmetry is DISCOURAGED, use correct ibrav instead
     tcpu =  53310.0    self-consistency for image   3
     Message from routine setup:
     using ibrav=0 with symmetry is DISCOURAGED, use correct ibrav instead
     tcpu =  53702.2    self-consistency for image   4
     Message from routine setup:
     using ibrav=0 with symmetry is DISCOURAGED, use correct ibrav instead

     activation energy (->) =   0.820400 eV
     activation energy (<-) =  -0.000000 eV

     image        energy (eV)        error (eV/A)        frozen

         1    -133597.1500230            0.312794            T
         2    -133597.4986395            0.448619            F
         3    -133597.4303945            0.510520            F
         4    -133597.0231142            0.218178            F
         5    -133596.3296231            0.641883            T

     climbing image =  5

     path length          =  8.043 bohr
     inter-image distance =  2.011 bohr

     ------------------------------ iteration  47 ------------------------------

     tcpu =  53996.5    self-consistency for image   2
     Message from routine setup:
     using ibrav=0 with symmetry is DISCOURAGED, use correct ibrav instead
     tcpu =  54309.2    self-consistency for image   3
     Message from routine setup:
     using ibrav=0 with symmetry is DISCOURAGED, use correct ibrav instead
     tcpu =  54614.3    self-consistency for image   4
     Message from routine setup:
     using ibrav=0 with symmetry is DISCOURAGED, use correct ibrav instead

     activation energy (->) =   0.820400 eV
     activation energy (<-) =  -0.000000 eV

     image        energy (eV)        error (eV/A)        frozen

         1    -133597.1500230            0.312794            T
         2    -133597.4998547            0.449923            F
         3    -133597.4316324            0.503844            F
         4    -133597.0237650            0.215202            F
         5    -133596.3296231            0.642832            T

     climbing image =  5

     path length          =  8.047 bohr
     inter-image distance =  2.012 bohr

     ------------------------------ iteration  48 ------------------------------

     tcpu =  54892.6    self-consistency for image   2
     Message from routine setup:
     using ibrav=0 with symmetry is DISCOURAGED, use correct ibrav instead
     tcpu =  55303.3    self-consistency for image   3
     Message from routine setup:
     using ibrav=0 with symmetry is DISCOURAGED, use correct ibrav instead
     tcpu =  55656.1    self-consistency for image   4
     Message from routine setup:
     using ibrav=0 with symmetry is DISCOURAGED, use correct ibrav instead

     activation energy (->) =   0.820400 eV
     activation energy (<-) =  -0.000000 eV

     image        energy (eV)        error (eV/A)        frozen

         1    -133597.1500230            0.312794            T
         2    -133597.5019751            0.447774            F
         3    -133597.4337381            0.492423            F
         4    -133597.0252197            0.210501            F
         5    -133596.3296231            0.644994            T

     climbing image =  5

     path length          =  8.055 bohr
     inter-image distance =  2.014 bohr

     ------------------------------ iteration  49 ------------------------------

     tcpu =  55948.4    self-consistency for image   2
     Message from routine setup:
     using ibrav=0 with symmetry is DISCOURAGED, use correct ibrav instead
     tcpu =  56428.0    self-consistency for image   3
     Message from routine setup:
     using ibrav=0 with symmetry is DISCOURAGED, use correct ibrav instead
     tcpu =  56864.3    self-consistency for image   4
     Message from routine setup:
     using ibrav=0 with symmetry is DISCOURAGED, use correct ibrav instead

     activation energy (->) =   0.820400 eV
     activation energy (<-) =  -0.000000 eV

     image        energy (eV)        error (eV/A)        frozen

         1    -133597.1500230            0.312794            T
         2    -133597.5079845            0.441671            F
         3    -133597.4396268            0.458579            F
         4    -133597.0298602            0.205450            F
         5    -133596.3296231            0.651731            T

     climbing image =  5

     path length          =  8.078 bohr
     inter-image distance =  2.019 bohr

     ------------------------------ iteration  50 ------------------------------

     tcpu =  57331.8    self-consistency for image   2
     Message from routine setup:
     using ibrav=0 with symmetry is DISCOURAGED, use correct ibrav instead
     tcpu =  58576.8    self-consistency for image   3
     Message from routine setup:
     using ibrav=0 with symmetry is DISCOURAGED, use correct ibrav instead
     tcpu =  59563.0    self-consistency for image   4
     Message from routine setup:
     using ibrav=0 with symmetry is DISCOURAGED, use correct ibrav instead

     activation energy (->) =   0.820400 eV
     activation energy (<-) =  -0.000000 eV

     image        energy (eV)        error (eV/A)        frozen

         1    -133597.1500230            0.312794            T
         2    -133597.5885280            0.379195            F
         3    -133597.5076504            0.376985            F
         4    -133597.0920842            0.144753            F
         5    -133596.3296231            0.750683            T

     climbing image =  5

     path length          =  8.415 bohr
     inter-image distance =  2.104 bohr

     ------------------------------ iteration  51 ------------------------------

     tcpu =  60165.4    self-consistency for image   2
     Message from routine setup:
     using ibrav=0 with symmetry is DISCOURAGED, use correct ibrav instead
     tcpu =  61349.7    self-consistency for image   3
     Message from routine setup:
     using ibrav=0 with symmetry is DISCOURAGED, use correct ibrav instead
     tcpu =  62544.6    self-consistency for image   4
     Message from routine setup:
     using ibrav=0 with symmetry is DISCOURAGED, use correct ibrav instead

     activation energy (->) =   0.820400 eV
     activation energy (<-) =  -0.000000 eV

     image        energy (eV)        error (eV/A)        frozen

         1    -133597.1500230            0.312794            T
         2    -133597.6526305            0.476281            F
         3    -133597.5327061            0.696205            F
         4    -133597.1424892            0.200080            F
         5    -133596.3296231            0.845225            T

     climbing image =  5

     path length          =  8.743 bohr
     inter-image distance =  2.186 bohr

     ------------------------------ iteration  52 ------------------------------

     tcpu =  63174.3    self-consistency for image   2
     Message from routine setup:
     using ibrav=0 with symmetry is DISCOURAGED, use correct ibrav instead
     tcpu =  63746.6    self-consistency for image   3
     Message from routine setup:
     using ibrav=0 with symmetry is DISCOURAGED, use correct ibrav instead
     tcpu =  64316.6    self-consistency for image   4
     Message from routine setup:
     using ibrav=0 with symmetry is DISCOURAGED, use correct ibrav instead

     activation energy (->) =   0.820400 eV
     activation energy (<-) =  -0.000000 eV

     image        energy (eV)        error (eV/A)        frozen

         1    -133597.1500230            0.312794            T
         2    -133597.6643927            0.507079            F
         3    -133597.5323963            0.833462            F
         4    -133597.1515069            0.234195            F
         5    -133596.3296231            0.863878            T

     climbing image =  5

     path length          =  8.811 bohr
     inter-image distance =  2.203 bohr

     ------------------------------ iteration  53 ------------------------------

     tcpu =  64834.0    self-consistency for image   2
     Message from routine setup:
     using ibrav=0 with symmetry is DISCOURAGED, use correct ibrav instead
     tcpu =  65297.0    self-consistency for image   3
     Message from routine setup:
     using ibrav=0 with symmetry is DISCOURAGED, use correct ibrav instead
     tcpu =  65754.9    self-consistency for image   4
     Message from routine setup:
     using ibrav=0 with symmetry is DISCOURAGED, use correct ibrav instead

     activation energy (->) =   0.820400 eV
     activation energy (<-) =  -0.000000 eV

     image        energy (eV)        error (eV/A)        frozen

         1    -133597.1500230            0.312794            T
         2    -133597.6674599            0.511782            F
         3    -133597.5324779            0.861166            F
         4    -133597.1534688            0.240172            F
         5    -133596.3296231            0.867856            T

     climbing image =  5

     path length          =  8.828 bohr
     inter-image distance =  2.207 bohr

     ------------------------------ iteration  54 ------------------------------

     tcpu =  66105.6    self-consistency for image   2
     Message from routine setup:
     using ibrav=0 with symmetry is DISCOURAGED, use correct ibrav instead
     tcpu =  66392.4    self-consistency for image   3
     Message from routine setup:
     using ibrav=0 with symmetry is DISCOURAGED, use correct ibrav instead
     tcpu =  66675.3    self-consistency for image   4
     Message from routine setup:
     using ibrav=0 with symmetry is DISCOURAGED, use correct ibrav instead

     activation energy (->) =   0.820400 eV
     activation energy (<-) =  -0.000000 eV

     image        energy (eV)        error (eV/A)        frozen

         1    -133597.1500230            0.312794            T
         2    -133597.6679028            0.494138            F
         3    -133597.5329451            0.874334            F
         4    -133597.1533822            0.238943            F
         5    -133596.3296231            0.867513            T

     climbing image =  5

     path length          =  8.830 bohr
     inter-image distance =  2.208 bohr

     ------------------------------ iteration  55 ------------------------------

     tcpu =  66924.9    self-consistency for image   2
     Message from routine setup:
     using ibrav=0 with symmetry is DISCOURAGED, use correct ibrav instead
     tcpu =  67354.7    self-consistency for image   3
     Message from routine setup:
     using ibrav=0 with symmetry is DISCOURAGED, use correct ibrav instead
     tcpu =  67787.0    self-consistency for image   4
     Message from routine setup:
     using ibrav=0 with symmetry is DISCOURAGED, use correct ibrav instead

     activation energy (->) =   0.820400 eV
     activation energy (<-) =  -0.000000 eV

     image        energy (eV)        error (eV/A)        frozen

         1    -133597.1500230            0.312794            T
         2    -133597.6704986            0.511881            F
         3    -133597.5364716            0.812349            F
         4    -133597.1522002            0.222968            F
         5    -133596.3296231            0.863894            T

     climbing image =  5

     path length          =  8.840 bohr
     inter-image distance =  2.210 bohr

     ------------------------------ iteration  56 ------------------------------

     tcpu =  68156.0    self-consistency for image   2
     Message from routine setup:
     using ibrav=0 with symmetry is DISCOURAGED, use correct ibrav instead
     tcpu =  69206.7    self-consistency for image   3
     Message from routine setup:
     using ibrav=0 with symmetry is DISCOURAGED, use correct ibrav instead
     tcpu =  70056.6    self-consistency for image   4
     Message from routine setup:
     using ibrav=0 with symmetry is DISCOURAGED, use correct ibrav instead

     activation energy (->) =   0.820400 eV
     activation energy (<-) =  -0.000000 eV

     image        energy (eV)        error (eV/A)        frozen

         1    -133597.1500230            0.312794            T
         2    -133597.7721888            0.769090            F
         3    -133597.5707608            0.866341            F
         4    -133597.0820693            0.604202            F
         5    -133596.3296231            0.718474            T

     climbing image =  5

     path length          =  9.317 bohr
     inter-image distance =  2.329 bohr

     ------------------------------ iteration  57 ------------------------------

     tcpu =  70833.5    self-consistency for image   2
     Message from routine setup:
     using ibrav=0 with symmetry is DISCOURAGED, use correct ibrav instead
     tcpu =  71503.0    self-consistency for image   3
     Message from routine setup:
     using ibrav=0 with symmetry is DISCOURAGED, use correct ibrav instead
     tcpu =  72279.5    self-consistency for image   4
     Message from routine setup:
     using ibrav=0 with symmetry is DISCOURAGED, use correct ibrav instead

     activation energy (->) =   0.820400 eV
     activation energy (<-) =  -0.000000 eV

     image        energy (eV)        error (eV/A)        frozen

         1    -133597.1500230            0.312794            T
         2    -133597.7431914            0.625085            F
         3    -133597.5842254            0.378269            F
         4    -133597.1086072            0.363131            F
         5    -133596.3296231            0.763708            T

     climbing image =  5

     path length          =  9.156 bohr
     inter-image distance =  2.289 bohr

     ------------------------------ iteration  58 ------------------------------

     tcpu =  72880.4    self-consistency for image   2
     Message from routine setup:
     using ibrav=0 with symmetry is DISCOURAGED, use correct ibrav instead
     tcpu =  73389.3    self-consistency for image   3
     Message from routine setup:
     using ibrav=0 with symmetry is DISCOURAGED, use correct ibrav instead
     tcpu =  73957.2    self-consistency for image   4
     Message from routine setup:
     using ibrav=0 with symmetry is DISCOURAGED, use correct ibrav instead

     activation energy (->) =   0.820400 eV
     activation energy (<-) =  -0.000000 eV

     image        energy (eV)        error (eV/A)        frozen

         1    -133597.1500230            0.312794            T
         2    -133597.7357039            0.576967            F
         3    -133597.5842454            0.240727            F
         4    -133597.1157232            0.305801            F
         5    -133596.3296231            0.777290            T

     climbing image =  5

     path length          =  9.117 bohr
     inter-image distance =  2.279 bohr

     ------------------------------ iteration  59 ------------------------------

     tcpu =  74473.5    self-consistency for image   2
     Message from routine setup:
     using ibrav=0 with symmetry is DISCOURAGED, use correct ibrav instead
     tcpu =  74736.2    self-consistency for image   3
     Message from routine setup:
     using ibrav=0 with symmetry is DISCOURAGED, use correct ibrav instead
     tcpu =  75092.8    self-consistency for image   4
     Message from routine setup:
     using ibrav=0 with symmetry is DISCOURAGED, use correct ibrav instead

     activation energy (->) =   0.820400 eV
     activation energy (<-) =  -0.000000 eV

     image        energy (eV)        error (eV/A)        frozen

         1    -133597.1500230            0.312794            T
         2    -133597.7355360            0.599759            F
         3    -133597.5842582            0.226148            F
         4    -133597.1169538            0.300131            F
         5    -133596.3296231            0.779797            T

     climbing image =  5

     path length          =  9.114 bohr
     inter-image distance =  2.279 bohr

     ------------------------------ iteration  60 ------------------------------

     tcpu =  75415.2    self-consistency for image   2
     Message from routine setup:
     using ibrav=0 with symmetry is DISCOURAGED, use correct ibrav instead
     tcpu =  75668.5    self-consistency for image   3
     Message from routine setup:
     using ibrav=0 with symmetry is DISCOURAGED, use correct ibrav instead
     tcpu =  75915.1    self-consistency for image   4
     Message from routine setup:
     using ibrav=0 with symmetry is DISCOURAGED, use correct ibrav instead

     activation energy (->) =   0.820400 eV
     activation energy (<-) =  -0.000000 eV

     image        energy (eV)        error (eV/A)        frozen

         1    -133597.1500230            0.312794            T
         2    -133597.7361602            0.570349            F
         3    -133597.5843593            0.226182            F
         4    -133597.1176531            0.299916            F
         5    -133596.3296231            0.781274            T

     climbing image =  5

     path length          =  9.116 bohr
     inter-image distance =  2.279 bohr

     ------------------------------ iteration  61 ------------------------------

     tcpu =  76176.2    self-consistency for image   2
     Message from routine setup:
     using ibrav=0 with symmetry is DISCOURAGED, use correct ibrav instead
     tcpu =  76819.3    self-consistency for image   3
     Message from routine setup:
     using ibrav=0 with symmetry is DISCOURAGED, use correct ibrav instead
     tcpu =  77359.7    self-consistency for image   4
     Message from routine setup:
     using ibrav=0 with symmetry is DISCOURAGED, use correct ibrav instead

     activation energy (->) =   0.820400 eV
     activation energy (<-) =  -0.000000 eV

     image        energy (eV)        error (eV/A)        frozen

         1    -133597.1500230            0.312794            T
         2    -133597.7639395            0.507576            F
         3    -133597.5885819            0.160288            F
         4    -133597.1523520            0.233828            F
         5    -133596.3296231            0.857663            T

     climbing image =  5

     path length          =  9.179 bohr
     inter-image distance =  2.295 bohr

     ------------------------------ iteration  62 ------------------------------

     tcpu =  77958.2    self-consistency for image   2
     Message from routine setup:
     using ibrav=0 with symmetry is DISCOURAGED, use correct ibrav instead
     tcpu =  78734.6    self-consistency for image   3
     Message from routine setup:
     using ibrav=0 with symmetry is DISCOURAGED, use correct ibrav instead
     tcpu =  79397.5    self-consistency for image   4
     Message from routine setup:
     using ibrav=0 with symmetry is DISCOURAGED, use correct ibrav instead

     activation energy (->) =   0.820400 eV
     activation energy (<-) =  -0.000000 eV

     image        energy (eV)        error (eV/A)        frozen

         1    -133597.1500230            0.312794            T
         2    -133597.8142145            0.365966            F
         3    -133597.5943835            0.336121            F
         4    -133597.2138829            0.114468            F
         5    -133596.3296231            1.011744            T

     climbing image =  5

     path length          =  9.305 bohr
     inter-image distance =  2.326 bohr

     ------------------------------ iteration  63 ------------------------------

     tcpu =  80141.9    self-consistency for image   2
     Message from routine setup:
     using ibrav=0 with symmetry is DISCOURAGED, use correct ibrav instead
     tcpu =  80613.9    self-consistency for image   3
     Message from routine setup:
     using ibrav=0 with symmetry is DISCOURAGED, use correct ibrav instead
     tcpu =  80964.7    self-consistency for image   4
     Message from routine setup:
     using ibrav=0 with symmetry is DISCOURAGED, use correct ibrav instead

     activation energy (->) =   0.820400 eV
     activation energy (<-) =  -0.000000 eV

     image        energy (eV)        error (eV/A)        frozen

         1    -133597.1500230            0.312794            T
         2    -133597.8194312            0.349675            F
         3    -133597.5948746            0.353067            F
         4    -133597.2196936            0.103174            F
         5    -133596.3296231            1.027696            T

     climbing image =  5

     path length          =  9.319 bohr
     inter-image distance =  2.330 bohr

     ------------------------------ iteration  64 ------------------------------

     tcpu =  81445.7    self-consistency for image   2
     Message from routine setup:
     using ibrav=0 with symmetry is DISCOURAGED, use correct ibrav instead
     tcpu =  82015.8    self-consistency for image   3
     Message from routine setup:
     using ibrav=0 with symmetry is DISCOURAGED, use correct ibrav instead
     tcpu =  82460.7    self-consistency for image   4
     Message from routine setup:
     using ibrav=0 with symmetry is DISCOURAGED, use correct ibrav instead

     activation energy (->) =   0.820400 eV
     activation energy (<-) =  -0.000000 eV

     image        energy (eV)        error (eV/A)        frozen

         1    -133597.1500230            0.312794            T
         2    -133597.8340678            0.405300            F
         3    -133597.5960323            0.401515            F
         4    -133597.2367807            0.122851            F
         5    -133596.3296231            1.076465            T

     climbing image =  5

     path length          =  9.360 bohr
     inter-image distance =  2.340 bohr

     ------------------------------ iteration  65 ------------------------------

     tcpu =  83050.9    self-consistency for image   2
     Message from routine setup:
     using ibrav=0 with symmetry is DISCOURAGED, use correct ibrav instead
     tcpu =  83324.4    self-consistency for image   3
     Message from routine setup:
     using ibrav=0 with symmetry is DISCOURAGED, use correct ibrav instead
     tcpu =  83592.6    self-consistency for image   4
     Message from routine setup:
     using ibrav=0 with symmetry is DISCOURAGED, use correct ibrav instead

     activation energy (->) =   0.820400 eV
     activation energy (<-) =  -0.000000 eV

     image        energy (eV)        error (eV/A)        frozen

         1    -133597.1500230            0.312794            T
         2    -133597.8347235            0.408386            F
         3    -133597.5961503            0.406886            F
         4    -133597.2369884            0.121520            F
         5    -133596.3296231            1.076934            T

     climbing image =  5

     path length          =  9.362 bohr
     inter-image distance =  2.341 bohr

     ------------------------------ iteration  66 ------------------------------

     tcpu =  83860.6    self-consistency for image   2
     Message from routine setup:
     using ibrav=0 with symmetry is DISCOURAGED, use correct ibrav instead
     tcpu =  84292.2    self-consistency for image   3
     Message from routine setup:
     using ibrav=0 with symmetry is DISCOURAGED, use correct ibrav instead

     WARNING :  scf convergence NOT achieved on image   3

     cleaning-up extrapolation files

 
     NEB          :     23h14m CPU     23h30m WALL

 
   This run was terminated on:   8:46:58  12Sep2026            

=------------------------------------------------------------------------------=
   JOB DONE.
=------------------------------------------------------------------------------=
