+--------------------------------------------------------------------------------------+
|              [31mHome[0m Usage for user [31mycao73[0m as of [31mSun Sep 13 07:00:41 2026[0m               |
+----------------------+----------------------+-------------------+--------------------+
|         Used         |        Quota         |      Percent      |       Files        |
+----------------------+----------------------+-------------------+--------------------+
|       48.78 GB       |       50.00 GB       |       97.56%      |      751,292       |
+----------------------+----------------------+-------------------+--------------------+

+------------------------------------------------------------------------------------------+
|              [31mGPFS[0m Usage for Group [31mpclancy3:[0m as of [31mSun Sep 13 07:00:16 2026[0m               |
+------------+-----------+-----------+----------+------------+---------------+-------------+
|     FS     |    Used   |   Quota   |  Used %  |   Files    |  Files Quota  |   Files %   |
+------------+-----------+-----------+----------+------------+---------------+-------------+
|    data    |  13.62 TB |  10.00 TB | 136.00%  | 1,102,995  |   4,096,000   |    26.00%   |
|  scratch4  |  9.91 TB  |  10.00 TB |  99.00%  | 1,629,629  |   5,242,880   |    31.00%   |
| scratch16  |  12.55 TB |  20.00 TB |  62.00%  |  983,127   |   20,480,000  |    4.00%    |
+------------+-----------+-----------+----------+------------+---------------+-------------+

Consider completing our user survey to provide feedback to help improve the cluster: https://jh.qualtrics.com/jfe/form/SV_bQOKO9M7xQFmwAu
Python 3.9.22
{
  "status": "pass",
  "checks": {
    "both_records_accepted": true,
    "same_calculator_identity": true,
    "distinct_structures": true,
    "repeat_inputs_unique": true
  }
}
