      Step     Time          Energy          fmax
FIRE:    0 03:20:40     -192.384591        3.186700
FIRE:    1 03:20:43     -193.715329        2.920066
FIRE:    2 03:20:44     -194.924511        2.709287
FIRE:    3 03:20:44     -196.012333        2.479635
FIRE:    4 03:20:44     -196.978633        2.255249
FIRE:    5 03:20:45     -197.822064        2.203277
FIRE:    6 03:20:45     -198.540935        2.062120
FIRE:    7 03:20:45     -199.134348        1.838085
FIRE:    8 03:20:45     -199.603933        1.544333
FIRE:    9 03:20:45     -199.955558        1.200858
FIRE:   10 03:20:45     -200.201515        0.836291
FIRE:   11 03:20:45     -200.361561        0.681237
FIRE:   12 03:20:45     -200.461822        0.945590
FIRE:   13 03:20:46     -200.533666        1.294577
FIRE:   14 03:20:46     -200.610355        1.501719
FIRE:   15 03:20:46     -200.717370        1.501283
FIRE:   16 03:20:46     -200.861782        1.295246
FIRE:   17 03:20:46     -201.032293        0.952042
FIRE:   18 03:20:46     -201.209228        0.718619
FIRE:   19 03:20:46     -201.373709        0.713615
FIRE:   20 03:20:46     -201.511701        0.708969
FIRE:   21 03:20:47     -201.615566        0.703757
FIRE:   22 03:20:47     -201.685258        0.695745
FIRE:   23 03:20:47     -201.728716        0.682817
FIRE:   24 03:20:47     -201.760096        0.653004
FIRE:   25 03:20:47     -201.795534        0.672210
FIRE:   26 03:20:47     -201.847508        0.703427
FIRE:   27 03:20:47     -201.920222        0.715189
FIRE:   28 03:20:47     -202.008569        0.715011
FIRE:   29 03:20:47     -202.101236        0.712408
FIRE:   30 03:20:48     -202.187930        0.843303
FIRE:   31 03:20:48     -202.268697        0.810539
FIRE:   32 03:20:48     -202.355235        0.657026
FIRE:   33 03:20:48     -202.462549        0.891553
FIRE:   34 03:20:48     -202.598588        1.312000
FIRE:   35 03:20:48     -202.761074        1.366565
FIRE:   36 03:20:48     -202.943321        1.074633
FIRE:   37 03:20:48     -203.141473        1.103150
FIRE:   38 03:20:49     -203.351941        1.124322
FIRE:   39 03:20:49     -203.560212        0.942455
FIRE:   40 03:20:49     -203.737263        0.941400
FIRE:   41 03:20:49     -203.851299        1.445963
FIRE:   42 03:20:49     -203.881756        1.654018
FIRE:   43 03:20:49     -204.031998        0.737285
FIRE:   44 03:20:49     -204.119865        0.654037
FIRE:   45 03:20:49     -204.226734        0.807119
FIRE:   46 03:20:49     -204.355303        0.706576
FIRE:   47 03:20:50     -204.449372        0.925203
FIRE:   48 03:20:50     -204.507744        0.785434
FIRE:   49 03:20:50     -204.574166        0.760828
FIRE:   50 03:20:50     -204.666932        0.633307
FIRE:   51 03:20:50     -204.774172        0.575770
FIRE:   52 03:20:50     -204.881780        0.696213
FIRE:   53 03:20:50     -204.987195        0.830156
FIRE:   54 03:20:50     -205.102739        0.971641
FIRE:   55 03:20:51     -205.238912        1.067018
FIRE:   56 03:20:51     -205.397572        1.020189
FIRE:   57 03:20:51     -205.572766        0.956942
FIRE:   58 03:20:51     -205.746924        0.752160
FIRE:   59 03:20:51     -205.889205        1.363612
FIRE:   60 03:20:51     -205.963676        1.761971
FIRE:   61 03:20:51     -205.967384        1.605722
FIRE:   62 03:20:51     -205.991207        1.885132
FIRE:   63 03:20:51     -206.127040        1.602227
FIRE:   64 03:20:52     -206.313554        1.113107
FIRE:   65 03:20:52     -206.442493        1.313959
FIRE:   66 03:20:52     -206.511316        0.515428
FIRE:   67 03:20:52     -206.550726        0.719140
FIRE:   68 03:20:52     -206.563882        0.515818
FIRE:   69 03:20:52     -206.577558        0.556024
FIRE:   70 03:20:52     -206.588345        0.430941
FIRE:   71 03:20:52     -206.592016        0.175318
FIRE:   72 03:20:53     -206.587202        0.553504
FIRE:   73 03:20:53     -206.587256        0.447924
FIRE:   74 03:20:53     -206.586810        0.277530
FIRE:   75 03:20:53     -206.585066        0.177321
FIRE:   76 03:20:53     -206.581514        0.263088
FIRE:   77 03:20:53     -206.576445        0.295206
FIRE:   78 03:20:53     -206.570316        0.233982
FIRE:   79 03:20:53     -206.563296        0.218820
FIRE:   80 03:20:54     -206.554374        0.219696
FIRE:   81 03:20:54     -206.543111        0.250441
FIRE:   82 03:20:54     -206.529615        0.212979
FIRE:   83 03:20:54     -206.513632        0.120205
FIRE:   84 03:20:54     -206.493518        0.190015
FIRE:   85 03:20:54     -206.468294        0.173282
FIRE:   86 03:20:54     -206.438976        0.194769
FIRE:   87 03:20:54     -206.405457        0.165244
FIRE:   88 03:20:54     -206.368485        0.145796
FIRE:   89 03:20:55     -206.332331        0.158979
FIRE:   90 03:20:55     -206.299717        0.196975
FIRE:   91 03:20:55     -206.275107        0.105803
FIRE:   92 03:20:55     -206.261659        0.111351
FIRE:   93 03:20:55     -206.263341        0.191818
FIRE:   94 03:20:55     -206.282095        0.175482
FIRE:   95 03:20:55     -206.319035        0.114598
FIRE:   96 03:20:55     -206.370492        0.091423
FIRE:   97 03:20:56     -206.430997        0.110071
FIRE:   98 03:20:56     -206.497651        0.122258
FIRE:   99 03:20:56     -206.567848        0.184979
FIRE:  100 03:20:56     -206.638624        0.304494
FIRE:  101 03:20:56     -206.706748        0.395480
FIRE:  102 03:20:56     -206.772094        0.284591
FIRE:  103 03:20:56     -206.834759        0.085576
FIRE:  104 03:20:56     -206.893136        0.135985
FIRE:  105 03:20:56     -206.946081        0.224270
FIRE:  106 03:20:57     -206.993605        0.144387
FIRE:  107 03:20:57     -207.036300        0.104648
FIRE:  108 03:20:57     -207.074527        0.173944
FIRE:  109 03:20:57     -207.109394        0.122760
FIRE:  110 03:20:57     -207.142414        0.132612
FIRE:  111 03:20:57     -207.174409        0.182988
FIRE:  112 03:20:57     -207.205597        0.158246
FIRE:  113 03:20:57     -207.235357        0.156972
FIRE:  114 03:20:58     -207.263300        0.088205
FIRE:  115 03:20:58     -207.289764        0.086305
FIRE:  116 03:20:58     -207.315143        0.128688
FIRE:  117 03:20:58     -207.339807        0.155620
FIRE:  118 03:20:58     -207.363706        0.157437
FIRE:  119 03:20:58     -207.386852        0.158617
FIRE:  120 03:20:58     -207.409390        0.179053
FIRE:  121 03:20:58     -207.431706        0.227537
FIRE:  122 03:20:59     -207.454288        0.241406
FIRE:  123 03:20:59     -207.477686        0.221262
FIRE:  124 03:20:59     -207.502714        0.212814
FIRE:  125 03:20:59     -207.530805        0.216785
FIRE:  126 03:20:59     -207.563644        0.229878
FIRE:  127 03:20:59     -207.602443        0.244955
FIRE:  128 03:20:59     -207.647700        0.537199
FIRE:  129 03:20:59     -207.699883        0.714517
FIRE:  130 03:21:00     -207.754585        0.608235
FIRE:  131 03:21:00     -207.797053        0.348878
FIRE:  132 03:21:00     -207.813988        0.370932
FIRE:  133 03:21:00     -207.813517        0.631493
FIRE:  134 03:21:00     -207.827159        0.631481
FIRE:  135 03:21:00     -207.860507        0.414757
FIRE:  136 03:21:00     -207.893137        0.358260
FIRE:  137 03:21:00     -207.927419        0.456459
FIRE:  138 03:21:01     -207.967330        0.376696
FIRE:  139 03:21:01     -208.002724        0.412593
FIRE:  140 03:21:01     -208.028558        0.462801
FIRE:  141 03:21:01     -208.048718        0.381876
FIRE:  142 03:21:01     -208.067665        0.310241
FIRE:  143 03:21:01     -208.089761        0.305399
FIRE:  144 03:21:01     -208.120056        0.284662
FIRE:  145 03:21:01     -208.157814        0.207160
FIRE:  146 03:21:01     -208.195817        0.242717
FIRE:  147 03:21:02     -208.229617        0.253686
FIRE:  148 03:21:02     -208.260444        0.246615
FIRE:  149 03:21:02     -208.289952        0.229549
FIRE:  150 03:21:02     -208.317918        0.248258
FIRE:  151 03:21:02     -208.345429        0.254001
FIRE:  152 03:21:02     -208.374911        0.344148
FIRE:  153 03:21:02     -208.383601        0.422946
FIRE:  154 03:21:02     -208.391067        0.409060
FIRE:  155 03:21:03     -208.405024        0.311676
FIRE:  156 03:21:03     -208.419140        0.411308
FIRE:  157 03:21:03     -208.428600        0.442083
FIRE:  158 03:21:03     -208.433088        0.387841
FIRE:  159 03:21:03     -208.435193        0.438022
FIRE:  160 03:21:03     -208.437720        0.507305
FIRE:  161 03:21:03     -208.442121        0.572247
FIRE:  162 03:21:03     -208.448475        0.616540
FIRE:  163 03:21:03     -208.456200        0.637888
FIRE:  164 03:21:04     -208.464729        0.440973
FIRE:  165 03:21:04     -208.473944        0.522113
FIRE:  166 03:21:04     -208.487337        0.483901
FIRE:  167 03:21:04     -208.490186        0.279605
FIRE:  168 03:21:04     -208.494820        0.215524
FIRE:  169 03:21:04     -208.501480        0.419438
FIRE:  170 03:21:04     -208.509924        0.254834
FIRE:  171 03:21:04     -208.520220        0.200173
FIRE:  172 03:21:05     -208.533275        0.268228
FIRE:  173 03:21:05     -208.549030        0.154658
FIRE:  174 03:21:05     -208.570337        0.164130
FIRE:  175 03:21:05     -208.595977        0.224988
FIRE:  176 03:21:05     -208.624270        0.155492
FIRE:  177 03:21:05     -208.655485        0.204542
FIRE:  178 03:21:05     -208.689436        0.148191
FIRE:  179 03:21:05     -208.727233        0.181737
FIRE:  180 03:21:05     -208.766588        0.230237
FIRE:  181 03:21:06     -208.783961        0.298289
FIRE:  182 03:21:06     -208.797039        0.388857
FIRE:  183 03:21:06     -208.805851        0.507515
FIRE:  184 03:21:06     -208.811599        0.689781
FIRE:  185 03:21:06     -208.816029        0.829189
FIRE:  186 03:21:06     -208.820040        0.529988
FIRE:  187 03:21:06     -208.824325        0.781733
FIRE:  188 03:21:06     -208.828855        0.718975
FIRE:  189 03:21:07     -208.830161        0.383101
FIRE:  190 03:21:07     -208.832687        0.674702
FIRE:  191 03:21:07     -208.832966        0.531489
FIRE:  192 03:21:07     -208.833521        0.292093
FIRE:  193 03:21:07     -208.834371        0.145227
FIRE:  194 03:21:07     -208.835526        0.277590
FIRE:  195 03:21:07     -208.835589        0.265933
FIRE:  196 03:21:07     -208.835715        0.243222
FIRE:  197 03:21:08     -208.835904        0.210754
FIRE:  198 03:21:08     -208.836157        0.184845
FIRE:  199 03:21:08     -208.836476        0.157177
FIRE:  200 03:21:08     -208.836863        0.131135
FIRE:  201 03:21:08     -208.837318        0.120564
FIRE:  202 03:21:08     -208.837894        0.166291
FIRE:  203 03:21:08     -208.838610        0.203783
FIRE:  204 03:21:08     -208.839484        0.221933
FIRE:  205 03:21:08     -208.840541        0.211977
FIRE:  206 03:21:09     -208.841815        0.170238
FIRE:  207 03:21:09     -208.843356        0.105528
FIRE:  208 03:21:09     -208.845227        0.120973
FIRE:  209 03:21:09     -208.847481        0.139731
FIRE:  210 03:21:09     -208.850161        0.134664
FIRE:  211 03:21:09     -208.853346        0.086008
FIRE:  212 03:21:09     -208.857171        0.116360
FIRE:  213 03:21:09     -208.861734        0.133399
FIRE:  214 03:21:10     -208.867150        0.066372
FIRE:  215 03:21:10     -208.873660        0.111807
FIRE:  216 03:21:10     -208.881392        0.103197
FIRE:  217 03:21:10     -208.890662        0.128027
FIRE:  218 03:21:10     -208.900762        0.095483
FIRE:  219 03:21:10     -208.911055        0.100891
FIRE:  220 03:21:10     -208.921572        0.072396
FIRE:  221 03:21:10     -208.932374        0.076512
FIRE:  222 03:21:10     -208.943452        0.089290
FIRE:  223 03:21:11     -208.954824        0.073825
FIRE:  224 03:21:11     -208.966488        0.078073
FIRE:  225 03:21:11     -208.978467        0.080866
FIRE:  226 03:21:11     -208.990853        0.079600
FIRE:  227 03:21:11     -209.003564        0.074056
FIRE:  228 03:21:11     -209.016413        0.065533
FIRE:  229 03:21:11     -209.029245        0.064019
FIRE:  230 03:21:11     -209.041868        0.054569
FIRE:  231 03:21:12     -209.053973        0.050303
FIRE:  232 03:21:12     -209.065223        0.045001
