
     Program NEB v.7.3.1 starts on 16Sep2026 at 10:52:35 

     This program is part of the open-source Quantum ESPRESSO suite
     for quantum simulation of materials; please cite
         "P. Giannozzi et al., J. Phys.:Condens. Matter 21 395502 (2009);
         "P. Giannozzi et al., J. Phys.:Condens. Matter 29 465901 (2017);
         "P. Giannozzi et al., J. Chem. Phys. 152 154105 (2020);
          URL http://www.quantum-espresso.org", 
     in publications or presentations arising from this work. More details at
     http://www.quantum-espresso.org/quote

     Parallel version (MPI), running on     8 processors

     MPI processes distributed on     1 nodes
     107261 MiB available memory on the printing compute node when the environment starts
 

     Parsing file: neb.in
     Reading input from pw_1.in
     Reading input from pw_2.in
     Reading input from pw_3.in
     Reading input from pw_4.in
     Reading input from pw_5.in

     restart file 'mt6a346d99.path' not found: 
     starting from scratch

     initial path length           = 11.2460 bohr
     initial inter-image distance  =  2.8115 bohr
 
     string_method                 =    neb
     restart_mode                  =    from_scratch
     opt_scheme                    =    broyden
     num_of_images                 =    5
     nstep_path                    =    200
     CI_scheme                     =    auto
     first_last_opt                =    F
     use_freezing                  =    F
     ds                            =    0.2000 a.u.
     k_max                         =    0.3000 a.u.
     k_min                         =    0.1000 a.u.
     suggested k_max               =   15.4213 a.u.
     suggested k_min               =    5.1404 a.u.
     path_thr                      =    0.0300 eV / A

     ------------------------------ iteration   1 ------------------------------

     tcpu =     10.4    self-consistency for image   1
     Message from routine setup:
     using ibrav=0 with symmetry is DISCOURAGED, use correct ibrav instead
     tcpu =   2116.2    self-consistency for image   2
     Message from routine setup:
     using ibrav=0 with symmetry is DISCOURAGED, use correct ibrav instead
     tcpu =   7300.3    self-consistency for image   3
     Message from routine setup:
     using ibrav=0 with symmetry is DISCOURAGED, use correct ibrav instead
     tcpu =  12897.7    self-consistency for image   4
     Message from routine setup:
     using ibrav=0 with symmetry is DISCOURAGED, use correct ibrav instead
     tcpu =  18459.4    self-consistency for image   5
     Message from routine setup:
     using ibrav=0 with symmetry is DISCOURAGED, use correct ibrav instead

     activation energy (->) =   0.000000 eV
     activation energy (<-) =   0.174532 eV

     image        energy (eV)        error (eV/A)        frozen

         1     -76264.4940623           15.167277            T
         2     -76267.5329921            1.930389            F
         3     -76267.0564731            1.024056            F
         4     -76267.1275637            1.301164            F
         5     -76264.6685943            1.231554            T

     climbing image =  1

     path length          = 11.246 bohr
     inter-image distance =  2.812 bohr

     ------------------------------ iteration   2 ------------------------------

     tcpu =  21316.0    self-consistency for image   2
     Message from routine setup:
     using ibrav=0 with symmetry is DISCOURAGED, use correct ibrav instead
     tcpu =  23824.4    self-consistency for image   3
     Message from routine setup:
     using ibrav=0 with symmetry is DISCOURAGED, use correct ibrav instead
     tcpu =  26280.9    self-consistency for image   4
     Message from routine setup:
     using ibrav=0 with symmetry is DISCOURAGED, use correct ibrav instead

     activation energy (->) =   0.000000 eV
     activation energy (<-) =   0.174532 eV

     image        energy (eV)        error (eV/A)        frozen

         1     -76264.4940623           15.059270            T
         2     -76267.5295105            1.916335            F
         3     -76267.0566349            0.995845            F
         4     -76267.1282968            1.292934            F
         5     -76264.6685943            1.231554            T

     climbing image =  1

     path length          = 11.241 bohr
     inter-image distance =  2.810 bohr

     ------------------------------ iteration   3 ------------------------------

     tcpu =  28609.5    self-consistency for image   2
     Message from routine setup:
     using ibrav=0 with symmetry is DISCOURAGED, use correct ibrav instead
     tcpu =  32093.4    self-consistency for image   3
     Message from routine setup:
     using ibrav=0 with symmetry is DISCOURAGED, use correct ibrav instead
     tcpu =  34521.9    self-consistency for image   4
     Message from routine setup:
     using ibrav=0 with symmetry is DISCOURAGED, use correct ibrav instead

     activation energy (->) =   0.000000 eV
     activation energy (<-) =   0.174532 eV

     image        energy (eV)        error (eV/A)        frozen

         1     -76264.4940623           14.906093            T
         2     -76267.5266394            1.896832            F
         3     -76267.0594613            0.971610            F
         4     -76267.1302235            1.274992            F
         5     -76264.6685943            1.231554            T

     climbing image =  1

     path length          = 11.222 bohr
     inter-image distance =  2.806 bohr

     ------------------------------ iteration   4 ------------------------------

     tcpu =  37613.7    self-consistency for image   2
     Message from routine setup:
     using ibrav=0 with symmetry is DISCOURAGED, use correct ibrav instead
     tcpu =  43785.0    self-consistency for image   3
     Message from routine setup:
     using ibrav=0 with symmetry is DISCOURAGED, use correct ibrav instead
     tcpu =  47187.1    self-consistency for image   4
     Message from routine setup:
     using ibrav=0 with symmetry is DISCOURAGED, use correct ibrav instead

     activation energy (->) =   0.000000 eV
     activation energy (<-) =   0.174532 eV

     image        energy (eV)        error (eV/A)        frozen

         1     -76264.4940623           13.505271            T
         2     -76267.4977418            1.712141            F
         3     -76267.0879877            0.766462            F
         4     -76267.1450276            1.168384            F
         5     -76264.6685943            1.231554            T

     climbing image =  1

     path length          = 11.035 bohr
     inter-image distance =  2.759 bohr

     ------------------------------ iteration   5 ------------------------------

     tcpu =  51449.6    self-consistency for image   2
     Message from routine setup:
     using ibrav=0 with symmetry is DISCOURAGED, use correct ibrav instead
     tcpu =  79547.6    self-consistency for image   3
     Message from routine setup:
     using ibrav=0 with symmetry is DISCOURAGED, use correct ibrav instead
     tcpu =  84106.2    self-consistency for image   4
     Message from routine setup:
     using ibrav=0 with symmetry is DISCOURAGED, use correct ibrav instead

     activation energy (->) =   0.000000 eV
     activation energy (<-) =   0.174532 eV

     image        energy (eV)        error (eV/A)        frozen

         1     -76264.4940623            9.242563            T
         2     -76266.0687611            1.075597            F
         3     -76267.1624348            2.318804            F
         4     -76267.1358838            0.906971            F
         5     -76264.6685943            1.231554            T

     climbing image =  1

     path length          = 10.484 bohr
     inter-image distance =  2.621 bohr

     ------------------------------ iteration   6 ------------------------------

     tcpu =  90665.7    self-consistency for image   2
     Message from routine setup:
     using ibrav=0 with symmetry is DISCOURAGED, use correct ibrav instead
     tcpu =  99668.7    self-consistency for image   3
     Message from routine setup:
     using ibrav=0 with symmetry is DISCOURAGED, use correct ibrav instead
     tcpu = 103769.3    self-consistency for image   4
     Message from routine setup:
     using ibrav=0 with symmetry is DISCOURAGED, use correct ibrav instead

     activation energy (->) =   0.000000 eV
     activation energy (<-) =   0.174532 eV

     image        energy (eV)        error (eV/A)        frozen

         1     -76264.4940623            6.667391            T
         2     -76265.8762319            0.641940            F
         3     -76267.1950593            3.188943            F
         4     -76267.0750000            0.680991            F
         5     -76264.6685943            1.231554            T

     climbing image =  1

     path length          = 10.162 bohr
     inter-image distance =  2.540 bohr

     ------------------------------ iteration   7 ------------------------------

     tcpu = 109455.4    self-consistency for image   2
     Message from routine setup:
     using ibrav=0 with symmetry is DISCOURAGED, use correct ibrav instead
     tcpu = 117650.9    self-consistency for image   3
     Message from routine setup:
     using ibrav=0 with symmetry is DISCOURAGED, use correct ibrav instead
     tcpu = 120805.7    self-consistency for image   4
     Message from routine setup:
     using ibrav=0 with symmetry is DISCOURAGED, use correct ibrav instead

     activation energy (->) =   0.000000 eV
     activation energy (<-) =   0.174532 eV

     image        energy (eV)        error (eV/A)        frozen

         1     -76264.4940623            6.073692            T
         2     -76265.8196942            0.595466            F
         3     -76267.2010493            3.429589            F
         4     -76267.0520905            0.687905            F
         5     -76264.6685943            1.231554            T

     climbing image =  1

     path length          = 10.085 bohr
     inter-image distance =  2.521 bohr

     ------------------------------ iteration   8 ------------------------------

     tcpu = 124848.4    self-consistency for image   2
     Message from routine setup:
     using ibrav=0 with symmetry is DISCOURAGED, use correct ibrav instead
     tcpu = 128661.6    self-consistency for image   3
     Message from routine setup:
     using ibrav=0 with symmetry is DISCOURAGED, use correct ibrav instead
