
     Program NEB v.7.3.1 starts on 11Sep2026 at  9:16:57 

     This program is part of the open-source Quantum ESPRESSO suite
     for quantum simulation of materials; please cite
         "P. Giannozzi et al., J. Phys.:Condens. Matter 21 395502 (2009);
         "P. Giannozzi et al., J. Phys.:Condens. Matter 29 465901 (2017);
         "P. Giannozzi et al., J. Chem. Phys. 152 154105 (2020);
          URL http://www.quantum-espresso.org", 
     in publications or presentations arising from this work. More details at
     http://www.quantum-espresso.org/quote

     Parallel version (MPI), running on     2 processors

     MPI processes distributed on     1 nodes
     132919 MiB available memory on the printing compute node when the environment starts
 

     Parsing file: neb.in
     Reading input from pw_1.in
     Reading input from pw_2.in
     Reading input from pw_3.in
     Reading input from pw_4.in
     Reading input from pw_5.in

     reading file 'sb2te3.path'

 
     string_method                 =    neb
     restart_mode                  =    restart
     opt_scheme                    =    broyden
     num_of_images                 =    5
     nstep_path                    =    1000
     CI_scheme                     =    auto
     first_last_opt                =    F
     use_freezing                  =    F
     ds                            =    0.2000 a.u.
     k_max                         =    0.3000 a.u.
     k_min                         =    0.1000 a.u.
     suggested k_max               =   15.4213 a.u.
     suggested k_min               =    5.1404 a.u.
     path_thr                      =    0.0300 eV / A

     ------------------------------ iteration  14 ------------------------------

     tcpu =      0.4    self-consistency for image   2
     Message from routine setup:
     using ibrav=0 with symmetry is DISCOURAGED, use correct ibrav instead
     tcpu =    791.6    self-consistency for image   3
     Message from routine setup:
     using ibrav=0 with symmetry is DISCOURAGED, use correct ibrav instead
     tcpu =   1482.7    self-consistency for image   4
     Message from routine setup:
     using ibrav=0 with symmetry is DISCOURAGED, use correct ibrav instead

     activation energy (->) =   0.557933 eV
     activation energy (<-) =   0.000000 eV

     image        energy (eV)        error (eV/A)        frozen

         1    -133597.4398090            0.233763            T
         2    -133597.1138942            0.746768            F
         3    -133596.8832187            0.863076            F
         4    -133597.2785487            0.631122            F
         5    -133596.8818756            0.449853            T

     climbing image =  5

     path length          =  6.613 bohr
     inter-image distance =  1.653 bohr

     ------------------------------ iteration  15 ------------------------------

     tcpu =   2189.8    self-consistency for image   2
     Message from routine setup:
     using ibrav=0 with symmetry is DISCOURAGED, use correct ibrav instead
     tcpu =   2877.9    self-consistency for image   3
     Message from routine setup:
     using ibrav=0 with symmetry is DISCOURAGED, use correct ibrav instead
     tcpu =   3585.3    self-consistency for image   4
     Message from routine setup:
     using ibrav=0 with symmetry is DISCOURAGED, use correct ibrav instead

     activation energy (->) =   0.557933 eV
     activation energy (<-) =   0.000000 eV

     image        energy (eV)        error (eV/A)        frozen

         1    -133597.4398090            0.233763            T
         2    -133597.2527779            1.399227            F
         3    -133596.9662871            0.232694            F
         4    -133597.3596535            0.632913            F
         5    -133596.8818756            0.473889            T

     climbing image =  5

     path length          =  6.852 bohr
     inter-image distance =  1.713 bohr

     ------------------------------ iteration  16 ------------------------------

     tcpu =   4749.4    self-consistency for image   2
     Message from routine setup:
     using ibrav=0 with symmetry is DISCOURAGED, use correct ibrav instead
     tcpu =   5298.3    self-consistency for image   3
     Message from routine setup:
     using ibrav=0 with symmetry is DISCOURAGED, use correct ibrav instead
     tcpu =   5807.4    self-consistency for image   4
     Message from routine setup:
     using ibrav=0 with symmetry is DISCOURAGED, use correct ibrav instead

     activation energy (->) =   0.557933 eV
     activation energy (<-) =   0.000000 eV

     image        energy (eV)        error (eV/A)        frozen

         1    -133597.4398090            0.233763            T
         2    -133597.2638151            1.535771            F
         3    -133596.9750234            0.230487            F
         4    -133597.3661467            0.631882            F
         5    -133596.8818756            0.474166            T

     climbing image =  5

     path length          =  6.879 bohr
     inter-image distance =  1.720 bohr

     ------------------------------ iteration  17 ------------------------------

     tcpu =   6337.8    self-consistency for image   2
     Message from routine setup:
     using ibrav=0 with symmetry is DISCOURAGED, use correct ibrav instead
     tcpu =   6714.3    self-consistency for image   3
     Message from routine setup:
     using ibrav=0 with symmetry is DISCOURAGED, use correct ibrav instead
     tcpu =   7182.3    self-consistency for image   4
     Message from routine setup:
     using ibrav=0 with symmetry is DISCOURAGED, use correct ibrav instead

     activation energy (->) =   0.557933 eV
     activation energy (<-) =   0.000000 eV

     image        energy (eV)        error (eV/A)        frozen

         1    -133597.4398090            0.233763            T
         2    -133597.2663047            1.559330            F
         3    -133596.9777834            0.231043            F
         4    -133597.3680914            0.627055            F
         5    -133596.8818756            0.476425            T

     climbing image =  5

     path length          =  6.888 bohr
     inter-image distance =  1.722 bohr

     ------------------------------ iteration  18 ------------------------------

     tcpu =   7545.9    self-consistency for image   2
     Message from routine setup:
     using ibrav=0 with symmetry is DISCOURAGED, use correct ibrav instead
     tcpu =   7914.5    self-consistency for image   3
     Message from routine setup:
     using ibrav=0 with symmetry is DISCOURAGED, use correct ibrav instead
     tcpu =   8249.3    self-consistency for image   4
     Message from routine setup:
     using ibrav=0 with symmetry is DISCOURAGED, use correct ibrav instead

     activation energy (->) =   0.557933 eV
     activation energy (<-) =   0.000000 eV

     image        energy (eV)        error (eV/A)        frozen

         1    -133597.4398090            0.233763            T
         2    -133597.2668596            1.556027            F
         3    -133596.9793588            0.231785            F
         4    -133597.3691757            0.620694            F
         5    -133596.8818756            0.478495            T

     climbing image =  5

     path length          =  6.892 bohr
     inter-image distance =  1.723 bohr

     ------------------------------ iteration  19 ------------------------------

     tcpu =   8605.0    self-consistency for image   2
     Message from routine setup:
     using ibrav=0 with symmetry is DISCOURAGED, use correct ibrav instead
     tcpu =   8918.8    self-consistency for image   3
     Message from routine setup:
     using ibrav=0 with symmetry is DISCOURAGED, use correct ibrav instead
     tcpu =   9209.1    self-consistency for image   4
     Message from routine setup:
     using ibrav=0 with symmetry is DISCOURAGED, use correct ibrav instead

     activation energy (->) =   0.557933 eV
     activation energy (<-) =   0.000000 eV

     image        energy (eV)        error (eV/A)        frozen

         1    -133597.4398090            0.233763            T
         2    -133597.2661086            1.538160            F
         3    -133596.9798026            0.216035            F
         4    -133597.3694453            0.624479            F
         5    -133596.8818756            0.478812            T

     climbing image =  5

     path length          =  6.893 bohr
     inter-image distance =  1.723 bohr

     ------------------------------ iteration  20 ------------------------------

     tcpu =   9496.4    self-consistency for image   2
     Message from routine setup:
     using ibrav=0 with symmetry is DISCOURAGED, use correct ibrav instead
     tcpu =  10072.1    self-consistency for image   3
     Message from routine setup:
     using ibrav=0 with symmetry is DISCOURAGED, use correct ibrav instead
     tcpu =  10634.3    self-consistency for image   4
     Message from routine setup:
     using ibrav=0 with symmetry is DISCOURAGED, use correct ibrav instead

     activation energy (->) =   0.557933 eV
     activation energy (<-) =   0.000000 eV

     image        energy (eV)        error (eV/A)        frozen

         1    -133597.4398090            0.233763            T
         2    -133597.2450360            1.030503            F
         3    -133596.9909846            0.258675            F
         4    -133597.3762731            0.465912            F
         5    -133596.8818756            0.486026            T

     climbing image =  5

     path length          =  6.917 bohr
     inter-image distance =  1.729 bohr

     ------------------------------ iteration  21 ------------------------------

     tcpu =  11210.0    self-consistency for image   2
     Message from routine setup:
     using ibrav=0 with symmetry is DISCOURAGED, use correct ibrav instead
     tcpu =  11985.9    self-consistency for image   3
     Message from routine setup:
     using ibrav=0 with symmetry is DISCOURAGED, use correct ibrav instead
     tcpu =  12817.5    self-consistency for image   4
     Message from routine setup:
     using ibrav=0 with symmetry is DISCOURAGED, use correct ibrav instead

     activation energy (->) =   0.557933 eV
     activation energy (<-) =   0.000000 eV

     image        energy (eV)        error (eV/A)        frozen

         1    -133597.4398090            0.233763            T
         2    -133597.0893375            3.202151            F
         3    -133597.0567683            1.634855            F
         4    -133597.3988689            0.434399            F
         5    -133596.8818756            0.529309            T

     climbing image =  5

     path length          =  7.132 bohr
     inter-image distance =  1.783 bohr

     ------------------------------ iteration  22 ------------------------------

     tcpu =  13883.5    self-consistency for image   2
     Message from routine setup:
     using ibrav=0 with symmetry is DISCOURAGED, use correct ibrav instead
     tcpu =  14893.1    self-consistency for image   3
     Message from routine setup:
     using ibrav=0 with symmetry is DISCOURAGED, use correct ibrav instead
     tcpu =  15456.4    self-consistency for image   4
     Message from routine setup:
     using ibrav=0 with symmetry is DISCOURAGED, use correct ibrav instead

     activation energy (->) =   0.557933 eV
     activation energy (<-) =   0.000000 eV

     image        energy (eV)        error (eV/A)        frozen

         1    -133597.4398090            0.233763            T
         2    -133597.1498890            1.404553            F
         3    -133597.0338808            0.958320            F
         4    -133597.3956381            0.290033            F
         5    -133596.8818756            0.513892            T

     climbing image =  5

     path length          =  7.039 bohr
     inter-image distance =  1.760 bohr

     ------------------------------ iteration  23 ------------------------------

     tcpu =  16034.3    self-consistency for image   2
     Message from routine setup:
     using ibrav=0 with symmetry is DISCOURAGED, use correct ibrav instead
     tcpu =  16799.7    self-consistency for image   3
     Message from routine setup:
     using ibrav=0 with symmetry is DISCOURAGED, use correct ibrav instead
     tcpu =  17298.2    self-consistency for image   4
     Message from routine setup:
     using ibrav=0 with symmetry is DISCOURAGED, use correct ibrav instead

     activation energy (->) =   0.557933 eV
     activation energy (<-) =   0.000000 eV

     image        energy (eV)        error (eV/A)        frozen

         1    -133597.4398090            0.233763            T
         2    -133597.1833325            0.519734            F
         3    -133597.0212128            0.640748            F
         4    -133597.3914963            0.256702            F
         5    -133596.8818756            0.505382            T

     climbing image =  5

     path length          =  6.997 bohr
     inter-image distance =  1.749 bohr

     ------------------------------ iteration  24 ------------------------------

     tcpu =  17825.6    self-consistency for image   2
     Message from routine setup:
     using ibrav=0 with symmetry is DISCOURAGED, use correct ibrav instead
     tcpu =  18071.6    self-consistency for image   3
     Message from routine setup:
     using ibrav=0 with symmetry is DISCOURAGED, use correct ibrav instead
     tcpu =  18327.4    self-consistency for image   4
     Message from routine setup:
     using ibrav=0 with symmetry is DISCOURAGED, use correct ibrav instead

     activation energy (->) =   0.557933 eV
     activation energy (<-) =   0.000000 eV

     image        energy (eV)        error (eV/A)        frozen

         1    -133597.4398090            0.233763            T
         2    -133597.1834924            0.517954            F
         3    -133597.0216457            0.638402            F
         4    -133597.3917752            0.245863            F
         5    -133596.8818756            0.505540            T

     climbing image =  5

     path length          =  6.998 bohr
     inter-image distance =  1.749 bohr

     ------------------------------ iteration  25 ------------------------------

     tcpu =  18577.2    self-consistency for image   2
     Message from routine setup:
     using ibrav=0 with symmetry is DISCOURAGED, use correct ibrav instead
     tcpu =  18828.0    self-consistency for image   3
     Message from routine setup:
     using ibrav=0 with symmetry is DISCOURAGED, use correct ibrav instead
     tcpu =  19081.6    self-consistency for image   4
     Message from routine setup:
     using ibrav=0 with symmetry is DISCOURAGED, use correct ibrav instead

     activation energy (->) =   0.557933 eV
     activation energy (<-) =   0.000000 eV

     image        energy (eV)        error (eV/A)        frozen

         1    -133597.4398090            0.233763            T
         2    -133597.1845119            0.506757            F
         3    -133597.0223254            0.629549            F
         4    -133597.3922595            0.232848            F
         5    -133596.8818756            0.505690            T

     climbing image =  5

     path length          =  6.999 bohr
     inter-image distance =  1.750 bohr

     ------------------------------ iteration  26 ------------------------------

     tcpu =  19351.9    self-consistency for image   2
     Message from routine setup:
     using ibrav=0 with symmetry is DISCOURAGED, use correct ibrav instead
     tcpu =  19607.8    self-consistency for image   3
     Message from routine setup:
     using ibrav=0 with symmetry is DISCOURAGED, use correct ibrav instead
     tcpu =  19938.4    self-consistency for image   4
     Message from routine setup:
     using ibrav=0 with symmetry is DISCOURAGED, use correct ibrav instead

     activation energy (->) =   0.557933 eV
     activation energy (<-) =   0.000000 eV

     image        energy (eV)        error (eV/A)        frozen

         1    -133597.4398090            0.233763            T
         2    -133597.1855152            0.490614            F
         3    -133597.0230461            0.620019            F
         4    -133597.3927489            0.233372            F
         5    -133596.8818756            0.505847            T

     climbing image =  5

     path length          =  7.001 bohr
     inter-image distance =  1.750 bohr

     ------------------------------ iteration  27 ------------------------------

     tcpu =  20209.3    self-consistency for image   2
     Message from routine setup:
     using ibrav=0 with symmetry is DISCOURAGED, use correct ibrav instead
     tcpu =  20517.9    self-consistency for image   3
     Message from routine setup:
     using ibrav=0 with symmetry is DISCOURAGED, use correct ibrav instead
     tcpu =  20863.7    self-consistency for image   4
     Message from routine setup:
     using ibrav=0 with symmetry is DISCOURAGED, use correct ibrav instead

     activation energy (->) =   0.557933 eV
     activation energy (<-) =   0.000000 eV

     image        energy (eV)        error (eV/A)        frozen

         1    -133597.4398090            0.233763            T
         2    -133597.1875283            0.457482            F
         3    -133597.0244519            0.601099            F
         4    -133597.3937325            0.257736            F
         5    -133596.8818756            0.506149            T

     climbing image =  5

     path length          =  7.004 bohr
     inter-image distance =  1.751 bohr

     ------------------------------ iteration  28 ------------------------------

     tcpu =  21214.1    self-consistency for image   2
     Message from routine setup:
     using ibrav=0 with symmetry is DISCOURAGED, use correct ibrav instead
     tcpu =  21689.6    self-consistency for image   3
     Message from routine setup:
     using ibrav=0 with symmetry is DISCOURAGED, use correct ibrav instead
     tcpu =  22120.1    self-consistency for image   4
     Message from routine setup:
     using ibrav=0 with symmetry is DISCOURAGED, use correct ibrav instead

     activation energy (->) =   0.557933 eV
     activation energy (<-) =   0.000000 eV

     image        energy (eV)        error (eV/A)        frozen

         1    -133597.4398090            0.233763            T
         2    -133597.1937529            0.362185            F
         3    -133597.0288691            0.543651            F
         4    -133597.3967225            0.259286            F
         5    -133596.8818756            0.507072            T

     climbing image =  5

     path length          =  7.013 bohr
     inter-image distance =  1.753 bohr

     ------------------------------ iteration  29 ------------------------------

     tcpu =  22582.4    self-consistency for image   2
     Message from routine setup:
     using ibrav=0 with symmetry is DISCOURAGED, use correct ibrav instead
     tcpu =  23083.4    self-consistency for image   3
     Message from routine setup:
     using ibrav=0 with symmetry is DISCOURAGED, use correct ibrav instead
     tcpu =  23515.0    self-consistency for image   4
     Message from routine setup:
     using ibrav=0 with symmetry is DISCOURAGED, use correct ibrav instead

     activation energy (->) =   0.557933 eV
     activation energy (<-) =   0.000000 eV

     image        energy (eV)        error (eV/A)        frozen

         1    -133597.4398090            0.233763            T
         2    -133597.2036046            0.218248            F
         3    -133597.0360044            0.456124            F
         4    -133597.4014320            0.262252            F
         5    -133596.8818756            0.508461            T

     climbing image =  5

     path length          =  7.028 bohr
     inter-image distance =  1.757 bohr

     ------------------------------ iteration  30 ------------------------------

     tcpu =  23997.2    self-consistency for image   2
     Message from routine setup:
     using ibrav=0 with symmetry is DISCOURAGED, use correct ibrav instead
     tcpu =  24501.5    self-consistency for image   3
     Message from routine setup:
     using ibrav=0 with symmetry is DISCOURAGED, use correct ibrav instead
     tcpu =  24983.9    self-consistency for image   4
     Message from routine setup:
     using ibrav=0 with symmetry is DISCOURAGED, use correct ibrav instead

     activation energy (->) =   0.557933 eV
     activation energy (<-) =   0.000000 eV

     image        energy (eV)        error (eV/A)        frozen

         1    -133597.4398090            0.233763            T
         2    -133597.2149575            0.133862            F
         3    -133597.0444620            0.361096            F
         4    -133597.4067674            0.295446            F
         5    -133596.8818756            0.509935            T

     climbing image =  5

     path length          =  7.047 bohr
     inter-image distance =  1.762 bohr

     ------------------------------ iteration  31 ------------------------------

     tcpu =  25488.4    self-consistency for image   2
     Message from routine setup:
     using ibrav=0 with symmetry is DISCOURAGED, use correct ibrav instead
     tcpu =  25994.3    self-consistency for image   3
     Message from routine setup:
     using ibrav=0 with symmetry is DISCOURAGED, use correct ibrav instead
     tcpu =  26576.4    self-consistency for image   4
     Message from routine setup:
     using ibrav=0 with symmetry is DISCOURAGED, use correct ibrav instead

     activation energy (->) =   0.557933 eV
     activation energy (<-) =   0.000000 eV

     image        energy (eV)        error (eV/A)        frozen

         1    -133597.4398090            0.233763            T
         2    -133597.2340196            0.173969            F
         3    -133597.0594035            0.314233            F
         4    -133597.4155440            0.420501            F
         5    -133596.8818756            0.512015            T

     climbing image =  5

     path length          =  7.081 bohr
     inter-image distance =  1.770 bohr

     ------------------------------ iteration  32 ------------------------------

     tcpu =  27118.9    self-consistency for image   2
     Message from routine setup:
     using ibrav=0 with symmetry is DISCOURAGED, use correct ibrav instead
     tcpu =  27565.1    self-consistency for image   3
     Message from routine setup:
     using ibrav=0 with symmetry is DISCOURAGED, use correct ibrav instead
     tcpu =  27925.8    self-consistency for image   4
     Message from routine setup:
     using ibrav=0 with symmetry is DISCOURAGED, use correct ibrav instead

     activation energy (->) =   0.557933 eV
     activation energy (<-) =   0.000000 eV

     image        energy (eV)        error (eV/A)        frozen

         1    -133597.4398090            0.233763            T
         2    -133597.2382546            0.220111            F
         3    -133597.0630299            0.314347            F
         4    -133597.4174939            0.445524            F
         5    -133596.8818756            0.512317            T

     climbing image =  5

     path length          =  7.090 bohr
     inter-image distance =  1.772 bohr

     ------------------------------ iteration  33 ------------------------------

     tcpu =  28282.7    self-consistency for image   2
     Message from routine setup:
     using ibrav=0 with symmetry is DISCOURAGED, use correct ibrav instead
     tcpu =  28663.5    self-consistency for image   3
     Message from routine setup:
     using ibrav=0 with symmetry is DISCOURAGED, use correct ibrav instead
     tcpu =  29075.5    self-consistency for image   4
     Message from routine setup:
     using ibrav=0 with symmetry is DISCOURAGED, use correct ibrav instead

     activation energy (->) =   0.557933 eV
     activation energy (<-) =   0.000000 eV

     image        energy (eV)        error (eV/A)        frozen

         1    -133597.4398090            0.233763            T
         2    -133597.2404832            0.240915            F
         3    -133597.0651995            0.314724            F
         4    -133597.4185580            0.458429            F
         5    -133596.8818756            0.512342            T

     climbing image =  5

     path length          =  7.095 bohr
     inter-image distance =  1.774 bohr

     ------------------------------ iteration  34 ------------------------------

     tcpu =  29428.0    self-consistency for image   2
     Message from routine setup:
     using ibrav=0 with symmetry is DISCOURAGED, use correct ibrav instead
     tcpu =  29792.8    self-consistency for image   3
     Message from routine setup:
     using ibrav=0 with symmetry is DISCOURAGED, use correct ibrav instead
     tcpu =  30158.2    self-consistency for image   4
     Message from routine setup:
     using ibrav=0 with symmetry is DISCOURAGED, use correct ibrav instead

     activation energy (->) =   0.557933 eV
     activation energy (<-) =   0.000000 eV

     image        energy (eV)        error (eV/A)        frozen

         1    -133597.4398090            0.233763            T
         2    -133597.2421322            0.252380            F
         3    -133597.0670886            0.317100            F
         4    -133597.4193932            0.465778            F
         5    -133596.8818756            0.512205            T

     climbing image =  5

     path length          =  7.099 bohr
     inter-image distance =  1.775 bohr

     ------------------------------ iteration  35 ------------------------------

     tcpu =  30531.4    self-consistency for image   2
     Message from routine setup:
     using ibrav=0 with symmetry is DISCOURAGED, use correct ibrav instead
     tcpu =  30881.5    self-consistency for image   3
     Message from routine setup:
     using ibrav=0 with symmetry is DISCOURAGED, use correct ibrav instead
     tcpu =  31225.7    self-consistency for image   4
     Message from routine setup:
     using ibrav=0 with symmetry is DISCOURAGED, use correct ibrav instead

     activation energy (->) =   0.557933 eV
     activation energy (<-) =   0.000000 eV

     image        energy (eV)        error (eV/A)        frozen

         1    -133597.4398090            0.233763            T
         2    -133597.2429502            0.254199            F
         3    -133597.0683600            0.315873            F
         4    -133597.4198501            0.467643            F
         5    -133596.8818756            0.511959            T

     climbing image =  5

     path length          =  7.102 bohr
     inter-image distance =  1.776 bohr

     ------------------------------ iteration  36 ------------------------------

     tcpu =  31576.0    self-consistency for image   2
     Message from routine setup:
     using ibrav=0 with symmetry is DISCOURAGED, use correct ibrav instead
     tcpu =  32044.6    self-consistency for image   3
     Message from routine setup:
     using ibrav=0 with symmetry is DISCOURAGED, use correct ibrav instead
     tcpu =  32543.1    self-consistency for image   4
     Message from routine setup:
     using ibrav=0 with symmetry is DISCOURAGED, use correct ibrav instead

     activation energy (->) =   0.557933 eV
     activation energy (<-) =   0.000000 eV

     image        energy (eV)        error (eV/A)        frozen

         1    -133597.4398090            0.233763            T
         2    -133597.2468534            0.256200            F
         3    -133597.0749163            0.320611            F
         4    -133597.4221006            0.472959            F
         5    -133596.8818756            0.510474            T

     climbing image =  5

     path length          =  7.118 bohr
     inter-image distance =  1.779 bohr

     ------------------------------ iteration  37 ------------------------------

     tcpu =  33033.5    self-consistency for image   2
     Message from routine setup:
     using ibrav=0 with symmetry is DISCOURAGED, use correct ibrav instead
     tcpu =  33553.5    self-consistency for image   3
     Message from routine setup:
     using ibrav=0 with symmetry is DISCOURAGED, use correct ibrav instead
     tcpu =  34142.1    self-consistency for image   4
     Message from routine setup:
     using ibrav=0 with symmetry is DISCOURAGED, use correct ibrav instead

     activation energy (->) =   0.557933 eV
     activation energy (<-) =   0.000000 eV

     image        energy (eV)        error (eV/A)        frozen

         1    -133597.4398090            0.233763            T
         2    -133597.2544532            0.248273            F
         3    -133597.0882836            0.329564            F
         4    -133597.4264911            0.482324            F
         5    -133596.8818756            0.506980            T

     climbing image =  5

     path length          =  7.151 bohr
     inter-image distance =  1.788 bohr

     ------------------------------ iteration  38 ------------------------------

     tcpu =  34680.0    self-consistency for image   2
     Message from routine setup:
     using ibrav=0 with symmetry is DISCOURAGED, use correct ibrav instead
     tcpu =  35233.4    self-consistency for image   3
     Message from routine setup:
     using ibrav=0 with symmetry is DISCOURAGED, use correct ibrav instead
     tcpu =  35815.1    self-consistency for image   4
     Message from routine setup:
     using ibrav=0 with symmetry is DISCOURAGED, use correct ibrav instead

     activation energy (->) =   0.557933 eV
     activation energy (<-) =   0.000000 eV

     image        energy (eV)        error (eV/A)        frozen

         1    -133597.4398090            0.233763            T
         2    -133597.2641978            0.219909            F
         3    -133597.1062569            0.340611            F
         4    -133597.4320670            0.495614            F
         5    -133596.8818756            0.501468            T

     climbing image =  5

     path length          =  7.198 bohr
     inter-image distance =  1.800 bohr

     ------------------------------ iteration  39 ------------------------------

     tcpu =  36341.9    self-consistency for image   2
     Message from routine setup:
     using ibrav=0 with symmetry is DISCOURAGED, use correct ibrav instead
     tcpu =  36930.6    self-consistency for image   3
     Message from routine setup:
     using ibrav=0 with symmetry is DISCOURAGED, use correct ibrav instead
     tcpu =  37506.9    self-consistency for image   4
     Message from routine setup:
     using ibrav=0 with symmetry is DISCOURAGED, use correct ibrav instead

     activation energy (->) =   0.557933 eV
     activation energy (<-) =   0.000000 eV

     image        energy (eV)        error (eV/A)        frozen

         1    -133597.4398090            0.233763            T
         2    -133597.2787226            0.163398            F
         3    -133597.1343283            0.352160            F
         4    -133597.4401498            0.516768            F
         5    -133596.8818756            0.491157            T

     climbing image =  5

     path length          =  7.279 bohr
     inter-image distance =  1.820 bohr

     ------------------------------ iteration  40 ------------------------------

     tcpu =  38110.6    self-consistency for image   2
     Message from routine setup:
     using ibrav=0 with symmetry is DISCOURAGED, use correct ibrav instead
     tcpu =  38595.8    self-consistency for image   3
     Message from routine setup:
     using ibrav=0 with symmetry is DISCOURAGED, use correct ibrav instead
     tcpu =  39081.3    self-consistency for image   4
     Message from routine setup:
     using ibrav=0 with symmetry is DISCOURAGED, use correct ibrav instead

     activation energy (->) =   0.557933 eV
     activation energy (<-) =   0.000000 eV

     image        energy (eV)        error (eV/A)        frozen

         1    -133597.4398090            0.233763            T
         2    -133597.2813090            0.160391            F
         3    -133597.1396425            0.352566            F
         4    -133597.4414664            0.516685            F
         5    -133596.8818756            0.488727            T

     climbing image =  5

     path length          =  7.295 bohr
     inter-image distance =  1.824 bohr

     ------------------------------ iteration  41 ------------------------------

     tcpu =  39527.7    self-consistency for image   2
     Message from routine setup:
     using ibrav=0 with symmetry is DISCOURAGED, use correct ibrav instead
     tcpu =  39875.5    self-consistency for image   3
     Message from routine setup:
     using ibrav=0 with symmetry is DISCOURAGED, use correct ibrav instead
     tcpu =  40300.9    self-consistency for image   4
     Message from routine setup:
     using ibrav=0 with symmetry is DISCOURAGED, use correct ibrav instead

     activation energy (->) =   0.557933 eV
     activation energy (<-) =   0.000000 eV

     image        energy (eV)        error (eV/A)        frozen

         1    -133597.4398090            0.233763            T
         2    -133597.2824753            0.158297            F
         3    -133597.1421924            0.353193            F
         4    -133597.4419631            0.514242            F
         5    -133596.8818756            0.487268            T

     climbing image =  5

     path length          =  7.303 bohr
     inter-image distance =  1.826 bohr

     ------------------------------ iteration  42 ------------------------------

     tcpu =  40668.9    self-consistency for image   2
     Message from routine setup:
     using ibrav=0 with symmetry is DISCOURAGED, use correct ibrav instead
     tcpu =  41017.0    self-consistency for image   3
     Message from routine setup:
     using ibrav=0 with symmetry is DISCOURAGED, use correct ibrav instead
     tcpu =  41425.1    self-consistency for image   4
     Message from routine setup:
     using ibrav=0 with symmetry is DISCOURAGED, use correct ibrav instead

     activation energy (->) =   0.557933 eV
     activation energy (<-) =   0.000000 eV

     image        energy (eV)        error (eV/A)        frozen

         1    -133597.4398090            0.233763            T
         2    -133597.2832583            0.155672            F
         3    -133597.1440605            0.353415            F
         4    -133597.4421883            0.511264            F
         5    -133596.8818756            0.485918            T

     climbing image =  5

     path length          =  7.308 bohr
     inter-image distance =  1.827 bohr

     ------------------------------ iteration  43 ------------------------------

     tcpu =  41785.7    self-consistency for image   2
     Message from routine setup:
     using ibrav=0 with symmetry is DISCOURAGED, use correct ibrav instead
     tcpu =  42053.1    self-consistency for image   3
     Message from routine setup:
     using ibrav=0 with symmetry is DISCOURAGED, use correct ibrav instead
     tcpu =  42373.7    self-consistency for image   4
     Message from routine setup:
     using ibrav=0 with symmetry is DISCOURAGED, use correct ibrav instead

     activation energy (->) =   0.557933 eV
     activation energy (<-) =   0.000000 eV

     image        energy (eV)        error (eV/A)        frozen

         1    -133597.4398090            0.233763            T
         2    -133597.2836552            0.152450            F
         3    -133597.1452542            0.353472            F
         4    -133597.4421882            0.506992            F
         5    -133596.8818756            0.484783            T

     climbing image =  5

     path length          =  7.312 bohr
     inter-image distance =  1.828 bohr

     ------------------------------ iteration  44 ------------------------------

     tcpu =  42731.6    self-consistency for image   2
     Message from routine setup:
     using ibrav=0 with symmetry is DISCOURAGED, use correct ibrav instead
     tcpu =  43199.8    self-consistency for image   3
     Message from routine setup:
     using ibrav=0 with symmetry is DISCOURAGED, use correct ibrav instead
     tcpu =  43680.7    self-consistency for image   4
     Message from routine setup:
     using ibrav=0 with symmetry is DISCOURAGED, use correct ibrav instead

     activation energy (->) =   0.557933 eV
     activation energy (<-) =   0.000000 eV

     image        energy (eV)        error (eV/A)        frozen

         1    -133597.4398090            0.233763            T
         2    -133597.2852216            0.142444            F
         3    -133597.1500661            0.355751            F
         4    -133597.4420425            0.489623            F
         5    -133596.8818756            0.483838            T

     climbing image =  5

     path length          =  7.325 bohr
     inter-image distance =  1.831 bohr

     ------------------------------ iteration  45 ------------------------------

     tcpu =  44182.8    self-consistency for image   2
     Message from routine setup:
     using ibrav=0 with symmetry is DISCOURAGED, use correct ibrav instead
     tcpu =  44724.2    self-consistency for image   3
     Message from routine setup:
     using ibrav=0 with symmetry is DISCOURAGED, use correct ibrav instead
     tcpu =  45338.6    self-consistency for image   4
     Message from routine setup:
     using ibrav=0 with symmetry is DISCOURAGED, use correct ibrav instead

     activation energy (->) =   0.557933 eV
     activation energy (<-) =   0.000000 eV

     image        energy (eV)        error (eV/A)        frozen

         1    -133597.4398090            0.233763            T
         2    -133597.2890503            0.116077            F
         3    -133597.1620820            0.361787            F
         4    -133597.4414720            0.446463            F
         5    -133596.8818756            0.484524            T

     climbing image =  5

     path length          =  7.359 bohr
     inter-image distance =  1.840 bohr

     ------------------------------ iteration  46 ------------------------------

     tcpu =  45863.2    self-consistency for image   2
     Message from routine setup:
     using ibrav=0 with symmetry is DISCOURAGED, use correct ibrav instead
     tcpu =  46387.5    self-consistency for image   3
     Message from routine setup:
     using ibrav=0 with symmetry is DISCOURAGED, use correct ibrav instead
     tcpu =  46931.5    self-consistency for image   4
     Message from routine setup:
     using ibrav=0 with symmetry is DISCOURAGED, use correct ibrav instead

     activation energy (->) =   0.557933 eV
     activation energy (<-) =   0.000000 eV

     image        energy (eV)        error (eV/A)        frozen

         1    -133597.4398090            0.233763            T
         2    -133597.2939904            0.121546            F
         3    -133597.1780557            0.373283            F
         4    -133597.4403554            0.392695            F
         5    -133596.8818756            0.485218            T

     climbing image =  5

     path length          =  7.407 bohr
     inter-image distance =  1.852 bohr

     ------------------------------ iteration  47 ------------------------------

     tcpu =  47478.4    self-consistency for image   2
     Message from routine setup:
     using ibrav=0 with symmetry is DISCOURAGED, use correct ibrav instead
     tcpu =  48073.3    self-consistency for image   3
     Message from routine setup:
     using ibrav=0 with symmetry is DISCOURAGED, use correct ibrav instead
     tcpu =  48640.1    self-consistency for image   4
     Message from routine setup:
     using ibrav=0 with symmetry is DISCOURAGED, use correct ibrav instead

     activation energy (->) =   0.557933 eV
     activation energy (<-) =   0.000000 eV

     image        energy (eV)        error (eV/A)        frozen

         1    -133597.4398090            0.233763            T
         2    -133597.3009464            0.238270            F
         3    -133597.2013302            0.456778            F
         4    -133597.4381865            0.385517            F
         5    -133596.8818756            0.491094            T

     climbing image =  5

     path length          =  7.483 bohr
     inter-image distance =  1.871 bohr

     ------------------------------ iteration  48 ------------------------------

     tcpu =  49228.1    self-consistency for image   2
     Message from routine setup:
     using ibrav=0 with symmetry is DISCOURAGED, use correct ibrav instead
     tcpu =  49714.1    self-consistency for image   3
     Message from routine setup:
     using ibrav=0 with symmetry is DISCOURAGED, use correct ibrav instead
     tcpu =  50182.4    self-consistency for image   4
     Message from routine setup:
     using ibrav=0 with symmetry is DISCOURAGED, use correct ibrav instead

     activation energy (->) =   0.557933 eV
     activation energy (<-) =   0.000000 eV

     image        energy (eV)        error (eV/A)        frozen

         1    -133597.4398090            0.233763            T
         2    -133597.3026880            0.271013            F
         3    -133597.2068913            0.474971            F
         4    -133597.4375474            0.389266            F
         5    -133596.8818756            0.493177            T

     climbing image =  5

     path length          =  7.502 bohr
     inter-image distance =  1.875 bohr

     ------------------------------ iteration  49 ------------------------------

     tcpu =  50697.0    self-consistency for image   2
     Message from routine setup:
     using ibrav=0 with symmetry is DISCOURAGED, use correct ibrav instead
     tcpu =  51042.5    self-consistency for image   3
     Message from routine setup:
     using ibrav=0 with symmetry is DISCOURAGED, use correct ibrav instead
     tcpu =  51400.7    self-consistency for image   4
     Message from routine setup:
     using ibrav=0 with symmetry is DISCOURAGED, use correct ibrav instead

     activation energy (->) =   0.557933 eV
     activation energy (<-) =   0.000000 eV

     image        energy (eV)        error (eV/A)        frozen

         1    -133597.4398090            0.233763            T
         2    -133597.3035476            0.281650            F
         3    -133597.2091419            0.480646            F
         4    -133597.4372454            0.389891            F
         5    -133596.8818756            0.493826            T

     climbing image =  5

     path length          =  7.509 bohr
     inter-image distance =  1.877 bohr

     ------------------------------ iteration  50 ------------------------------

     tcpu =  51764.9    self-consistency for image   2
     Message from routine setup:
     using ibrav=0 with symmetry is DISCOURAGED, use correct ibrav instead
     tcpu =  52047.9    self-consistency for image   3
     Message from routine setup:
     using ibrav=0 with symmetry is DISCOURAGED, use correct ibrav instead
     tcpu =  52401.2    self-consistency for image   4
     Message from routine setup:
     using ibrav=0 with symmetry is DISCOURAGED, use correct ibrav instead

     activation energy (->) =   0.557933 eV
     activation energy (<-) =   0.000000 eV

     image        energy (eV)        error (eV/A)        frozen

         1    -133597.4398090            0.233763            T
         2    -133597.3043075            0.288007            F
         3    -133597.2109098            0.483157            F
         4    -133597.4369590            0.390676            F
         5    -133596.8818756            0.494142            T

     climbing image =  5

     path length          =  7.514 bohr
     inter-image distance =  1.879 bohr

     ------------------------------ iteration  51 ------------------------------

     tcpu =  52765.8    self-consistency for image   2
     Message from routine setup:
     using ibrav=0 with symmetry is DISCOURAGED, use correct ibrav instead
     tcpu =  53039.8    self-consistency for image   3
     Message from routine setup:
     using ibrav=0 with symmetry is DISCOURAGED, use correct ibrav instead
     tcpu =  53374.5    self-consistency for image   4
     Message from routine setup:
     using ibrav=0 with symmetry is DISCOURAGED, use correct ibrav instead

     activation energy (->) =   0.557933 eV
     activation energy (<-) =   0.000000 eV

     image        energy (eV)        error (eV/A)        frozen

         1    -133597.4398090            0.233763            T
         2    -133597.3050270            0.292101            F
         3    -133597.2121232            0.484391            F
         4    -133597.4366611            0.402540            F
         5    -133596.8818756            0.494181            T

     climbing image =  5

     path length          =  7.517 bohr
     inter-image distance =  1.879 bohr

     ------------------------------ iteration  52 ------------------------------

     tcpu =  53671.5    self-consistency for image   2
     Message from routine setup:
     using ibrav=0 with symmetry is DISCOURAGED, use correct ibrav instead
     tcpu =  54106.1    self-consistency for image   3
     Message from routine setup:
     using ibrav=0 with symmetry is DISCOURAGED, use correct ibrav instead
     tcpu =  54546.1    self-consistency for image   4
     Message from routine setup:
     using ibrav=0 with symmetry is DISCOURAGED, use correct ibrav instead

     activation energy (->) =   0.557933 eV
     activation energy (<-) =   0.000000 eV

     image        energy (eV)        error (eV/A)        frozen

         1    -133597.4398090            0.233763            T
         2    -133597.3084105            0.297486            F
         3    -133597.2178816            0.486572            F
         4    -133597.4354688            0.391163            F
         5    -133596.8818756            0.494079            T

     climbing image =  5

     path length          =  7.532 bohr
     inter-image distance =  1.883 bohr

     ------------------------------ iteration  53 ------------------------------

     tcpu =  55073.3    self-consistency for image   2
     Message from routine setup:
     using ibrav=0 with symmetry is DISCOURAGED, use correct ibrav instead
     tcpu =  55608.4    self-consistency for image   3
     Message from routine setup:
     using ibrav=0 with symmetry is DISCOURAGED, use correct ibrav instead
     tcpu =  56155.4    self-consistency for image   4
     Message from routine setup:
     using ibrav=0 with symmetry is DISCOURAGED, use correct ibrav instead

     activation energy (->) =   0.557933 eV
     activation energy (<-) =   0.000000 eV

     image        energy (eV)        error (eV/A)        frozen

         1    -133597.4398090            0.233763            T
         2    -133597.3194832            0.327805            F
         3    -133597.2368494            0.495566            F
         4    -133597.4314192            0.393592            F
         5    -133596.8818756            0.493613            T

     climbing image =  5

     path length          =  7.582 bohr
     inter-image distance =  1.896 bohr

     ------------------------------ iteration  54 ------------------------------

     tcpu =  56678.0    self-consistency for image   2
     Message from routine setup:
     using ibrav=0 with symmetry is DISCOURAGED, use correct ibrav instead
     tcpu =  57228.2    self-consistency for image   3
     Message from routine setup:
     using ibrav=0 with symmetry is DISCOURAGED, use correct ibrav instead
     tcpu =  57809.8    self-consistency for image   4
     Message from routine setup:
     using ibrav=0 with symmetry is DISCOURAGED, use correct ibrav instead

     activation energy (->) =   0.557933 eV
     activation energy (<-) =   0.000000 eV

     image        energy (eV)        error (eV/A)        frozen

         1    -133597.4398090            0.233763            T
         2    -133597.3349717            0.380453            F
         3    -133597.2639162            0.515319            F
         4    -133597.4257491            0.390934            F
         5    -133596.8818756            0.492751            T

     climbing image =  5

     path length          =  7.657 bohr
     inter-image distance =  1.914 bohr

     ------------------------------ iteration  55 ------------------------------

     tcpu =  58362.4    self-consistency for image   2
     Message from routine setup:
     using ibrav=0 with symmetry is DISCOURAGED, use correct ibrav instead
     tcpu =  58983.4    self-consistency for image   3
     Message from routine setup:
     using ibrav=0 with symmetry is DISCOURAGED, use correct ibrav instead
     tcpu =  59636.5    self-consistency for image   4
     Message from routine setup:
     using ibrav=0 with symmetry is DISCOURAGED, use correct ibrav instead

     activation energy (->) =   0.557933 eV
     activation energy (<-) =   0.000000 eV

     image        energy (eV)        error (eV/A)        frozen

         1    -133597.4398090            0.233763            T
         2    -133597.3594014            0.468344            F
         3    -133597.3076218            0.563667            F
         4    -133597.4167119            0.359045            F
         5    -133596.8818756            0.491126            T

     climbing image =  5

     path length          =  7.787 bohr
     inter-image distance =  1.947 bohr

     ------------------------------ iteration  56 ------------------------------

     tcpu =  60249.9    self-consistency for image   2
     Message from routine setup:
     using ibrav=0 with symmetry is DISCOURAGED, use correct ibrav instead
     tcpu =  60711.8    self-consistency for image   3
     Message from routine setup:
     using ibrav=0 with symmetry is DISCOURAGED, use correct ibrav instead
     tcpu =  61212.4    self-consistency for image   4
     Message from routine setup:
     using ibrav=0 with symmetry is DISCOURAGED, use correct ibrav instead

     activation energy (->) =   0.557933 eV
     activation energy (<-) =   0.000000 eV

     image        energy (eV)        error (eV/A)        frozen

         1    -133597.4398090            0.233763            T
         2    -133597.3646657            0.482573            F
         3    -133597.3168663            0.575157            F
         4    -133597.4147096            0.343546            F
         5    -133596.8818756            0.490532            T

     climbing image =  5

     path length          =  7.815 bohr
     inter-image distance =  1.954 bohr

     ------------------------------ iteration  57 ------------------------------

     tcpu =  61749.9    self-consistency for image   2
     Message from routine setup:
     using ibrav=0 with symmetry is DISCOURAGED, use correct ibrav instead
     tcpu =  62117.2    self-consistency for image   3
     Message from routine setup:
     using ibrav=0 with symmetry is DISCOURAGED, use correct ibrav instead
     tcpu =  62514.2    self-consistency for image   4
     Message from routine setup:
     using ibrav=0 with symmetry is DISCOURAGED, use correct ibrav instead

     activation energy (->) =   0.557933 eV
     activation energy (<-) =   0.000000 eV

     image        energy (eV)        error (eV/A)        frozen

         1    -133597.4398090            0.233763            T
         2    -133597.3664634            0.485181            F
         3    -133597.3197745            0.577547            F
         4    -133597.4140236            0.337556            F
         5    -133596.8818756            0.490097            T

     climbing image =  5

     path length          =  7.824 bohr
     inter-image distance =  1.956 bohr

     ------------------------------ iteration  58 ------------------------------

     tcpu =  62941.9    self-consistency for image   2
     Message from routine setup:
     using ibrav=0 with symmetry is DISCOURAGED, use correct ibrav instead
     tcpu =  63275.8    self-consistency for image   3
     Message from routine setup:
     using ibrav=0 with symmetry is DISCOURAGED, use correct ibrav instead
     tcpu =  63662.4    self-consistency for image   4
     Message from routine setup:
     using ibrav=0 with symmetry is DISCOURAGED, use correct ibrav instead

     activation energy (->) =   0.557933 eV
     activation energy (<-) =   0.000000 eV

     image        energy (eV)        error (eV/A)        frozen

         1    -133597.4398090            0.233763            T
         2    -133597.3679628            0.485942            F
         3    -133597.3219620            0.579013            F
         4    -133597.4134409            0.333728            F
         5    -133596.8818756            0.489528            T

     climbing image =  5

     path length          =  7.829 bohr
     inter-image distance =  1.957 bohr

     ------------------------------ iteration  59 ------------------------------

     tcpu =  64037.5    self-consistency for image   2
     Message from routine setup:
     using ibrav=0 with symmetry is DISCOURAGED, use correct ibrav instead
     tcpu =  64309.1    self-consistency for image   3
     Message from routine setup:
     using ibrav=0 with symmetry is DISCOURAGED, use correct ibrav instead
     tcpu =  64645.9    self-consistency for image   4
     Message from routine setup:
     using ibrav=0 with symmetry is DISCOURAGED, use correct ibrav instead

     activation energy (->) =   0.557933 eV
     activation energy (<-) =   0.000000 eV

     image        energy (eV)        error (eV/A)        frozen

         1    -133597.4398090            0.233763            T
         2    -133597.3691291            0.492725            F
         3    -133597.3234678            0.579383            F
         4    -133597.4129822            0.330857            F
         5    -133596.8818756            0.488896            T

     climbing image =  5

     path length          =  7.833 bohr
     inter-image distance =  1.958 bohr

     ------------------------------ iteration  60 ------------------------------

     tcpu =  64967.6    self-consistency for image   2
     Message from routine setup:
     using ibrav=0 with symmetry is DISCOURAGED, use correct ibrav instead
     tcpu =  65469.4    self-consistency for image   3
     Message from routine setup:
     using ibrav=0 with symmetry is DISCOURAGED, use correct ibrav instead
     tcpu =  65967.0    self-consistency for image   4
     Message from routine setup:
     using ibrav=0 with symmetry is DISCOURAGED, use correct ibrav instead

     activation energy (->) =   0.557933 eV
     activation energy (<-) =   0.000000 eV

     image        energy (eV)        error (eV/A)        frozen

         1    -133597.4398090            0.233763            T
         2    -133597.3747351            0.478547            F
         3    -133597.3305755            0.579182            F
         4    -133597.4107702            0.314926            F
         5    -133596.8818756            0.485730            T

     climbing image =  5

     path length          =  7.847 bohr
     inter-image distance =  1.962 bohr

     ------------------------------ iteration  61 ------------------------------

     tcpu =  66436.2    self-consistency for image   2
     Message from routine setup:
     using ibrav=0 with symmetry is DISCOURAGED, use correct ibrav instead
     tcpu =  66990.8    self-consistency for image   3
     Message from routine setup:
     using ibrav=0 with symmetry is DISCOURAGED, use correct ibrav instead
     tcpu =  67705.5    self-consistency for image   4
     Message from routine setup:
     using ibrav=0 with symmetry is DISCOURAGED, use correct ibrav instead

     activation energy (->) =   0.557933 eV
     activation energy (<-) =   0.000000 eV

     image        energy (eV)        error (eV/A)        frozen

         1    -133597.4398090            0.233763            T
         2    -133597.3955403            0.447931            F
         3    -133597.3570526            0.599956            F
         4    -133597.4023950            0.242948            F
         5    -133596.8818756            0.473903            T

     climbing image =  5

     path length          =  7.904 bohr
     inter-image distance =  1.976 bohr

     ------------------------------ iteration  62 ------------------------------

     tcpu =  68270.0    self-consistency for image   2
     Message from routine setup:
     using ibrav=0 with symmetry is DISCOURAGED, use correct ibrav instead
     tcpu =  68881.7    self-consistency for image   3
     Message from routine setup:
     using ibrav=0 with symmetry is DISCOURAGED, use correct ibrav instead
     tcpu =  69609.1    self-consistency for image   4
     Message from routine setup:
     using ibrav=0 with symmetry is DISCOURAGED, use correct ibrav instead

     activation energy (->) =   0.557933 eV
     activation energy (<-) =   0.000000 eV

     image        energy (eV)        error (eV/A)        frozen

         1    -133597.4398090            0.233763            T
         2    -133597.4231486            0.375828            F
         3    -133597.3925677            0.741163            F
         4    -133597.3910390            0.209450            F
         5    -133596.8818756            0.458309            T

     climbing image =  5

     path length          =  7.985 bohr
     inter-image distance =  1.996 bohr

     ------------------------------ iteration  63 ------------------------------

     tcpu =  70180.9    self-consistency for image   2
     Message from routine setup:
     using ibrav=0 with symmetry is DISCOURAGED, use correct ibrav instead
     tcpu =  70831.9    self-consistency for image   3
     Message from routine setup:
     using ibrav=0 with symmetry is DISCOURAGED, use correct ibrav instead
     tcpu =  71550.7    self-consistency for image   4
     Message from routine setup:
     using ibrav=0 with symmetry is DISCOURAGED, use correct ibrav instead

     activation energy (->) =   0.557933 eV
     activation energy (<-) =   0.000000 eV

     image        energy (eV)        error (eV/A)        frozen

         1    -133597.4398090            0.233763            T
         2    -133597.4560600            0.352002            F
         3    -133597.4348858            0.744012            F
         4    -133597.3773631            0.118116            F
         5    -133596.8818756            0.440013            T

     climbing image =  5

     path length          =  8.089 bohr
     inter-image distance =  2.022 bohr

     ------------------------------ iteration  64 ------------------------------

     tcpu =  72105.2    self-consistency for image   2
     Message from routine setup:
     using ibrav=0 with symmetry is DISCOURAGED, use correct ibrav instead
     tcpu =  72596.9    self-consistency for image   3
     Message from routine setup:
     using ibrav=0 with symmetry is DISCOURAGED, use correct ibrav instead
     tcpu =  73087.6    self-consistency for image   4
     Message from routine setup:
     using ibrav=0 with symmetry is DISCOURAGED, use correct ibrav instead

     activation energy (->) =   0.557933 eV
     activation energy (<-) =   0.000000 eV

     image        energy (eV)        error (eV/A)        frozen

         1    -133597.4398090            0.233763            T
         2    -133597.4623355            0.380163            F
         3    -133597.4428475            0.752183            F
         4    -133597.3748893            0.100496            F
         5    -133596.8818756            0.436688            T

     climbing image =  5

     path length          =  8.109 bohr
     inter-image distance =  2.027 bohr

     ------------------------------ iteration  65 ------------------------------

     tcpu =  73575.0    self-consistency for image   2
     Message from routine setup:
     using ibrav=0 with symmetry is DISCOURAGED, use correct ibrav instead
     tcpu =  73897.4    self-consistency for image   3
     Message from routine setup:
     using ibrav=0 with symmetry is DISCOURAGED, use correct ibrav instead
     tcpu =  74236.0    self-consistency for image   4
     Message from routine setup:
     using ibrav=0 with symmetry is DISCOURAGED, use correct ibrav instead

     activation energy (->) =   0.557933 eV
     activation energy (<-) =   0.000000 eV

     image        energy (eV)        error (eV/A)        frozen

         1    -133597.4398090            0.233763            T
         2    -133597.4641267            0.386907            F
         3    -133597.4451052            0.753794            F
         4    -133597.3743435            0.096977            F
         5    -133596.8818756            0.435898            T

     climbing image =  5

     path length          =  8.115 bohr
     inter-image distance =  2.029 bohr

     ------------------------------ iteration  66 ------------------------------

     tcpu =  74585.5    self-consistency for image   2
     Message from routine setup:
     using ibrav=0 with symmetry is DISCOURAGED, use correct ibrav instead
     tcpu =  74913.9    self-consistency for image   3
     Message from routine setup:
     using ibrav=0 with symmetry is DISCOURAGED, use correct ibrav instead
     tcpu =  75260.7    self-consistency for image   4
     Message from routine setup:
     using ibrav=0 with symmetry is DISCOURAGED, use correct ibrav instead

     activation energy (->) =   0.557933 eV
     activation energy (<-) =   0.000000 eV

     image        energy (eV)        error (eV/A)        frozen

         1    -133597.4398090            0.233763            T
         2    -133597.4656514            0.393180            F
         3    -133597.4470082            0.754045            F
         4    -133597.3739984            0.094016            F
         5    -133596.8818756            0.435389            T

     climbing image =  5

     path length          =  8.119 bohr
     inter-image distance =  2.030 bohr

     ------------------------------ iteration  67 ------------------------------

     tcpu =  75545.4    self-consistency for image   2
     Message from routine setup:
     using ibrav=0 with symmetry is DISCOURAGED, use correct ibrav instead
     tcpu =  75821.5    self-consistency for image   3
     Message from routine setup:
     using ibrav=0 with symmetry is DISCOURAGED, use correct ibrav instead
     tcpu =  76161.0    self-consistency for image   4
     Message from routine setup:
     using ibrav=0 with symmetry is DISCOURAGED, use correct ibrav instead

     activation energy (->) =   0.557933 eV
     activation energy (<-) =   0.000000 eV

     image        energy (eV)        error (eV/A)        frozen

         1    -133597.4398090            0.233763            T
         2    -133597.4671588            0.391545            F
         3    -133597.4488808            0.751614            F
         4    -133597.3738618            0.091776            F
         5    -133596.8818756            0.435038            T

     climbing image =  5

     path length          =  8.122 bohr
     inter-image distance =  2.031 bohr

     ------------------------------ iteration  68 ------------------------------

     tcpu =  76435.5    self-consistency for image   2
     Message from routine setup:
     using ibrav=0 with symmetry is DISCOURAGED, use correct ibrav instead
     tcpu =  76898.4    self-consistency for image   3
     Message from routine setup:
     using ibrav=0 with symmetry is DISCOURAGED, use correct ibrav instead
     tcpu =  77454.3    self-consistency for image   4
     Message from routine setup:
     using ibrav=0 with symmetry is DISCOURAGED, use correct ibrav instead

     activation energy (->) =   0.557933 eV
     activation energy (<-) =   0.000000 eV

     image        energy (eV)        error (eV/A)        frozen

         1    -133597.4398090            0.233763            T
         2    -133597.4751811            0.423619            F
         3    -133597.4588217            0.739348            F
         4    -133597.3731618            0.093467            F
         5    -133596.8818756            0.433313            T

     climbing image =  5

     path length          =  8.140 bohr
     inter-image distance =  2.035 bohr

     ------------------------------ iteration  69 ------------------------------

     tcpu =  77838.2    self-consistency for image   2
     Message from routine setup:
     using ibrav=0 with symmetry is DISCOURAGED, use correct ibrav instead
     tcpu =  78510.9    self-consistency for image   3
     Message from routine setup:
     using ibrav=0 with symmetry is DISCOURAGED, use correct ibrav instead
     tcpu =  79480.3    self-consistency for image   4
     Message from routine setup:
     using ibrav=0 with symmetry is DISCOURAGED, use correct ibrav instead

     activation energy (->) =   0.557933 eV
     activation energy (<-) =   0.000000 eV

     image        energy (eV)        error (eV/A)        frozen

         1    -133597.4398090            0.233763            T
         2    -133597.5211348            0.463171            F
         3    -133597.5121057            0.659161            F
         4    -133597.3694348            0.140238            F
         5    -133596.8818756            0.423831            T

     climbing image =  5

     path length          =  8.252 bohr
     inter-image distance =  2.063 bohr

     ------------------------------ iteration  70 ------------------------------

     tcpu =  80092.3    self-consistency for image   2
     Message from routine setup:
     using ibrav=0 with symmetry is DISCOURAGED, use correct ibrav instead
     tcpu =  80808.6    self-consistency for image   3
     Message from routine setup:
     using ibrav=0 with symmetry is DISCOURAGED, use correct ibrav instead
     tcpu =  81744.2    self-consistency for image   4
     Message from routine setup:
     using ibrav=0 with symmetry is DISCOURAGED, use correct ibrav instead

     activation energy (->) =   0.557933 eV
     activation energy (<-) =   0.000000 eV

     image        energy (eV)        error (eV/A)        frozen

         1    -133597.4398090            0.233763            T
         2    -133597.5776170            0.393879            F
         3    -133597.5640730            0.479022            F
         4    -133597.3652923            0.213305            F
         5    -133596.8818756            0.412710            T

     climbing image =  5

     path length          =  8.404 bohr
     inter-image distance =  2.101 bohr

     ------------------------------ iteration  71 ------------------------------

     tcpu =  82364.2    self-consistency for image   2
     Message from routine setup:
     using ibrav=0 with symmetry is DISCOURAGED, use correct ibrav instead
     tcpu =  82964.9    self-consistency for image   3
     Message from routine setup:
     using ibrav=0 with symmetry is DISCOURAGED, use correct ibrav instead
     tcpu =  83821.4    self-consistency for image   4
     Message from routine setup:
     using ibrav=0 with symmetry is DISCOURAGED, use correct ibrav instead

     activation energy (->) =   0.557933 eV
     activation energy (<-) =   0.000000 eV

     image        energy (eV)        error (eV/A)        frozen

         1    -133597.4398090            0.233763            T
         2    -133597.6208370            0.436896            F
         3    -133597.5864378            0.237050            F
         4    -133597.3625947            0.281774            F
         5    -133596.8818756            0.404717            T

     climbing image =  5

     path length          =  8.534 bohr
     inter-image distance =  2.133 bohr

     ------------------------------ iteration  72 ------------------------------

     tcpu =  84436.6    self-consistency for image   2
     Message from routine setup:
     using ibrav=0 with symmetry is DISCOURAGED, use correct ibrav instead

     WARNING :  scf convergence NOT achieved on image   2

     cleaning-up extrapolation files

 
     NEB          :     23h15m CPU     23h30m WALL

 
   This run was terminated on:   8:47: 1  12Sep2026            

=------------------------------------------------------------------------------=
   JOB DONE.
=------------------------------------------------------------------------------=
