
     Program NEB v.7.3.1 starts on 16Sep2026 at 10:44:52 

     This program is part of the open-source Quantum ESPRESSO suite
     for quantum simulation of materials; please cite
         "P. Giannozzi et al., J. Phys.:Condens. Matter 21 395502 (2009);
         "P. Giannozzi et al., J. Phys.:Condens. Matter 29 465901 (2017);
         "P. Giannozzi et al., J. Chem. Phys. 152 154105 (2020);
          URL http://www.quantum-espresso.org", 
     in publications or presentations arising from this work. More details at
     http://www.quantum-espresso.org/quote

     Parallel version (MPI), running on     8 processors

     MPI processes distributed on     1 nodes
     168021 MiB available memory on the printing compute node when the environment starts
 

     Parsing file: neb.in
     Reading input from pw_1.in
     Reading input from pw_2.in
     Reading input from pw_3.in
     Reading input from pw_4.in
     Reading input from pw_5.in

     restart file 'mt486c150c.path' not found: 
     starting from scratch

     initial path length           =  9.1974 bohr
     initial inter-image distance  =  2.2993 bohr
 
     string_method                 =    neb
     restart_mode                  =    from_scratch
     opt_scheme                    =    broyden
     num_of_images                 =    5
     nstep_path                    =    200
     CI_scheme                     =    auto
     first_last_opt                =    F
     use_freezing                  =    F
     ds                            =    0.2000 a.u.
     k_max                         =    0.3000 a.u.
     k_min                         =    0.1000 a.u.
     suggested k_max               =   15.4213 a.u.
     suggested k_min               =    5.1404 a.u.
     path_thr                      =    0.0300 eV / A

     ------------------------------ iteration   1 ------------------------------

     tcpu =      0.9    self-consistency for image   1
     Message from routine setup:
     using ibrav=0 with symmetry is DISCOURAGED, use correct ibrav instead
     tcpu =   2137.8    self-consistency for image   2
     Message from routine setup:
     using ibrav=0 with symmetry is DISCOURAGED, use correct ibrav instead
     tcpu =   9801.8    self-consistency for image   3
     Message from routine setup:
     using ibrav=0 with symmetry is DISCOURAGED, use correct ibrav instead
     tcpu =  15555.0    self-consistency for image   4
     Message from routine setup:
     using ibrav=0 with symmetry is DISCOURAGED, use correct ibrav instead
     tcpu =  21362.7    self-consistency for image   5
     Message from routine setup:
     using ibrav=0 with symmetry is DISCOURAGED, use correct ibrav instead

     activation energy (->) =   0.000000 eV
     activation energy (<-) =   0.112453 eV

     image        energy (eV)        error (eV/A)        frozen

         1     -75890.4405396           15.666414            T
         2     -75893.5782012            3.187141            F
         3     -75893.6141294            0.726958            F
         4     -75893.9207132            1.884370            F
         5     -75890.5529926            1.261899            T

     climbing image =  1

     path length          =  9.197 bohr
     inter-image distance =  2.299 bohr

     ------------------------------ iteration   2 ------------------------------

     tcpu =  24462.7    self-consistency for image   2
     Message from routine setup:
     using ibrav=0 with symmetry is DISCOURAGED, use correct ibrav instead
     tcpu =  27792.5    self-consistency for image   3
     Message from routine setup:
     using ibrav=0 with symmetry is DISCOURAGED, use correct ibrav instead
     tcpu =  30884.6    self-consistency for image   4
     Message from routine setup:
     using ibrav=0 with symmetry is DISCOURAGED, use correct ibrav instead

     activation energy (->) =   0.000000 eV
     activation energy (<-) =   0.112453 eV

     image        energy (eV)        error (eV/A)        frozen

         1     -75890.4405396           15.813821            T
         2     -75893.6192552            3.178031            F
         3     -75893.6223135            0.735598            F
         4     -75893.9175610            1.849974            F
         5     -75890.5529926            1.261899            T

     climbing image =  1

     path length          =  9.208 bohr
     inter-image distance =  2.302 bohr

     ------------------------------ iteration   3 ------------------------------

     tcpu =  34535.4    self-consistency for image   2
     Message from routine setup:
     using ibrav=0 with symmetry is DISCOURAGED, use correct ibrav instead
     tcpu =  37096.5    self-consistency for image   3
     Message from routine setup:
     using ibrav=0 with symmetry is DISCOURAGED, use correct ibrav instead
     tcpu =  39208.6    self-consistency for image   4
     Message from routine setup:
     using ibrav=0 with symmetry is DISCOURAGED, use correct ibrav instead

     activation energy (->) =   0.000000 eV
     activation energy (<-) =   0.112453 eV

     image        energy (eV)        error (eV/A)        frozen

         1     -75890.4405396           15.733707            T
         2     -75893.6174163            3.161200            F
         3     -75893.6235838            0.726868            F
         4     -75893.9169204            1.844695            F
         5     -75890.5529926            1.261899            T

     climbing image =  1

     path length          =  9.203 bohr
     inter-image distance =  2.301 bohr

     ------------------------------ iteration   4 ------------------------------

     tcpu =  41467.1    self-consistency for image   2
     Message from routine setup:
     using ibrav=0 with symmetry is DISCOURAGED, use correct ibrav instead
     tcpu =  43864.7    self-consistency for image   3
     Message from routine setup:
     using ibrav=0 with symmetry is DISCOURAGED, use correct ibrav instead
     tcpu =  46005.6    self-consistency for image   4
     Message from routine setup:
     using ibrav=0 with symmetry is DISCOURAGED, use correct ibrav instead

     activation energy (->) =   0.000000 eV
     activation energy (<-) =   0.112453 eV

     image        energy (eV)        error (eV/A)        frozen

         1     -75890.4405396           15.654914            T
         2     -75893.6159418            3.145583            F
         3     -75893.6249370            0.722290            F
         4     -75893.9162265            1.835873            F
         5     -75890.5529926            1.261899            T

     climbing image =  1

     path length          =  9.199 bohr
     inter-image distance =  2.300 bohr

     ------------------------------ iteration   5 ------------------------------

     tcpu =  48247.8    self-consistency for image   2
     Message from routine setup:
     using ibrav=0 with symmetry is DISCOURAGED, use correct ibrav instead
     tcpu =  51116.0    self-consistency for image   3
     Message from routine setup:
     using ibrav=0 with symmetry is DISCOURAGED, use correct ibrav instead
     tcpu =  53255.5    self-consistency for image   4
     Message from routine setup:
     using ibrav=0 with symmetry is DISCOURAGED, use correct ibrav instead

     activation energy (->) =   0.000000 eV
     activation energy (<-) =   0.112453 eV

     image        energy (eV)        error (eV/A)        frozen

         1     -75890.4405396           15.498050            T
         2     -75893.6130330            3.113486            F
         3     -75893.6276269            0.712068            F
         4     -75893.9147647            1.820219            F
         5     -75890.5529926            1.261899            T

     climbing image =  1

     path length          =  9.189 bohr
     inter-image distance =  2.297 bohr

     ------------------------------ iteration   6 ------------------------------

     tcpu =  56091.5    self-consistency for image   2
     Message from routine setup:
     using ibrav=0 with symmetry is DISCOURAGED, use correct ibrav instead
     tcpu =  59647.6    self-consistency for image   3
     Message from routine setup:
     using ibrav=0 with symmetry is DISCOURAGED, use correct ibrav instead
     tcpu =  62252.8    self-consistency for image   4
     Message from routine setup:
     using ibrav=0 with symmetry is DISCOURAGED, use correct ibrav instead

     activation energy (->) =   0.000000 eV
     activation energy (<-) =   0.112453 eV

     image        energy (eV)        error (eV/A)        frozen

         1     -75890.4405396           15.038349            T
         2     -75893.6039447            3.019130            F
         3     -75893.6354254            0.688245            F
         4     -75893.9098233            1.760527            F
         5     -75890.5529926            1.261899            T

     climbing image =  1

     path length          =  9.163 bohr
     inter-image distance =  2.291 bohr

     ------------------------------ iteration   7 ------------------------------

     tcpu =  65369.6    self-consistency for image   2
     Message from routine setup:
     using ibrav=0 with symmetry is DISCOURAGED, use correct ibrav instead
     tcpu =  69915.9    self-consistency for image   3
     Message from routine setup:
     using ibrav=0 with symmetry is DISCOURAGED, use correct ibrav instead
     tcpu =  73564.2    self-consistency for image   4
     Message from routine setup:
     using ibrav=0 with symmetry is DISCOURAGED, use correct ibrav instead

     activation energy (->) =   0.000000 eV
     activation energy (<-) =   0.112453 eV

     image        energy (eV)        error (eV/A)        frozen

         1     -75890.4405396           13.357791            T
         2     -75893.5648296            2.672813            F
         3     -75893.6630945            0.585185            F
         4     -75893.8828140            1.581289            F
         5     -75890.5529926            1.261899            T

     climbing image =  1

     path length          =  9.071 bohr
     inter-image distance =  2.268 bohr

     ------------------------------ iteration   8 ------------------------------

     tcpu =  78037.7    self-consistency for image   2
     Message from routine setup:
     using ibrav=0 with symmetry is DISCOURAGED, use correct ibrav instead
     tcpu =  83189.7    self-consistency for image   3
     Message from routine setup:
     using ibrav=0 with symmetry is DISCOURAGED, use correct ibrav instead
     tcpu =  86927.5    self-consistency for image   4
     Message from routine setup:
     using ibrav=0 with symmetry is DISCOURAGED, use correct ibrav instead

     activation energy (->) =   0.000000 eV
     activation energy (<-) =   0.112453 eV

     image        energy (eV)        error (eV/A)        frozen

         1     -75890.4405396           10.119480            T
         2     -75893.4569129            1.955196            F
         3     -75893.7120490            0.450477            F
         4     -75893.7828203            1.171112            F
         5     -75890.5529926            1.261899            T

     climbing image =  1

     path length          =  8.913 bohr
     inter-image distance =  2.228 bohr

     ------------------------------ iteration   9 ------------------------------

     tcpu =  92541.6    self-consistency for image   2
     Message from routine setup:
     using ibrav=0 with symmetry is DISCOURAGED, use correct ibrav instead
     tcpu =  99058.1    self-consistency for image   3
     Message from routine setup:
     using ibrav=0 with symmetry is DISCOURAGED, use correct ibrav instead
     tcpu = 103111.6    self-consistency for image   4
     Message from routine setup:
     using ibrav=0 with symmetry is DISCOURAGED, use correct ibrav instead

     activation energy (->) =   0.000000 eV
     activation energy (<-) =   0.112453 eV

     image        energy (eV)        error (eV/A)        frozen

         1     -75890.4405396            5.851577            T
         2     -75893.2135892            0.873417            F
         3     -75893.7641618            0.832480            F
         4     -75893.5066564            0.642801            F
         5     -75890.5529926            1.261899            T

     climbing image =  1

     path length          =  8.751 bohr
     inter-image distance =  2.188 bohr

     ------------------------------ iteration  10 ------------------------------

     tcpu = 108142.8    self-consistency for image   2
     Message from routine setup:
     using ibrav=0 with symmetry is DISCOURAGED, use correct ibrav instead
     tcpu = 111840.4    self-consistency for image   3
     Message from routine setup:
     using ibrav=0 with symmetry is DISCOURAGED, use correct ibrav instead
     tcpu = 114450.8    self-consistency for image   4
     Message from routine setup:
     using ibrav=0 with symmetry is DISCOURAGED, use correct ibrav instead

     activation energy (->) =   0.000000 eV
     activation energy (<-) =   0.112453 eV

     image        energy (eV)        error (eV/A)        frozen

         1     -75890.4405396            5.423795            T
         2     -75893.1809733            0.762484            F
         3     -75893.7683943            0.873289            F
         4     -75893.4653726            0.585113            F
         5     -75890.5529926            1.261899            T

     climbing image =  1

     path length          =  8.739 bohr
     inter-image distance =  2.185 bohr

     ------------------------------ iteration  11 ------------------------------

     tcpu = 118133.8    self-consistency for image   2
     Message from routine setup:
     using ibrav=0 with symmetry is DISCOURAGED, use correct ibrav instead
     tcpu = 120807.6    self-consistency for image   3
     Message from routine setup:
     using ibrav=0 with symmetry is DISCOURAGED, use correct ibrav instead
     tcpu = 123005.5    self-consistency for image   4
     Message from routine setup:
     using ibrav=0 with symmetry is DISCOURAGED, use correct ibrav instead

     activation energy (->) =   0.000000 eV
     activation energy (<-) =   0.112453 eV

     image        energy (eV)        error (eV/A)        frozen

         1     -75890.4405396            5.345962            T
         2     -75893.1763468            0.742995            F
         3     -75893.7692705            0.878497            F
         4     -75893.4574448            0.572979            F
         5     -75890.5529926            1.261899            T

     climbing image =  1

     path length          =  8.738 bohr
     inter-image distance =  2.184 bohr

     ------------------------------ iteration  12 ------------------------------

     tcpu = 125830.4    self-consistency for image   2
     Message from routine setup:
     using ibrav=0 with symmetry is DISCOURAGED, use correct ibrav instead
     tcpu = 128335.4    self-consistency for image   3
     Message from routine setup:
     using ibrav=0 with symmetry is DISCOURAGED, use correct ibrav instead
