
     Program NEB v.7.3.1 starts on 16Sep2026 at 10:51:23 

     This program is part of the open-source Quantum ESPRESSO suite
     for quantum simulation of materials; please cite
         "P. Giannozzi et al., J. Phys.:Condens. Matter 21 395502 (2009);
         "P. Giannozzi et al., J. Phys.:Condens. Matter 29 465901 (2017);
         "P. Giannozzi et al., J. Chem. Phys. 152 154105 (2020);
          URL http://www.quantum-espresso.org", 
     in publications or presentations arising from this work. More details at
     http://www.quantum-espresso.org/quote

     Parallel version (MPI), running on     8 processors

     MPI processes distributed on     1 nodes
     168352 MiB available memory on the printing compute node when the environment starts
 

     Parsing file: neb.in
     Reading input from pw_1.in
     Reading input from pw_2.in
     Reading input from pw_3.in
     Reading input from pw_4.in
     Reading input from pw_5.in

     restart file 'mtba7ef075.path' not found: 
     starting from scratch

     initial path length           =  8.5641 bohr
     initial inter-image distance  =  2.1410 bohr
 
     string_method                 =    neb
     restart_mode                  =    from_scratch
     opt_scheme                    =    broyden
     num_of_images                 =    5
     nstep_path                    =    200
     CI_scheme                     =    auto
     first_last_opt                =    F
     use_freezing                  =    F
     ds                            =    0.2000 a.u.
     k_max                         =    0.3000 a.u.
     k_min                         =    0.1000 a.u.
     suggested k_max               =   15.4213 a.u.
     suggested k_min               =    5.1404 a.u.
     path_thr                      =    0.0300 eV / A

     ------------------------------ iteration   1 ------------------------------

     tcpu =      0.8    self-consistency for image   1
     Message from routine setup:
     using ibrav=0 with symmetry is DISCOURAGED, use correct ibrav instead
     tcpu =   2088.3    self-consistency for image   2
     Message from routine setup:
     using ibrav=0 with symmetry is DISCOURAGED, use correct ibrav instead
     tcpu =   8174.0    self-consistency for image   3
     Message from routine setup:
     using ibrav=0 with symmetry is DISCOURAGED, use correct ibrav instead
     tcpu =  13265.5    self-consistency for image   4
     Message from routine setup:
     using ibrav=0 with symmetry is DISCOURAGED, use correct ibrav instead
     tcpu =  18784.6    self-consistency for image   5
     Message from routine setup:
     using ibrav=0 with symmetry is DISCOURAGED, use correct ibrav instead

     activation energy (->) =   0.000000 eV
     activation energy (<-) =   0.113297 eV

     image        energy (eV)        error (eV/A)        frozen

         1     -75778.5069607           12.064613            T
         2     -75780.8231117            3.227009            F
         3     -75780.7831132            0.781677            F
         4     -75781.0965880            1.805695            F
         5     -75778.6202573            1.225982            T

     climbing image =  1

     path length          =  8.564 bohr
     inter-image distance =  2.141 bohr

     ------------------------------ iteration   2 ------------------------------

     tcpu =  21874.2    self-consistency for image   2
     Message from routine setup:
     using ibrav=0 with symmetry is DISCOURAGED, use correct ibrav instead
     tcpu =  25459.3    self-consistency for image   3
     Message from routine setup:
     using ibrav=0 with symmetry is DISCOURAGED, use correct ibrav instead
     tcpu =  28619.4    self-consistency for image   4
     Message from routine setup:
     using ibrav=0 with symmetry is DISCOURAGED, use correct ibrav instead

     activation energy (->) =   0.000000 eV
     activation energy (<-) =   0.113297 eV

     image        energy (eV)        error (eV/A)        frozen

         1     -75778.5069607           11.688984            T
         2     -75780.8107126            3.133136            F
         3     -75780.7908361            0.765748            F
         4     -75781.1028551            1.792960            F
         5     -75778.6202573            1.225982            T

     climbing image =  1

     path length          =  8.575 bohr
     inter-image distance =  2.144 bohr

     ------------------------------ iteration   3 ------------------------------

     tcpu =  31610.7    self-consistency for image   2
     Message from routine setup:
     using ibrav=0 with symmetry is DISCOURAGED, use correct ibrav instead
     tcpu =  35137.3    self-consistency for image   3
     Message from routine setup:
     using ibrav=0 with symmetry is DISCOURAGED, use correct ibrav instead
     tcpu =  37990.1    self-consistency for image   4
     Message from routine setup:
     using ibrav=0 with symmetry is DISCOURAGED, use correct ibrav instead

     activation energy (->) =   0.000000 eV
     activation energy (<-) =   0.113297 eV

     image        energy (eV)        error (eV/A)        frozen

         1     -75778.5069607           11.306362            T
         2     -75780.7995206            3.023970            F
         3     -75780.7993113            0.739788            F
         4     -75781.1078815            1.771900            F
         5     -75778.6202573            1.225982            T

     climbing image =  1

     path length          =  8.579 bohr
     inter-image distance =  2.145 bohr

     ------------------------------ iteration   4 ------------------------------

     tcpu =  41110.6    self-consistency for image   2
     Message from routine setup:
     using ibrav=0 with symmetry is DISCOURAGED, use correct ibrav instead
     tcpu =  43846.2    self-consistency for image   3
     Message from routine setup:
     using ibrav=0 with symmetry is DISCOURAGED, use correct ibrav instead
     tcpu =  46004.8    self-consistency for image   4
     Message from routine setup:
     using ibrav=0 with symmetry is DISCOURAGED, use correct ibrav instead

     activation energy (->) =   0.000000 eV
     activation energy (<-) =   0.113297 eV

     image        energy (eV)        error (eV/A)        frozen

         1     -75778.5069607           11.111197            T
         2     -75780.7955866            2.974535            F
         3     -75780.8040711            0.725443            F
         4     -75781.1097198            1.755631            F
         5     -75778.6202573            1.225982            T

     climbing image =  1

     path length          =  8.576 bohr
     inter-image distance =  2.144 bohr

     ------------------------------ iteration   5 ------------------------------

     tcpu =  48736.4    self-consistency for image   2
     Message from routine setup:
     using ibrav=0 with symmetry is DISCOURAGED, use correct ibrav instead
     tcpu =  51692.4    self-consistency for image   3
     Message from routine setup:
     using ibrav=0 with symmetry is DISCOURAGED, use correct ibrav instead
     tcpu =  54022.9    self-consistency for image   4
     Message from routine setup:
     using ibrav=0 with symmetry is DISCOURAGED, use correct ibrav instead

     activation energy (->) =   0.000000 eV
     activation energy (<-) =   0.113297 eV

     image        energy (eV)        error (eV/A)        frozen

         1     -75778.5069607           10.819412            T
         2     -75780.7918704            2.893312            F
         3     -75780.8116346            0.702461            F
         4     -75781.1116607            1.726619            F
         5     -75778.6202573            1.225982            T

     climbing image =  1

     path length          =  8.566 bohr
     inter-image distance =  2.142 bohr

     ------------------------------ iteration   6 ------------------------------

     tcpu =  56944.7    self-consistency for image   2
     Message from routine setup:
     using ibrav=0 with symmetry is DISCOURAGED, use correct ibrav instead
     tcpu =  60655.4    self-consistency for image   3
     Message from routine setup:
     using ibrav=0 with symmetry is DISCOURAGED, use correct ibrav instead
     tcpu =  63577.6    self-consistency for image   4
     Message from routine setup:
     using ibrav=0 with symmetry is DISCOURAGED, use correct ibrav instead

     activation energy (->) =   0.000000 eV
     activation energy (<-) =   0.113297 eV

     image        energy (eV)        error (eV/A)        frozen

         1     -75778.5069607            9.817355            T
         2     -75780.7796890            2.599014            F
         3     -75780.8377130            0.614959            F
         4     -75781.1155626            1.623859            F
         5     -75778.6202573            1.225982            T

     climbing image =  1

     path length          =  8.530 bohr
     inter-image distance =  2.133 bohr

     ------------------------------ iteration   7 ------------------------------

     tcpu =  67486.8    self-consistency for image   2
     Message from routine setup:
     using ibrav=0 with symmetry is DISCOURAGED, use correct ibrav instead
     tcpu =  72958.6    self-consistency for image   3
     Message from routine setup:
     using ibrav=0 with symmetry is DISCOURAGED, use correct ibrav instead
     tcpu =  76337.0    self-consistency for image   4
     Message from routine setup:
     using ibrav=0 with symmetry is DISCOURAGED, use correct ibrav instead

     activation energy (->) =   0.000000 eV
     activation energy (<-) =   0.113297 eV

     image        energy (eV)        error (eV/A)        frozen

         1     -75778.5069607            8.005073            T
         2     -75780.7510238            2.041283            F
         3     -75780.8834892            0.634029            F
         4     -75781.1121384            1.417113            F
         5     -75778.6202573            1.225982            T

     climbing image =  1

     path length          =  8.475 bohr
     inter-image distance =  2.119 bohr

     ------------------------------ iteration   8 ------------------------------

     tcpu =  80636.6    self-consistency for image   2
     Message from routine setup:
     using ibrav=0 with symmetry is DISCOURAGED, use correct ibrav instead
     tcpu = 101061.1    self-consistency for image   3
     Message from routine setup:
     using ibrav=0 with symmetry is DISCOURAGED, use correct ibrav instead
     tcpu = 104593.2    self-consistency for image   4
     Message from routine setup:
     using ibrav=0 with symmetry is DISCOURAGED, use correct ibrav instead

     activation energy (->) =   0.000000 eV
     activation energy (<-) =   0.113297 eV

     image        energy (eV)        error (eV/A)        frozen

         1     -75778.5069607            5.629231            T
         2     -75779.4200892            0.987192            F
         3     -75780.9390893            3.707718            F
         4     -75781.0817853            1.115564            F
         5     -75778.6202573            1.225982            T

     climbing image =  1

     path length          =  8.437 bohr
     inter-image distance =  2.109 bohr

     ------------------------------ iteration   9 ------------------------------

     tcpu = 109160.6    self-consistency for image   2
     Message from routine setup:
     using ibrav=0 with symmetry is DISCOURAGED, use correct ibrav instead
     tcpu = 114472.0    self-consistency for image   3
     Message from routine setup:
     using ibrav=0 with symmetry is DISCOURAGED, use correct ibrav instead
     tcpu = 117317.7    self-consistency for image   4
     Message from routine setup:
     using ibrav=0 with symmetry is DISCOURAGED, use correct ibrav instead

     activation energy (->) =   0.000000 eV
     activation energy (<-) =   0.113297 eV

     image        energy (eV)        error (eV/A)        frozen

         1     -75778.5069607            5.233305            T
         2     -75779.4021337            0.815969            F
         3     -75780.9474387            3.806419            F
         4     -75781.0724276            1.055868            F
         5     -75778.6202573            1.225982            T

     climbing image =  1

     path length          =  8.433 bohr
     inter-image distance =  2.108 bohr

     ------------------------------ iteration  10 ------------------------------

     tcpu = 120922.5    self-consistency for image   2
     Message from routine setup:
     using ibrav=0 with symmetry is DISCOURAGED, use correct ibrav instead
     tcpu = 123966.6    self-consistency for image   3
     Message from routine setup:
     using ibrav=0 with symmetry is DISCOURAGED, use correct ibrav instead
     tcpu = 126262.6    self-consistency for image   4
     Message from routine setup:
     using ibrav=0 with symmetry is DISCOURAGED, use correct ibrav instead
