
Lmod is automatically replacing "gcc/9.3.0" with "intel/2020.1".


Lmod is automatically replacing "openmpi/3.1.6" with "intel-mpi/2019.8.254".


The following have been reloaded with a version change:
  1) git/2.28.0 => git/2.40.0

srun: Job step aborted: Waiting up to 32 seconds for job step to finish.
slurmstepd: error: *** JOB 30879766 ON c170 CANCELLED AT 2026-09-14T22:46:55 ***
slurmstepd: error: *** STEP 30879766.0 ON c170 CANCELLED AT 2026-09-14T22:46:55 ***
forrtl: error (78): process killed (SIGTERM)
Image              PC                Routine            Line        Source             
libpthread-2.28.s  00001555549ECCF0  Unknown               Unknown  Unknown
pw.x               0000000004593847  Unknown               Unknown  Unknown
forrtl: error (78): process killed (SIGTERM)
Image              PC                Routine            Line        Source             
libpthread-2.28.s  00001555549ECCF0  Unknown               Unknown  Unknown
pw.x               0000000004592F7A  Unknown               Unknown  Unknown
forrtl: error (78): process killed (SIGTERM)
Image              PC                Routine            Line        Source             
libpthread-2.28.s  00001555549ECCF0  Unknown               Unknown  Unknown
pw.x               0000000004592E8A  Unknown               Unknown  Unknown
forrtl: error (78): process killed (SIGTERM)
Image              PC                Routine            Line        Source             
libpthread-2.28.s  00001555549ECCF0  Unknown               Unknown  Unknown
pw.x               0000000004593685  Unknown               Unknown  Unknown
