
Lmod is automatically replacing "gcc/9.3.0" with "intel/2020.1".


Lmod is automatically replacing "openmpi/3.1.6" with "intel-mpi/2019.8.254".


The following have been reloaded with a version change:
  1) git/2.28.0 => git/2.40.0

srun: Job step aborted: Waiting up to 32 seconds for job step to finish.
slurmstepd: error: *** JOB 30879768 ON c186 CANCELLED AT 2026-09-14T22:46:55 ***
slurmstepd: error: *** STEP 30879768.0 ON c186 CANCELLED AT 2026-09-14T22:46:55 ***
forrtl: error (78): process killed (SIGTERM)
Image              PC                Routine            Line        Source             
libpthread-2.28.s  00001555549ECCF0  Unknown               Unknown  Unknown
pw.x               000000000107CEFA  Unknown               Unknown  Unknown
pw.x               0000000000B8CAB0  Unknown               Unknown  Unknown
pw.x               0000000000940623  Unknown               Unknown  Unknown
pw.x               000000000089A338  Unknown               Unknown  Unknown
pw.x               0000000000898FC4  Unknown               Unknown  Unknown
pw.x               00000000009886C8  Unknown               Unknown  Unknown
pw.x               00000000007403B5  Unknown               Unknown  Unknown
pw.x               000000000073E411  Unknown               Unknown  Unknown
pw.x               000000000073C64E  Unknown               Unknown  Unknown
pw.x               000000000044429D  Unknown               Unknown  Unknown
pw.x               0000000000440478  Unknown               Unknown  Unknown
pw.x               000000000060058D  Unknown               Unknown  Unknown
pw.x               000000000043CD21  Unknown               Unknown  Unknown
pw.x               000000000043CB3D  Unknown               Unknown  Unknown
libc-2.28.so       000015554AA0FD85  __libc_start_main     Unknown  Unknown
pw.x               000000000043CA5E  Unknown               Unknown  Unknown
forrtl: error (78): process killed (SIGTERM)
Image              PC                Routine            Line        Source             
libpthread-2.28.s  00001555549ECCF0  Unknown               Unknown  Unknown
pw.x               000000000107CEEB  Unknown               Unknown  Unknown
pw.x               0000000000B8CAB0  Unknown               Unknown  Unknown
pw.x               0000000000940623  Unknown               Unknown  Unknown
pw.x               000000000089A338  Unknown               Unknown  Unknown
pw.x               0000000000898FC4  Unknown               Unknown  Unknown
pw.x               00000000009886C8  Unknown               Unknown  Unknown
pw.x               00000000007403B5  Unknown               Unknown  Unknown
pw.x               000000000073E411  Unknown               Unknown  Unknown
pw.x               000000000073C64E  Unknown               Unknown  Unknown
pw.x               000000000044429D  Unknown               Unknown  Unknown
pw.x               0000000000440478  Unknown               Unknown  Unknown
pw.x               000000000060058D  Unknown               Unknown  Unknown
pw.x               000000000043CD21  Unknown               Unknown  Unknown
pw.x               000000000043CB3D  Unknown               Unknown  Unknown
libc-2.28.so       000015554AA0FD85  __libc_start_main     Unknown  Unknown
pw.x               000000000043CA5E  Unknown               Unknown  Unknown
forrtl: error (78): process killed (SIGTERM)
Image              PC                Routine            Line        Source             
libpthread-2.28.s  00001555549ECCF0  Unknown               Unknown  Unknown
pw.x               00000000023D1F24  Unknown               Unknown  Unknown
pw.x               000000000139C82C  Unknown               Unknown  Unknown
pw.x               000000000120BB1A  DftiComputeForwar     Unknown  Unknown
pw.x               000000000120AB18  fftw_execute_dft      Unknown  Unknown
pw.x               0000000001053A8C  Unknown               Unknown  Unknown
pw.x               000000000103D5AA  Unknown               Unknown  Unknown
pw.x               0000000000B8C6B0  Unknown               Unknown  Unknown
pw.x               000000000094100B  Unknown               Unknown  Unknown
pw.x               000000000089A338  Unknown               Unknown  Unknown
pw.x               0000000000898FC4  Unknown               Unknown  Unknown
pw.x               00000000009886C8  Unknown               Unknown  Unknown
pw.x               00000000007403B5  Unknown               Unknown  Unknown
pw.x               000000000073E411  Unknown               Unknown  Unknown
pw.x               000000000073C64E  Unknown               Unknown  Unknown
pw.x               000000000044429D  Unknown               Unknown  Unknown
pw.x               0000000000440478  Unknown               Unknown  Unknown
pw.x               000000000060058D  Unknown               Unknown  Unknown
pw.x               000000000043CD21  Unknown               Unknown  Unknown
pw.x               000000000043CB3D  Unknown               Unknown  Unknown
libc-2.28.so       000015554AA0FD85  __libc_start_main     Unknown  Unknown
pw.x               000000000043CA5E  Unknown               Unknown  Unknown
forrtl: error (78): process killed (SIGTERM)
Image              PC                Routine            Line        Source             
libpthread-2.28.s  00001555549ECCF0  Unknown               Unknown  Unknown
libmkl_avx512.so.  00001551BE221D35  mkl_dft_avx512_sc     Unknown  Unknown
libmkl_avx512.so.  00001551BE50C284  mkl_dft_avx512_xz     Unknown  Unknown
libmkl_avx512.so.  00001551BE1FEB89  mkl_dft_avx512_co     Unknown  Unknown
pw.x               000000000120C68C  DftiComputeBackwa     Unknown  Unknown
pw.x               000000000120AB18  fftw_execute_dft      Unknown  Unknown
pw.x               0000000001053A59  Unknown               Unknown  Unknown
pw.x               000000000103CC91  Unknown               Unknown  Unknown
pw.x               0000000000B8C972  Unknown               Unknown  Unknown
pw.x               0000000000940623  Unknown               Unknown  Unknown
pw.x               000000000089A338  Unknown               Unknown  Unknown
pw.x               0000000000898FC4  Unknown               Unknown  Unknown
pw.x               00000000009886C8  Unknown               Unknown  Unknown
pw.x               00000000007403B5  Unknown               Unknown  Unknown
pw.x               000000000073E411  Unknown               Unknown  Unknown
pw.x               000000000073C64E  Unknown               Unknown  Unknown
pw.x               000000000044429D  Unknown               Unknown  Unknown
pw.x               0000000000440478  Unknown               Unknown  Unknown
pw.x               000000000060058D  Unknown               Unknown  Unknown
pw.x               000000000043CD21  Unknown               Unknown  Unknown
pw.x               000000000043CB3D  Unknown               Unknown  Unknown
libc-2.28.so       000015554AA0FD85  __libc_start_main     Unknown  Unknown
pw.x               000000000043CA5E  Unknown               Unknown  Unknown
